Archive member included to satisfy reference by file (symbol)

C:/ST/STM32CubeIDE_1.13.1/STM32CubeIDE/plugins/com.st.stm32cube.ide.mcu.externaltools.gnu-tools-for-stm32.12.3.rel1.win32_1.0.200.202406191623/tools/bin/../lib/gcc/arm-none-eabi/12.3.1/../../../../arm-none-eabi/lib/thumb/v6-m/nofp\libc_nano.a(libc_a-exit.o)
                              C:/ST/STM32CubeIDE_1.13.1/STM32CubeIDE/plugins/com.st.stm32cube.ide.mcu.externaltools.gnu-tools-for-stm32.12.3.rel1.win32_1.0.200.202406191623/tools/bin/../lib/gcc/arm-none-eabi/12.3.1/../../../../arm-none-eabi/lib/thumb/v6-m/nofp/crt0.o (exit)
C:/ST/STM32CubeIDE_1.13.1/STM32CubeIDE/plugins/com.st.stm32cube.ide.mcu.externaltools.gnu-tools-for-stm32.12.3.rel1.win32_1.0.200.202406191623/tools/bin/../lib/gcc/arm-none-eabi/12.3.1/../../../../arm-none-eabi/lib/thumb/v6-m/nofp\libc_nano.a(libc_a-findfp.o)
                              C:/ST/STM32CubeIDE_1.13.1/STM32CubeIDE/plugins/com.st.stm32cube.ide.mcu.externaltools.gnu-tools-for-stm32.12.3.rel1.win32_1.0.200.202406191623/tools/bin/../lib/gcc/arm-none-eabi/12.3.1/../../../../arm-none-eabi/lib/thumb/v6-m/nofp\libc_nano.a(libc_a-exit.o) (__stdio_exit_handler)
C:/ST/STM32CubeIDE_1.13.1/STM32CubeIDE/plugins/com.st.stm32cube.ide.mcu.externaltools.gnu-tools-for-stm32.12.3.rel1.win32_1.0.200.202406191623/tools/bin/../lib/gcc/arm-none-eabi/12.3.1/../../../../arm-none-eabi/lib/thumb/v6-m/nofp\libc_nano.a(libc_a-fwalk.o)
                              C:/ST/STM32CubeIDE_1.13.1/STM32CubeIDE/plugins/com.st.stm32cube.ide.mcu.externaltools.gnu-tools-for-stm32.12.3.rel1.win32_1.0.200.202406191623/tools/bin/../lib/gcc/arm-none-eabi/12.3.1/../../../../arm-none-eabi/lib/thumb/v6-m/nofp\libc_nano.a(libc_a-findfp.o) (_fwalk_sglue)
C:/ST/STM32CubeIDE_1.13.1/STM32CubeIDE/plugins/com.st.stm32cube.ide.mcu.externaltools.gnu-tools-for-stm32.12.3.rel1.win32_1.0.200.202406191623/tools/bin/../lib/gcc/arm-none-eabi/12.3.1/../../../../arm-none-eabi/lib/thumb/v6-m/nofp\libc_nano.a(libc_a-stdio.o)
                              C:/ST/STM32CubeIDE_1.13.1/STM32CubeIDE/plugins/com.st.stm32cube.ide.mcu.externaltools.gnu-tools-for-stm32.12.3.rel1.win32_1.0.200.202406191623/tools/bin/../lib/gcc/arm-none-eabi/12.3.1/../../../../arm-none-eabi/lib/thumb/v6-m/nofp\libc_nano.a(libc_a-findfp.o) (__sread)
C:/ST/STM32CubeIDE_1.13.1/STM32CubeIDE/plugins/com.st.stm32cube.ide.mcu.externaltools.gnu-tools-for-stm32.12.3.rel1.win32_1.0.200.202406191623/tools/bin/../lib/gcc/arm-none-eabi/12.3.1/../../../../arm-none-eabi/lib/thumb/v6-m/nofp\libc_nano.a(libc_a-memset.o)
                              C:/ST/STM32CubeIDE_1.13.1/STM32CubeIDE/plugins/com.st.stm32cube.ide.mcu.externaltools.gnu-tools-for-stm32.12.3.rel1.win32_1.0.200.202406191623/tools/bin/../lib/gcc/arm-none-eabi/12.3.1/../../../../arm-none-eabi/lib/thumb/v6-m/nofp/crt0.o (memset)
C:/ST/STM32CubeIDE_1.13.1/STM32CubeIDE/plugins/com.st.stm32cube.ide.mcu.externaltools.gnu-tools-for-stm32.12.3.rel1.win32_1.0.200.202406191623/tools/bin/../lib/gcc/arm-none-eabi/12.3.1/../../../../arm-none-eabi/lib/thumb/v6-m/nofp\libc_nano.a(libc_a-closer.o)
                              C:/ST/STM32CubeIDE_1.13.1/STM32CubeIDE/plugins/com.st.stm32cube.ide.mcu.externaltools.gnu-tools-for-stm32.12.3.rel1.win32_1.0.200.202406191623/tools/bin/../lib/gcc/arm-none-eabi/12.3.1/../../../../arm-none-eabi/lib/thumb/v6-m/nofp\libc_nano.a(libc_a-stdio.o) (_close_r)
C:/ST/STM32CubeIDE_1.13.1/STM32CubeIDE/plugins/com.st.stm32cube.ide.mcu.externaltools.gnu-tools-for-stm32.12.3.rel1.win32_1.0.200.202406191623/tools/bin/../lib/gcc/arm-none-eabi/12.3.1/../../../../arm-none-eabi/lib/thumb/v6-m/nofp\libc_nano.a(libc_a-reent.o)
                              C:/ST/STM32CubeIDE_1.13.1/STM32CubeIDE/plugins/com.st.stm32cube.ide.mcu.externaltools.gnu-tools-for-stm32.12.3.rel1.win32_1.0.200.202406191623/tools/bin/../lib/gcc/arm-none-eabi/12.3.1/../../../../arm-none-eabi/lib/thumb/v6-m/nofp\libc_nano.a(libc_a-closer.o) (errno)
C:/ST/STM32CubeIDE_1.13.1/STM32CubeIDE/plugins/com.st.stm32cube.ide.mcu.externaltools.gnu-tools-for-stm32.12.3.rel1.win32_1.0.200.202406191623/tools/bin/../lib/gcc/arm-none-eabi/12.3.1/../../../../arm-none-eabi/lib/thumb/v6-m/nofp\libc_nano.a(libc_a-impure.o)
                              C:/ST/STM32CubeIDE_1.13.1/STM32CubeIDE/plugins/com.st.stm32cube.ide.mcu.externaltools.gnu-tools-for-stm32.12.3.rel1.win32_1.0.200.202406191623/tools/bin/../lib/gcc/arm-none-eabi/12.3.1/../../../../arm-none-eabi/lib/thumb/v6-m/nofp\libc_nano.a(libc_a-reent.o) (_impure_ptr)
C:/ST/STM32CubeIDE_1.13.1/STM32CubeIDE/plugins/com.st.stm32cube.ide.mcu.externaltools.gnu-tools-for-stm32.12.3.rel1.win32_1.0.200.202406191623/tools/bin/../lib/gcc/arm-none-eabi/12.3.1/../../../../arm-none-eabi/lib/thumb/v6-m/nofp\libc_nano.a(libc_a-lseekr.o)
[...]
Memory Configuration

Name             Origin             Length             Attributes
RAM              0x20000000         0x00024000         xrw
FLASH            0x08000000         0x00020000         xr
*default*        0x00000000         0xffffffff

Linker script and memory map

LOAD C:/ST/STM32CubeIDE_1.13.1/STM32CubeIDE/plugins/com.st.stm32cube.ide.mcu.externaltools.gnu-tools-for-stm32.12.3.rel1.win32_1.0.200.202406191623/tools/bin/../lib/gcc/arm-none-eabi/12.3.1/thumb/v6-m/nofp/crti.o
LOAD C:/ST/STM32CubeIDE_1.13.1/STM32CubeIDE/plugins/com.st.stm32cube.ide.mcu.externaltools.gnu-tools-for-stm32.12.3.rel1.win32_1.0.200.202406191623/tools/bin/../lib/gcc/arm-none-eabi/12.3.1/thumb/v6-m/nofp/crtbegin.o
LOAD C:/ST/STM32CubeIDE_1.13.1/STM32CubeIDE/plugins/com.st.stm32cube.ide.mcu.externaltools.gnu-tools-for-stm32.12.3.rel1.win32_1.0.200.202406191623/tools/bin/../lib/gcc/arm-none-eabi/12.3.1/../../../../arm-none-eabi/lib/thumb/v6-m/nofp/crt0.o
LOAD ./Core/Src/main.o
LOAD ./Core/Src/stm32g0xx_hal_msp.o
LOAD ./Core/Src/stm32g0xx_it.o
LOAD ./Core/Src/syscalls.o
LOAD ./Core/Src/sysmem.o
LOAD ./Core/Src/system_stm32g0xx.o
LOAD ./Core/Startup/startup_stm32g0b1kbtx.o
LOAD ./Drivers/STM32G0xx_HAL_Driver/Src/stm32g0xx_hal.o
LOAD ./Drivers/STM32G0xx_HAL_Driver/Src/stm32g0xx_hal_cortex.o
LOAD ./Drivers/STM32G0xx_HAL_Driver/Src/stm32g0xx_hal_dma.o
LOAD ./Drivers/STM32G0xx_HAL_Driver/Src/stm32g0xx_hal_dma_ex.o
LOAD ./Drivers/STM32G0xx_HAL_Driver/Src/stm32g0xx_hal_exti.o
LOAD ./Drivers/STM32G0xx_HAL_Driver/Src/stm32g0xx_hal_fdcan.o
LOAD ./Drivers/STM32G0xx_HAL_Driver/Src/stm32g0xx_hal_flash.o
LOAD ./Drivers/STM32G0xx_HAL_Driver/Src/stm32g0xx_hal_flash_ex.o
LOAD ./Drivers/STM32G0xx_HAL_Driver/Src/stm32g0xx_hal_gpio.o
LOAD ./Drivers/STM32G0xx_HAL_Driver/Src/stm32g0xx_hal_pcd.o
LOAD ./Drivers/STM32G0xx_HAL_Driver/Src/stm32g0xx_hal_pcd_ex.o
LOAD ./Drivers/STM32G0xx_HAL_Driver/Src/stm32g0xx_hal_pwr.o
LOAD ./Drivers/STM32G0xx_HAL_Driver/Src/stm32g0xx_hal_pwr_ex.o
LOAD ./Drivers/STM32G0xx_HAL_Driver/Src/stm32g0xx_hal_rcc.o
LOAD ./Drivers/STM32G0xx_HAL_Driver/Src/stm32g0xx_hal_rcc_ex.o
LOAD ./Drivers/STM32G0xx_HAL_Driver/Src/stm32g0xx_hal_tim.o
LOAD ./Drivers/STM32G0xx_HAL_Driver/Src/stm32g0xx_hal_tim_ex.o
LOAD ./Drivers/STM32G0xx_HAL_Driver/Src/stm32g0xx_ll_rcc.o
LOAD ./Drivers/STM32G0xx_HAL_Driver/Src/stm32g0xx_ll_usb.o
LOAD ./Middlewares/ST/STM32_USB_Device_Library/Class/CDC/Src/usbd_cdc.o
LOAD ./Middlewares/ST/STM32_USB_Device_Library/Core/Src/usbd_core.o
LOAD ./Middlewares/ST/STM32_USB_Device_Library/Core/Src/usbd_ctlreq.o
LOAD ./Middlewares/ST/STM32_USB_Device_Library/Core/Src/usbd_ioreq.o
LOAD ./USB_Device/App/usb_device.o
LOAD ./USB_Device/App/usbd_cdc_if.o
LOAD ./USB_Device/App/usbd_desc.o
LOAD ./USB_Device/Target/usbd_conf.o
START GROUP
LOAD C:/ST/STM32CubeIDE_1.13.1/STM32CubeIDE/plugins/com.st.stm32cube.ide.mcu.externaltools.gnu-tools-for-stm32.12.3.rel1.win32_1.0.200.202406191623/tools/bin/../lib/gcc/arm-none-eabi/12.3.1/../../../../arm-none-eabi/lib/thumb/v6-m/nofp\libc_nano.a
LOAD C:/ST/STM32CubeIDE_1.13.1/STM32CubeIDE/plugins/com.st.stm32cube.ide.mcu.externaltools.gnu-tools-for-stm32.12.3.rel1.win32_1.0.200.202406191623/tools/bin/../lib/gcc/arm-none-eabi/12.3.1/../../../../arm-none-eabi/lib/thumb/v6-m/nofp\libm.a
END GROUP
START GROUP
LOAD C:/ST/STM32CubeIDE_1.13.1/STM32CubeIDE/plugins/com.st.stm32cube.ide.mcu.externaltools.gnu-tools-for-stm32.12.3.rel1.win32_1.0.200.202406191623/tools/bin/../lib/gcc/arm-none-eabi/12.3.1/thumb/v6-m/nofp\libgcc.a
LOAD C:/ST/STM32CubeIDE_1.13.1/STM32CubeIDE/plugins/com.st.stm32cube.ide.mcu.externaltools.gnu-tools-for-stm32.12.3.rel1.win32_1.0.200.202406191623/tools/bin/../lib/gcc/arm-none-eabi/12.3.1/../../../../arm-none-eabi/lib/thumb/v6-m/nofp\libc_nano.a
END GROUP
START GROUP
LOAD C:/ST/STM32CubeIDE_1.13.1/STM32CubeIDE/plugins/com.st.stm32cube.ide.mcu.externaltools.gnu-tools-for-stm32.12.3.rel1.win32_1.0.200.202406191623/tools/bin/../lib/gcc/arm-none-eabi/12.3.1/thumb/v6-m/nofp\libgcc.a
LOAD C:/ST/STM32CubeIDE_1.13.1/STM32CubeIDE/plugins/com.st.stm32cube.ide.mcu.externaltools.gnu-tools-for-stm32.12.3.rel1.win32_1.0.200.202406191623/tools/bin/../lib/gcc/arm-none-eabi/12.3.1/../../../../arm-none-eabi/lib/thumb/v6-m/nofp\libc_nano.a
LOAD C:/ST/STM32CubeIDE_1.13.1/STM32CubeIDE/plugins/com.st.stm32cube.ide.mcu.externaltools.gnu-tools-for-stm32.12.3.rel1.win32_1.0.200.202406191623/tools/bin/../lib/gcc/arm-none-eabi/12.3.1/../../../../arm-none-eabi/lib/thumb/v6-m/nofp\libnosys.a
END GROUP
START GROUP
LOAD C:/ST/STM32CubeIDE_1.13.1/STM32CubeIDE/plugins/com.st.stm32cube.ide.mcu.externaltools.gnu-tools-for-stm32.12.3.rel1.win32_1.0.200.202406191623/tools/bin/../lib/gcc/arm-none-eabi/12.3.1/thumb/v6-m/nofp\libgcc.a
LOAD C:/ST/STM32CubeIDE_1.13.1/STM32CubeIDE/plugins/com.st.stm32cube.ide.mcu.externaltools.gnu-tools-for-stm32.12.3.rel1.win32_1.0.200.202406191623/tools/bin/../lib/gcc/arm-none-eabi/12.3.1/../../../../arm-none-eabi/lib/thumb/v6-m/nofp\libc_nano.a
LOAD C:/ST/STM32CubeIDE_1.13.1/STM32CubeIDE/plugins/com.st.stm32cube.ide.mcu.externaltools.gnu-tools-for-stm32.12.3.rel1.win32_1.0.200.202406191623/tools/bin/../lib/gcc/arm-none-eabi/12.3.1/../../../../arm-none-eabi/lib/thumb/v6-m/nofp\libnosys.a
END GROUP
LOAD C:/ST/STM32CubeIDE_1.13.1/STM32CubeIDE/plugins/com.st.stm32cube.ide.mcu.externaltools.gnu-tools-for-stm32.12.3.rel1.win32_1.0.200.202406191623/tools/bin/../lib/gcc/arm-none-eabi/12.3.1/thumb/v6-m/nofp/crtend.o
LOAD C:/ST/STM32CubeIDE_1.13.1/STM32CubeIDE/plugins/com.st.stm32cube.ide.mcu.externaltools.gnu-tools-for-stm32.12.3.rel1.win32_1.0.200.202406191623/tools/bin/../lib/gcc/arm-none-eabi/12.3.1/thumb/v6-m/nofp/crtn.o
                0x20024000                        _estack = (ORIGIN (RAM) + LENGTH (RAM))
                0x00000200                        _Min_Heap_Size = 0x200
                0x00000400                        _Min_Stack_Size = 0x400

.isr_vector     0x08000000       0xbc
                0x08000000                        . = ALIGN (0x4)
 *(.isr_vector)
 .isr_vector    0x08000000       0xbc ./Core/Startup/startup_stm32g0b1kbtx.o
                0x08000000                g_pfnVectors
                0x080000bc                        . = ALIGN (0x4)

.text           0x080000bc     0x55fc
                0x080000bc                        . = ALIGN (0x4)
 *(.text)
 .text          0x080000bc       0x48 C:/ST/STM32CubeIDE_1.13.1/STM32CubeIDE/plugins/com.st.stm32cube.ide.mcu.externaltools.gnu-tools-for-stm32.12.3.rel1.win32_1.0.200.202406191623/tools/bin/../lib/gcc/arm-none-eabi/12.3.1/thumb/v6-m/nofp/crtbegin.o
 .text          0x08000104      0x114 C:/ST/STM32CubeIDE_1.13.1/STM32CubeIDE/plugins/com.st.stm32cube.ide.mcu.externaltools.gnu-tools-for-stm32.12.3.rel1.win32_1.0.200.202406191623/tools/bin/../lib/gcc/arm-none-eabi/12.3.1/thumb/v6-m/nofp\libgcc.a(_udivsi3.o)
                0x08000104                __aeabi_uidiv
                0x08000104                __udivsi3
                0x08000210                __aeabi_uidivmod
 .text          0x08000218        0x4 C:/ST/STM32CubeIDE_1.13.1/STM32CubeIDE/plugins/com.st.stm32cube.ide.mcu.externaltools.gnu-tools-for-stm32.12.3.rel1.win32_1.0.200.202406191623/tools/bin/../lib/gcc/arm-none-eabi/12.3.1/thumb/v6-m/nofp\libgcc.a(_dvmd_tls.o)
                0x08000218                __aeabi_idiv0
                0x08000218                __aeabi_ldiv0
 *(.text*)
 .text.main     0x0800021c       0x1c ./Core/Src/main.o
                0x0800021c                main
 .text.SystemClock_Config
                0x08000238       0x98 ./Core/Src/main.o
                0x08000238                SystemClock_Config
 .text.MX_FDCAN2_Init
                0x080002d0       0x90 ./Core/Src/main.o
 .text.MX_GPIO_Init
                0x08000360       0x88 ./Core/Src/main.o
 .text.Error_Handler
                0x080003e8        0xc ./Core/Src/main.o
                0x080003e8                Error_Handler
 .text.HAL_MspInit
                0x080003f4       0x60 ./Core/Src/stm32g0xx_hal_msp.o
                0x080003f4                HAL_MspInit
 .text.HAL_FDCAN_MspInit
                0x08000454       0xc4 ./Core/Src/stm32g0xx_hal_msp.o
                0x08000454                HAL_FDCAN_MspInit
 .text.NMI_Handler
                0x08000518        0x8 ./Core/Src/stm32g0xx_it.o
                0x08000518                NMI_Handler
 .text.HardFault_Handler
                0x08000520        0x8 ./Core/Src/stm32g0xx_it.o
                0x08000520                HardFault_Handler
 .text.SVC_Handler
                0x08000528        0xa ./Core/Src/stm32g0xx_it.o
                0x08000528                SVC_Handler
 .text.PendSV_Handler
                0x08000532        0xa ./Core/Src/stm32g0xx_it.o
                0x08000532                PendSV_Handler
 .text.SysTick_Handler
                0x0800053c        0xe ./Core/Src/stm32g0xx_it.o
                0x0800053c                SysTick_Handler
 .text.SystemInit
                0x0800054a        0xa ./Core/Src/system_stm32g0xx.o
                0x0800054a                SystemInit
 .text.Reset_Handler
                0x08000554       0x50 ./Core/Startup/startup_stm32g0b1kbtx.o
                0x08000554                Reset_Handler
 .text.Default_Handler
                0x080005a4        0x2 ./Core/Startup/startup_stm32g0b1kbtx.o
                0x080005a4                I2C2_3_IRQHandler
                0x080005a4                USART3_4_5_6_LPUART1_IRQHandler
                0x080005a4                TIM1_CC_IRQHandler
                0x080005a4                ADC1_COMP_IRQHandler
                0x080005a4                I2C1_IRQHandler
                0x080005a4                TIM7_LPTIM2_IRQHandler
                0x080005a4                TIM17_FDCAN_IT1_IRQHandler
                0x080005a4                DMA1_Ch4_7_DMA2_Ch1_5_DMAMUX1_OVR_IRQHandler
                0x080005a4                RCC_CRS_IRQHandler
                0x080005a4                RTC_TAMP_IRQHandler
                0x080005a4                SPI1_IRQHandler
                0x080005a4                USB_UCPD1_2_IRQHandler
                0x080005a4                EXTI2_3_IRQHandler
                0x080005a4                USART2_LPUART2_IRQHandler
                0x080005a4                PVD_VDDIO2_IRQHandler
                0x080005a4                EXTI4_15_IRQHandler
                0x080005a4                DMA1_Channel1_IRQHandler
                0x080005a4                Default_Handler
                0x080005a4                CEC_IRQHandler
                0x080005a4                TIM14_IRQHandler
                0x080005a4                TIM15_IRQHandler
                0x080005a4                TIM3_TIM4_IRQHandler
                0x080005a4                EXTI0_1_IRQHandler
                0x080005a4                SPI2_3_IRQHandler
                0x080005a4                TIM6_DAC_LPTIM1_IRQHandler
                0x080005a4                WWDG_IRQHandler
                0x080005a4                TIM2_IRQHandler
                0x080005a4                DMA1_Channel2_3_IRQHandler
                0x080005a4                FLASH_IRQHandler
                0x080005a4                USART1_IRQHandler
                0x080005a4                TIM16_FDCAN_IT0_IRQHandler
                0x080005a4                TIM1_BRK_UP_TRG_COM_IRQHandler
 *fill*         0x080005a6        0x2 
 .text.HAL_Init
                0x080005a8       0x40 ./Drivers/STM32G0xx_HAL_Driver/Src/stm32g0xx_hal.o
                0x080005a8                HAL_Init
 .text.HAL_InitTick
                0x080005e8       0x94 ./Drivers/STM32G0xx_HAL_Driver/Src/stm32g0xx_hal.o
                0x080005e8                HAL_InitTick
 .text.HAL_IncTick
                0x0800067c       0x24 ./Drivers/STM32G0xx_HAL_Driver/Src/stm32g0xx_hal.o
                0x0800067c                HAL_IncTick
 .text.HAL_GetTick
                0x080006a0       0x14 ./Drivers/STM32G0xx_HAL_Driver/Src/stm32g0xx_hal.o
                0x080006a0                HAL_GetTick
 .text.HAL_SYSCFG_StrobeDBattpinsConfig
                0x080006b4       0x2c ./Drivers/STM32G0xx_HAL_Driver/Src/stm32g0xx_hal.o
                0x080006b4                HAL_SYSCFG_StrobeDBattpinsConfig
 .text.__NVIC_EnableIRQ
                0x080006e0       0x34 ./Drivers/STM32G0xx_HAL_Driver/Src/stm32g0xx_hal_cortex.o
 .text.__NVIC_SetPriority
                0x08000714       0xdc ./Drivers/STM32G0xx_HAL_Driver/Src/stm32g0xx_hal_cortex.o
 .text.SysTick_Config
                0x080007f0       0x48 ./Drivers/STM32G0xx_HAL_Driver/Src/stm32g0xx_hal_cortex.o
 .text.HAL_NVIC_SetPriority
                0x08000838       0x2a ./Drivers/STM32G0xx_HAL_Driver/Src/stm32g0xx_hal_cortex.o
                0x08000838                HAL_NVIC_SetPriority
 .text.HAL_NVIC_EnableIRQ
                0x08000862       0x20 ./Drivers/STM32G0xx_HAL_Driver/Src/stm32g0xx_hal_cortex.o
                0x08000862                HAL_NVIC_EnableIRQ
 .text.HAL_SYSTICK_Config
                0x08000882       0x1a ./Drivers/STM32G0xx_HAL_Driver/Src/stm32g0xx_hal_cortex.o
                0x08000882                HAL_SYSTICK_Config
 .text.HAL_FDCAN_Init
                0x0800089c      0x2cc ./Drivers/STM32G0xx_HAL_Driver/Src/stm32g0xx_hal_fdcan.o
                0x0800089c                HAL_FDCAN_Init
 .text.FDCAN_CalcultateRamBlockAddresses
                0x08000b68       0xd8 ./Drivers/STM32G0xx_HAL_Driver/Src/stm32g0xx_hal_fdcan.o
 .text.HAL_GPIO_Init
                0x08000c40      0x2d8 ./Drivers/STM32G0xx_HAL_Driver/Src/stm32g0xx_hal_gpio.o
                0x08000c40                HAL_GPIO_Init
 .text.HAL_GPIO_WritePin
                0x08000f18       0x3a ./Drivers/STM32G0xx_HAL_Driver/Src/stm32g0xx_hal_gpio.o
                0x08000f18                HAL_GPIO_WritePin
 *fill*         0x08000f52        0x2 
 .text.HAL_PCD_Init
                0x08000f54      0x1f4 ./Drivers/STM32G0xx_HAL_Driver/Src/stm32g0xx_hal_pcd.o
                0x08000f54                HAL_PCD_Init
 .text.HAL_PCD_Start
                0x08001148       0x4a ./Drivers/STM32G0xx_HAL_Driver/Src/stm32g0xx_hal_pcd.o
                0x08001148                HAL_PCD_Start
 .text.HAL_PCD_EP_Open
                0x08001192       0xe2 ./Drivers/STM32G0xx_HAL_Driver/Src/stm32g0xx_hal_pcd.o
                0x08001192                HAL_PCD_EP_Open
 .text.HAL_PCD_EP_Close
                0x08001274       0xa6 ./Drivers/STM32G0xx_HAL_Driver/Src/stm32g0xx_hal_pcd.o
                0x08001274                HAL_PCD_EP_Close
 .text.HAL_PCD_EP_Receive
                0x0800131a       0x70 ./Drivers/STM32G0xx_HAL_Driver/Src/stm32g0xx_hal_pcd.o
                0x0800131a                HAL_PCD_EP_Receive
 .text.HAL_PCD_EP_GetRxCount
                0x0800138a       0x32 ./Drivers/STM32G0xx_HAL_Driver/Src/stm32g0xx_hal_pcd.o
                0x0800138a                HAL_PCD_EP_GetRxCount
 .text.HAL_PCD_EP_Transmit
                0x080013bc       0x7a ./Drivers/STM32G0xx_HAL_Driver/Src/stm32g0xx_hal_pcd.o
                0x080013bc                HAL_PCD_EP_Transmit
 .text.HAL_PCD_EP_SetStall
                0x08001436       0xbc ./Drivers/STM32G0xx_HAL_Driver/Src/stm32g0xx_hal_pcd.o
                0x08001436                HAL_PCD_EP_SetStall
 .text.HAL_PCDEx_PMAConfig
                0x080014f2       0xa0 ./Drivers/STM32G0xx_HAL_Driver/Src/stm32g0xx_hal_pcd_ex.o
                0x080014f2                HAL_PCDEx_PMAConfig
 .text.HAL_PCDEx_ActivateLPM
                0x08001592       0x44 ./Drivers/STM32G0xx_HAL_Driver/Src/stm32g0xx_hal_pcd_ex.o
                0x08001592                HAL_PCDEx_ActivateLPM
 *fill*         0x080015d6        0x2 
 .text.HAL_PWREx_EnableVddUSB
                0x080015d8       0x1c ./Drivers/STM32G0xx_HAL_Driver/Src/stm32g0xx_hal_pwr_ex.o
                0x080015d8                HAL_PWREx_EnableVddUSB
 .text.HAL_PWREx_ControlVoltageScaling
                0x080015f4       0x80 ./Drivers/STM32G0xx_HAL_Driver/Src/stm32g0xx_hal_pwr_ex.o
                0x080015f4                HAL_PWREx_ControlVoltageScaling
 .text.HAL_RCC_OscConfig
                0x08001674      0x6c0 ./Drivers/STM32G0xx_HAL_Driver/Src/stm32g0xx_hal_rcc.o
                0x08001674                HAL_RCC_OscConfig
 .text.HAL_RCC_ClockConfig
                0x08001d34      0x210 ./Drivers/STM32G0xx_HAL_Driver/Src/stm32g0xx_hal_rcc.o
                0x08001d34                HAL_RCC_ClockConfig
 .text.HAL_RCC_GetSysClockFreq
                0x08001f44      0x104 ./Drivers/STM32G0xx_HAL_Driver/Src/stm32g0xx_hal_rcc.o
                0x08001f44                HAL_RCC_GetSysClockFreq
 .text.HAL_RCCEx_PeriphCLKConfig
                0x08002048      0x478 ./Drivers/STM32G0xx_HAL_Driver/Src/stm32g0xx_hal_rcc_ex.o
                0x08002048                HAL_RCCEx_PeriphCLKConfig
 .text.USB_EnableGlobalInt
                0x080024c0       0x28 ./Drivers/STM32G0xx_HAL_Driver/Src/stm32g0xx_ll_usb.o
                0x080024c0                USB_EnableGlobalInt
 .text.USB_DisableGlobalInt
                0x080024e8       0x28 ./Drivers/STM32G0xx_HAL_Driver/Src/stm32g0xx_ll_usb.o
                0x080024e8                USB_DisableGlobalInt
 .text.USB_SetCurrentMode
                0x08002510       0x4a ./Drivers/STM32G0xx_HAL_Driver/Src/stm32g0xx_ll_usb.o
                0x08002510                USB_SetCurrentMode
 .text.USB_DevInit
                0x0800255a       0x56 ./Drivers/STM32G0xx_HAL_Driver/Src/stm32g0xx_ll_usb.o
                0x0800255a                USB_DevInit
 .text.USB_ActivateEndpoint
                0x080025b0      0x668 ./Drivers/STM32G0xx_HAL_Driver/Src/stm32g0xx_ll_usb.o
                0x080025b0                USB_ActivateEndpoint
 .text.USB_DeactivateEndpoint
                0x08002c18      0x2cc ./Drivers/STM32G0xx_HAL_Driver/Src/stm32g0xx_ll_usb.o
                0x08002c18                USB_DeactivateEndpoint
 .text.USB_EPStartXfer
                0x08002ee4     0x102c ./Drivers/STM32G0xx_HAL_Driver/Src/stm32g0xx_ll_usb.o
                0x08002ee4                USB_EPStartXfer
 .text.USB_EPSetStall
                0x08003f10       0x84 ./Drivers/STM32G0xx_HAL_Driver/Src/stm32g0xx_ll_usb.o
                0x08003f10                USB_EPSetStall
 .text.USB_DevConnect
                0x08003f94       0x20 ./Drivers/STM32G0xx_HAL_Driver/Src/stm32g0xx_ll_usb.o
                0x08003f94                USB_DevConnect
 .text.USB_WritePMA
                0x08003fb4       0xec ./Drivers/STM32G0xx_HAL_Driver/Src/stm32g0xx_ll_usb.o
                0x08003fb4                USB_WritePMA
 .text.USBD_CDC_Init
                0x080040a0      0x220 ./Middlewares/ST/STM32_USB_Device_Library/Class/CDC/Src/usbd_cdc.o
 .text.USBD_CDC_DeInit
                0x080042c0      0x120 ./Middlewares/ST/STM32_USB_Device_Library/Class/CDC/Src/usbd_cdc.o
 .text.USBD_CDC_Setup
                0x080043e0      0x1f0 ./Middlewares/ST/STM32_USB_Device_Library/Class/CDC/Src/usbd_cdc.o
 .text.USBD_CDC_DataIn
                0x080045d0      0x11e ./Middlewares/ST/STM32_USB_Device_Library/Class/CDC/Src/usbd_cdc.o
 .text.USBD_CDC_DataOut
                0x080046ee       0x86 ./Middlewares/ST/STM32_USB_Device_Library/Class/CDC/Src/usbd_cdc.o
 .text.USBD_CDC_EP0_RxReady
                0x08004774       0x88 ./Middlewares/ST/STM32_USB_Device_Library/Class/CDC/Src/usbd_cdc.o
 .text.USBD_CDC_GetFSCfgDesc
                0x080047fc       0x90 ./Middlewares/ST/STM32_USB_Device_Library/Class/CDC/Src/usbd_cdc.o
 .text.USBD_CDC_GetHSCfgDesc
                0x0800488c       0x90 ./Middlewares/ST/STM32_USB_Device_Library/Class/CDC/Src/usbd_cdc.o
 .text.USBD_CDC_GetOtherSpeedCfgDesc
                0x0800491c       0x90 ./Middlewares/ST/STM32_USB_Device_Library/Class/CDC/Src/usbd_cdc.o
 .text.USBD_CDC_GetDeviceQualifierDescriptor
                0x080049ac       0x1c ./Middlewares/ST/STM32_USB_Device_Library/Class/CDC/Src/usbd_cdc.o
                0x080049ac                USBD_CDC_GetDeviceQualifierDescriptor
 .text.USBD_CDC_RegisterInterface
                0x080049c8       0x34 ./Middlewares/ST/STM32_USB_Device_Library/Class/CDC/Src/usbd_cdc.o
                0x080049c8                USBD_CDC_RegisterInterface
 .text.USBD_CDC_SetTxBuffer
                0x080049fc       0x46 ./Middlewares/ST/STM32_USB_Device_Library/Class/CDC/Src/usbd_cdc.o
                0x080049fc                USBD_CDC_SetTxBuffer
 .text.USBD_CDC_SetRxBuffer
                0x08004a42       0x3a ./Middlewares/ST/STM32_USB_Device_Library/Class/CDC/Src/usbd_cdc.o
                0x08004a42                USBD_CDC_SetRxBuffer
 .text.USBD_CDC_ReceivePacket
                0x08004a7c       0x74 ./Middlewares/ST/STM32_USB_Device_Library/Class/CDC/Src/usbd_cdc.o
                0x08004a7c                USBD_CDC_ReceivePacket
 .text.USBD_Init
                0x08004af0       0x74 ./Middlewares/ST/STM32_USB_Device_Library/Core/Src/usbd_core.o
                0x08004af0                USBD_Init
 .text.USBD_RegisterClass
                0x08004b64       0x7c ./Middlewares/ST/STM32_USB_Device_Library/Core/Src/usbd_core.o
                0x08004b64                USBD_RegisterClass
 .text.USBD_Start
                0x08004be0       0x1a ./Middlewares/ST/STM32_USB_Device_Library/Core/Src/usbd_core.o
                0x08004be0                USBD_Start
 .text.USBD_GetEpDesc
                0x08004bfa       0x8e ./Middlewares/ST/STM32_USB_Device_Library/Core/Src/usbd_core.o
                0x08004bfa                USBD_GetEpDesc
 .text.USBD_GetNextDesc
                0x08004c88       0x34 ./Middlewares/ST/STM32_USB_Device_Library/Core/Src/usbd_core.o
                0x08004c88                USBD_GetNextDesc
 .text.USBD_CtlError
                0x08004cbc       0x26 ./Middlewares/ST/STM32_USB_Device_Library/Core/Src/usbd_ctlreq.o
                0x08004cbc                USBD_CtlError
 .text.USBD_GetString
                0x08004ce2       0xac ./Middlewares/ST/STM32_USB_Device_Library/Core/Src/usbd_ctlreq.o
                0x08004ce2                USBD_GetString
 .text.USBD_GetLen
                0x08004d8e       0x3e ./Middlewares/ST/STM32_USB_Device_Library/Core/Src/usbd_ctlreq.o
 .text.USBD_CtlSendData
                0x08004dcc       0x38 ./Middlewares/ST/STM32_USB_Device_Library/Core/Src/usbd_ioreq.o
                0x08004dcc                USBD_CtlSendData
 .text.USBD_CtlPrepareRx
                0x08004e04       0x40 ./Middlewares/ST/STM32_USB_Device_Library/Core/Src/usbd_ioreq.o
                0x08004e04                USBD_CtlPrepareRx
 .text.MX_USB_Device_Init
                0x08004e44       0x68 ./USB_Device/App/usb_device.o
                0x08004e44                MX_USB_Device_Init
 .text.CDC_Init_FS
                0x08004eac       0x30 ./USB_Device/App/usbd_cdc_if.o
 .text.CDC_DeInit_FS
                0x08004edc        0xc ./USB_Device/App/usbd_cdc_if.o
 .text.CDC_Control_FS
                0x08004ee8       0x38 ./USB_Device/App/usbd_cdc_if.o
 .text.CDC_Receive_FS
                0x08004f20       0x2c ./USB_Device/App/usbd_cdc_if.o
 .text.CDC_TransmitCplt_FS
                0x08004f4c       0x24 ./USB_Device/App/usbd_cdc_if.o
 .text.USBD_CDC_DeviceDescriptor
                0x08004f70       0x24 ./USB_Device/App/usbd_desc.o
                0x08004f70                USBD_CDC_DeviceDescriptor
 .text.USBD_CDC_LangIDStrDescriptor
                0x08004f94       0x24 ./USB_Device/App/usbd_desc.o
                0x08004f94                USBD_CDC_LangIDStrDescriptor
 .text.USBD_CDC_ProductStrDescriptor
                0x08004fb8       0x44 ./USB_Device/App/usbd_desc.o
                0x08004fb8                USBD_CDC_ProductStrDescriptor
 .text.USBD_CDC_ManufacturerStrDescriptor
                0x08004ffc       0x2c ./USB_Device/App/usbd_desc.o
                0x08004ffc                USBD_CDC_ManufacturerStrDescriptor
 .text.USBD_CDC_SerialStrDescriptor
                0x08005028       0x28 ./USB_Device/App/usbd_desc.o
                0x08005028                USBD_CDC_SerialStrDescriptor
 .text.USBD_CDC_ConfigStrDescriptor
                0x08005050       0x44 ./USB_Device/App/usbd_desc.o
                0x08005050                USBD_CDC_ConfigStrDescriptor
 .text.USBD_CDC_InterfaceStrDescriptor
                0x08005094       0x44 ./USB_Device/App/usbd_desc.o
                0x08005094                USBD_CDC_InterfaceStrDescriptor
 .text.Get_SerialNum
                0x080050d8       0x5c ./USB_Device/App/usbd_desc.o
 .text.IntToUnicode
                0x08005134       0x96 ./USB_Device/App/usbd_desc.o
 *fill*         0x080051ca        0x2 
 .text.HAL_PCD_MspInit
                0x080051cc       0xb0 ./USB_Device/Target/usbd_conf.o
                0x080051cc                HAL_PCD_MspInit
 .text.USBD_LL_Init
                0x0800527c       0xe4 ./USB_Device/Target/usbd_conf.o
                0x0800527c                USBD_LL_Init
 .text.USBD_LL_Start
                0x08005360       0x4a ./USB_Device/Target/usbd_conf.o
                0x08005360                USBD_LL_Start
 .text.USBD_LL_OpenEP
                0x080053aa       0x6e ./USB_Device/Target/usbd_conf.o
                0x080053aa                USBD_LL_OpenEP
 .text.USBD_LL_CloseEP
                0x08005418       0x56 ./USB_Device/Target/usbd_conf.o
                0x08005418                USBD_LL_CloseEP
 .text.USBD_LL_StallEP
                0x0800546e       0x56 ./USB_Device/Target/usbd_conf.o
                0x0800546e                USBD_LL_StallEP
 .text.USBD_LL_Transmit
                0x080054c4       0x60 ./USB_Device/Target/usbd_conf.o
                0x080054c4                USBD_LL_Transmit
 .text.USBD_LL_PrepareReceive
                0x08005524       0x60 ./USB_Device/Target/usbd_conf.o
                0x08005524                USBD_LL_PrepareReceive
 .text.USBD_LL_GetRxDataSize
                0x08005584       0x2c ./USB_Device/Target/usbd_conf.o
                0x08005584                USBD_LL_GetRxDataSize
 .text.USBD_static_malloc
                0x080055b0       0x18 ./USB_Device/Target/usbd_conf.o
                0x080055b0                USBD_static_malloc
 .text.USBD_static_free
                0x080055c8       0x10 ./USB_Device/Target/usbd_conf.o
                0x080055c8                USBD_static_free
 .text.USBD_Get_USB_Status
                0x080055d8       0x6e ./USB_Device/Target/usbd_conf.o
 .text.memset   0x08005646       0x10 C:/ST/STM32CubeIDE_1.13.1/STM32CubeIDE/plugins/com.st.stm32cube.ide.mcu.externaltools.gnu-tools-for-stm32.12.3.rel1.win32_1.0.200.202406191623/tools/bin/../lib/gcc/arm-none-eabi/12.3.1/../../../../arm-none-eabi/lib/thumb/v6-m/nofp\libc_nano.a(libc_a-memset.o)
                0x08005646                memset
 *fill*         0x08005656        0x2 
 .text.__libc_init_array
                0x08005658       0x48 C:/ST/STM32CubeIDE_1.13.1/STM32CubeIDE/plugins/com.st.stm32cube.ide.mcu.externaltools.gnu-tools-for-stm32.12.3.rel1.win32_1.0.200.202406191623/tools/bin/../lib/gcc/arm-none-eabi/12.3.1/../../../../arm-none-eabi/lib/thumb/v6-m/nofp\libc_nano.a(libc_a-init.o)
                0x08005658                __libc_init_array
 *(.glue_7)
 .glue_7        0x080056a0        0x0 linker stubs
 *(.glue_7t)
 .glue_7t       0x080056a0        0x0 linker stubs
 *(.eh_frame)
 .eh_frame      0x080056a0        0x0 C:/ST/STM32CubeIDE_1.13.1/STM32CubeIDE/plugins/com.st.stm32cube.ide.mcu.externaltools.gnu-tools-for-stm32.12.3.rel1.win32_1.0.200.202406191623/tools/bin/../lib/gcc/arm-none-eabi/12.3.1/thumb/v6-m/nofp/crtbegin.o
 *(.init)
 .init          0x080056a0        0x4 C:/ST/STM32CubeIDE_1.13.1/STM32CubeIDE/plugins/com.st.stm32cube.ide.mcu.externaltools.gnu-tools-for-stm32.12.3.rel1.win32_1.0.200.202406191623/tools/bin/../lib/gcc/arm-none-eabi/12.3.1/thumb/v6-m/nofp/crti.o
                0x080056a0                _init
 .init          0x080056a4        0x8 C:/ST/STM32CubeIDE_1.13.1/STM32CubeIDE/plugins/com.st.stm32cube.ide.mcu.externaltools.gnu-tools-for-stm32.12.3.rel1.win32_1.0.200.202406191623/tools/bin/../lib/gcc/arm-none-eabi/12.3.1/thumb/v6-m/nofp/crtn.o
 *(.fini)
 .fini          0x080056ac        0x4 C:/ST/STM32CubeIDE_1.13.1/STM32CubeIDE/plugins/com.st.stm32cube.ide.mcu.externaltools.gnu-tools-for-stm32.12.3.rel1.win32_1.0.200.202406191623/tools/bin/../lib/gcc/arm-none-eabi/12.3.1/thumb/v6-m/nofp/crti.o
                0x080056ac                _fini
 .fini          0x080056b0        0x8 C:/ST/STM32CubeIDE_1.13.1/STM32CubeIDE/plugins/com.st.stm32cube.ide.mcu.externaltools.gnu-tools-for-stm32.12.3.rel1.win32_1.0.200.202406191623/tools/bin/../lib/gcc/arm-none-eabi/12.3.1/thumb/v6-m/nofp/crtn.o
                0x080056b8                        . = ALIGN (0x4)
                0x080056b8                        _etext = .

.vfp11_veneer   0x080056b8        0x0
 .vfp11_veneer  0x080056b8        0x0 linker stubs

.v4_bx          0x080056b8        0x0
 .v4_bx         0x080056b8        0x0 linker stubs

.iplt           0x080056b8        0x0
 .iplt          0x080056b8        0x0 C:/ST/STM32CubeIDE_1.13.1/STM32CubeIDE/plugins/com.st.stm32cube.ide.mcu.externaltools.gnu-tools-for-stm32.12.3.rel1.win32_1.0.200.202406191623/tools/bin/../lib/gcc/arm-none-eabi/12.3.1/thumb/v6-m/nofp/crtbegin.o

.rodata         0x080056b8      0x118
                0x080056b8                        . = ALIGN (0x4)
 *(.rodata)
 .rodata        0x080056b8       0x46 ./USB_Device/App/usbd_desc.o
 *(.rodata*)
 *fill*         0x080056fe        0x2 
 .rodata.AHBPrescTable
                0x08005700       0x40 ./Core/Src/system_stm32g0xx.o
                0x08005700                AHBPrescTable
 .rodata.CDC_Control_FS
                0x08005740       0x90 ./USB_Device/App/usbd_cdc_if.o
                0x080057d0                        . = ALIGN (0x4)

.ARM.extab      0x080057d0        0x0
                0x080057d0                        . = ALIGN (0x4)
 *(.ARM.extab* .gnu.linkonce.armextab.*)
                0x080057d0                        . = ALIGN (0x4)

.ARM            0x080057d0        0x0
                0x080057d0                        . = ALIGN (0x4)
                0x080057d0                        __exidx_start = .
 *(.ARM.exidx*)
                0x080057d0                        __exidx_end = .
                0x080057d0                        . = ALIGN (0x4)

.preinit_array  0x080057d0        0x0
                0x080057d0                        . = ALIGN (0x4)
                0x080057d0                        PROVIDE (__preinit_array_start = .)
 *(.preinit_array*)
                0x080057d0                        PROVIDE (__preinit_array_end = .)
                0x080057d0                        . = ALIGN (0x4)

.init_array     0x080057d0        0x4
                0x080057d0                        . = ALIGN (0x4)
                0x080057d0                        PROVIDE (__init_array_start = .)
 *(SORT_BY_NAME(.init_array.*))
 *(.init_array*)
 .init_array    0x080057d0        0x4 C:/ST/STM32CubeIDE_1.13.1/STM32CubeIDE/plugins/com.st.stm32cube.ide.mcu.externaltools.gnu-tools-for-stm32.12.3.rel1.win32_1.0.200.202406191623/tools/bin/../lib/gcc/arm-none-eabi/12.3.1/thumb/v6-m/nofp/crtbegin.o
                0x080057d4                        PROVIDE (__init_array_end = .)
                0x080057d4                        . = ALIGN (0x4)

.fini_array     0x080057d4        0x4
                0x080057d4                        . = ALIGN (0x4)
                [!provide]                        PROVIDE (__fini_array_start = .)
 *(SORT_BY_NAME(.fini_array.*))
 *(.fini_array*)
 .fini_array    0x080057d4        0x4 C:/ST/STM32CubeIDE_1.13.1/STM32CubeIDE/plugins/com.st.stm32cube.ide.mcu.externaltools.gnu-tools-for-stm32.12.3.rel1.win32_1.0.200.202406191623/tools/bin/../lib/gcc/arm-none-eabi/12.3.1/thumb/v6-m/nofp/crtbegin.o
                [!provide]                        PROVIDE (__fini_array_end = .)
                0x080057d8                        . = ALIGN (0x4)
                0x080057d8                        _sidata = LOADADDR (.data)

.rel.dyn        0x080057d8        0x0
 .rel.iplt      0x080057d8        0x0 C:/ST/STM32CubeIDE_1.13.1/STM32CubeIDE/plugins/com.st.stm32cube.ide.mcu.externaltools.gnu-tools-for-stm32.12.3.rel1.win32_1.0.200.202406191623/tools/bin/../lib/gcc/arm-none-eabi/12.3.1/thumb/v6-m/nofp/crtbegin.o

.data           0x20000000      0x100 load address 0x080057d8
                0x20000000                        . = ALIGN (0x4)
                0x20000000                        _sdata = .
 *(.data)
 *(.data*)
 .data.SystemCoreClock
                0x20000000        0x4 ./Core/Src/system_stm32g0xx.o
                0x20000000                SystemCoreClock
 .data.uwTickPrio
                0x20000004        0x4 ./Drivers/STM32G0xx_HAL_Driver/Src/stm32g0xx_hal.o
                0x20000004                uwTickPrio
 .data.uwTickFreq
                0x20000008        0x1 ./Drivers/STM32G0xx_HAL_Driver/Src/stm32g0xx_hal.o
                0x20000008                uwTickFreq
 *fill*         0x20000009        0x3 
 .data.USBD_CDC_DeviceQualifierDesc
                0x2000000c        0xa ./Middlewares/ST/STM32_USB_Device_Library/Class/CDC/Src/usbd_cdc.o
 *fill*         0x20000016        0x2 
 .data.USBD_CDC
                0x20000018       0x38 ./Middlewares/ST/STM32_USB_Device_Library/Class/CDC/Src/usbd_cdc.o
                0x20000018                USBD_CDC
 .data.USBD_CDC_CfgDesc
                0x20000050       0x43 ./Middlewares/ST/STM32_USB_Device_Library/Class/CDC/Src/usbd_cdc.o
 .data.CDCInEpAdd
                0x20000093        0x1 ./Middlewares/ST/STM32_USB_Device_Library/Class/CDC/Src/usbd_cdc.o
 .data.CDCOutEpAdd
                0x20000094        0x1 ./Middlewares/ST/STM32_USB_Device_Library/Class/CDC/Src/usbd_cdc.o
 .data.CDCCmdEpAdd
                0x20000095        0x1 ./Middlewares/ST/STM32_USB_Device_Library/Class/CDC/Src/usbd_cdc.o
 *fill*         0x20000096        0x2 
 .data.USBD_Interface_fops_FS
                0x20000098       0x14 ./USB_Device/App/usbd_cdc_if.o
                0x20000098                USBD_Interface_fops_FS
 .data.CDC_Desc
                0x200000ac       0x20 ./USB_Device/App/usbd_desc.o
                0x200000ac                CDC_Desc
 .data.USBD_CDC_DeviceDesc
                0x200000cc       0x12 ./USB_Device/App/usbd_desc.o
                0x200000cc                USBD_CDC_DeviceDesc
 *fill*         0x200000de        0x2 
 .data.USBD_LangIDDesc
                0x200000e0        0x4 ./USB_Device/App/usbd_desc.o
                0x200000e0                USBD_LangIDDesc
 .data.USBD_StringSerial
                0x200000e4       0x1a ./USB_Device/App/usbd_desc.o
                0x200000e4                USBD_StringSerial
 *(.RamFunc)
 *(.RamFunc*)
                0x20000100                        . = ALIGN (0x4)
 *fill*         0x200000fe        0x2 
                0x20000100                        _edata = .

.igot.plt       0x20000100        0x0 load address 0x080058d8
 .igot.plt      0x20000100        0x0 C:/ST/STM32CubeIDE_1.13.1/STM32CubeIDE/plugins/com.st.stm32cube.ide.mcu.externaltools.gnu-tools-for-stm32.12.3.rel1.win32_1.0.200.202406191623/tools/bin/../lib/gcc/arm-none-eabi/12.3.1/thumb/v6-m/nofp/crtbegin.o
                0x20000100                        . = ALIGN (0x4)

.bss            0x20000100     0x1a60 load address 0x080058d8
                0x20000100                        _sbss = .
                0x20000100                        __bss_start__ = _sbss
 *(.bss)
 .bss           0x20000100       0x1c C:/ST/STM32CubeIDE_1.13.1/STM32CubeIDE/plugins/com.st.stm32cube.ide.mcu.externaltools.gnu-tools-for-stm32.12.3.rel1.win32_1.0.200.202406191623/tools/bin/../lib/gcc/arm-none-eabi/12.3.1/thumb/v6-m/nofp/crtbegin.o
 *(.bss*)
 .bss.hfdcan2   0x2000011c       0x64 ./Core/Src/main.o
                0x2000011c                hfdcan2
 .bss.uwTick    0x20000180        0x4 ./Drivers/STM32G0xx_HAL_Driver/Src/stm32g0xx_hal.o
                0x20000180                uwTick
 .bss.hUsbDeviceFS
                0x20000184      0x2dc ./USB_Device/App/usb_device.o
                0x20000184                hUsbDeviceFS
 .bss.UserRxBufferFS
                0x20000460      0x800 ./USB_Device/App/usbd_cdc_if.o
                0x20000460                UserRxBufferFS
 .bss.UserTxBufferFS
                0x20000c60      0x800 ./USB_Device/App/usbd_cdc_if.o
                0x20000c60                UserTxBufferFS
 .bss.USBD_StrDesc
                0x20001460      0x200 ./USB_Device/App/usbd_desc.o
                0x20001460                USBD_StrDesc
 .bss.hpcd_USB_DRD_FS
                0x20001660      0x2e0 ./USB_Device/Target/usbd_conf.o
                0x20001660                hpcd_USB_DRD_FS
 .bss.mem.0     0x20001940      0x220 ./USB_Device/Target/usbd_conf.o
 *(COMMON)
                0x20001b60                        . = ALIGN (0x4)
                0x20001b60                        _ebss = .
                0x20001b60                        __bss_end__ = _ebss

._user_heap_stack
                0x20001b60      0x600 load address 0x080058d8
                0x20001b60                        . = ALIGN (0x8)
                [!provide]                        PROVIDE (end = .)
                0x20001b60                        PROVIDE (_end = .)
                0x20001d60                        . = (. + _Min_Heap_Size)
 *fill*         0x20001b60      0x200 
                0x20002160                        . = (. + _Min_Stack_Size)
 *fill*         0x20001d60      0x400 
                0x20002160                        . = ALIGN (0x8)

/DISCARD/
 libc.a(*)
 libm.a(*)
 libgcc.a(*)

.ARM.attributes
                0x00000000       0x28
 *(.ARM.attributes)
 .ARM.attributes
                0x00000000       0x1e C:/ST/STM32CubeIDE_1.13.1/STM32CubeIDE/plugins/com.st.stm32cube.ide.mcu.externaltools.gnu-tools-for-stm32.12.3.rel1.win32_1.0.200.202406191623/tools/bin/../lib/gcc/arm-none-eabi/12.3.1/thumb/v6-m/nofp/crti.o
 .ARM.attributes
                0x0000001e       0x2c C:/ST/STM32CubeIDE_1.13.1/STM32CubeIDE/plugins/com.st.stm32cube.ide.mcu.externaltools.gnu-tools-for-stm32.12.3.rel1.win32_1.0.200.202406191623/tools/bin/../lib/gcc/arm-none-eabi/12.3.1/thumb/v6-m/nofp/crtbegin.o
 .ARM.attributes
                0x0000004a       0x2c ./Core/Src/main.o
 .ARM.attributes
                0x00000076       0x2c ./Core/Src/stm32g0xx_hal_msp.o
 .ARM.attributes
                0x000000a2       0x2c ./Core/Src/stm32g0xx_it.o
 .ARM.attributes
                0x000000ce       0x2c ./Core/Src/system_stm32g0xx.o
 .ARM.attributes
                0x000000fa       0x22 ./Core/Startup/startup_stm32g0b1kbtx.o
 .ARM.attributes
                0x0000011c       0x2c ./Drivers/STM32G0xx_HAL_Driver/Src/stm32g0xx_hal.o
 .ARM.attributes
                0x00000148       0x2c ./Drivers/STM32G0xx_HAL_Driver/Src/stm32g0xx_hal_cortex.o
 .ARM.attributes
                0x00000174       0x2c ./Drivers/STM32G0xx_HAL_Driver/Src/stm32g0xx_hal_fdcan.o
 .ARM.attributes
                0x000001a0       0x2c ./Drivers/STM32G0xx_HAL_Driver/Src/stm32g0xx_hal_gpio.o
 .ARM.attributes
                0x000001cc       0x2c ./Drivers/STM32G0xx_HAL_Driver/Src/stm32g0xx_hal_pcd.o
 .ARM.attributes
                0x000001f8       0x2c ./Drivers/STM32G0xx_HAL_Driver/Src/stm32g0xx_hal_pcd_ex.o
 .ARM.attributes
                0x00000224       0x2c ./Drivers/STM32G0xx_HAL_Driver/Src/stm32g0xx_hal_pwr_ex.o
 .ARM.attributes
                0x00000250       0x2c ./Drivers/STM32G0xx_HAL_Driver/Src/stm32g0xx_hal_rcc.o
 .ARM.attributes
                0x0000027c       0x2c ./Drivers/STM32G0xx_HAL_Driver/Src/stm32g0xx_hal_rcc_ex.o
 .ARM.attributes
                0x000002a8       0x2c ./Drivers/STM32G0xx_HAL_Driver/Src/stm32g0xx_ll_usb.o
 .ARM.attributes
                0x000002d4       0x2c ./Middlewares/ST/STM32_USB_Device_Library/Class/CDC/Src/usbd_cdc.o
 .ARM.attributes
                0x00000300       0x2c ./Middlewares/ST/STM32_USB_Device_Library/Core/Src/usbd_core.o
 .ARM.attributes
                0x0000032c       0x2c ./Middlewares/ST/STM32_USB_Device_Library/Core/Src/usbd_ctlreq.o
 .ARM.attributes
                0x00000358       0x2c ./Middlewares/ST/STM32_USB_Device_Library/Core/Src/usbd_ioreq.o
 .ARM.attributes
                0x00000384       0x2c ./USB_Device/App/usb_device.o
 .ARM.attributes
                0x000003b0       0x2c ./USB_Device/App/usbd_cdc_if.o
 .ARM.attributes
                0x000003dc       0x2c ./USB_Device/App/usbd_desc.o
 .ARM.attributes
                0x00000408       0x2c ./USB_Device/Target/usbd_conf.o
 .ARM.attributes
                0x00000434       0x2c C:/ST/STM32CubeIDE_1.13.1/STM32CubeIDE/plugins/com.st.stm32cube.ide.mcu.externaltools.gnu-tools-for-stm32.12.3.rel1.win32_1.0.200.202406191623/tools/bin/../lib/gcc/arm-none-eabi/12.3.1/../../../../arm-none-eabi/lib/thumb/v6-m/nofp\libc_nano.a(libc_a-memset.o)
 .ARM.attributes
                0x00000460       0x2c C:/ST/STM32CubeIDE_1.13.1/STM32CubeIDE/plugins/com.st.stm32cube.ide.mcu.externaltools.gnu-tools-for-stm32.12.3.rel1.win32_1.0.200.202406191623/tools/bin/../lib/gcc/arm-none-eabi/12.3.1/../../../../arm-none-eabi/lib/thumb/v6-m/nofp\libc_nano.a(libc_a-init.o)
 .ARM.attributes
                0x0000048c       0x1e C:/ST/STM32CubeIDE_1.13.1/STM32CubeIDE/plugins/com.st.stm32cube.ide.mcu.externaltools.gnu-tools-for-stm32.12.3.rel1.win32_1.0.200.202406191623/tools/bin/../lib/gcc/arm-none-eabi/12.3.1/thumb/v6-m/nofp\libgcc.a(_udivsi3.o)
 .ARM.attributes
                0x000004aa       0x1e C:/ST/STM32CubeIDE_1.13.1/STM32CubeIDE/plugins/com.st.stm32cube.ide.mcu.externaltools.gnu-tools-for-stm32.12.3.rel1.win32_1.0.200.202406191623/tools/bin/../lib/gcc/arm-none-eabi/12.3.1/thumb/v6-m/nofp\libgcc.a(_dvmd_tls.o)
 .ARM.attributes
                0x000004c8       0x1e C:/ST/STM32CubeIDE_1.13.1/STM32CubeIDE/plugins/com.st.stm32cube.ide.mcu.externaltools.gnu-tools-for-stm32.12.3.rel1.win32_1.0.200.202406191623/tools/bin/../lib/gcc/arm-none-eabi/12.3.1/thumb/v6-m/nofp/crtn.o
OUTPUT(VDI_Tester_V0.0.1.elf elf32-littlearm)
LOAD linker stubs
LOAD C:/ST/STM32CubeIDE_1.13.1/STM32CubeIDE/plugins/com.st.stm32cube.ide.mcu.externaltools.gnu-tools-for-stm32.12.3.rel1.win32_1.0.200.202406191623/tools/bin/../lib/gcc/arm-none-eabi/12.3.1/../../../../arm-none-eabi/lib/thumb/v6-m/nofp\libc.a
LOAD C:/ST/STM32CubeIDE_1.13.1/STM32CubeIDE/plugins/com.st.stm32cube.ide.mcu.externaltools.gnu-tools-for-stm32.12.3.rel1.win32_1.0.200.202406191623/tools/bin/../lib/gcc/arm-none-eabi/12.3.1/../../../../arm-none-eabi/lib/thumb/v6-m/nofp\libm.a
LOAD C:/ST/STM32CubeIDE_1.13.1/STM32CubeIDE/plugins/com.st.stm32cube.ide.mcu.externaltools.gnu-tools-for-stm32.12.3.rel1.win32_1.0.200.202406191623/tools/bin/../lib/gcc/arm-none-eabi/12.3.1/thumb/v6-m/nofp\libgcc.a

.debug_info     0x00000000    0x103fa
 .debug_info    0x00000000      0xb8a ./Core/Src/main.o
 .debug_info    0x00000b8a      0xbc8 ./Core/Src/stm32g0xx_hal_msp.o
 .debug_info    0x00001752      0x127 ./Core/Src/stm32g0xx_it.o
 .debug_info    0x00001879      0x316 ./Core/Src/system_stm32g0xx.o
 .debug_info    0x00001b8f       0x30 ./Core/Startup/startup_stm32g0b1kbtx.o
 .debug_info    0x00001bbf      0xafa ./Drivers/STM32G0xx_HAL_Driver/Src/stm32g0xx_hal.o
 .debug_info    0x000026b9      0x8d9 ./Drivers/STM32G0xx_HAL_Driver/Src/stm32g0xx_hal_cortex.o
 .debug_info    0x00002f92     0x1883 ./Drivers/STM32G0xx_HAL_Driver/Src/stm32g0xx_hal_fdcan.o
 .debug_info    0x00004815      0x5d9 ./Drivers/STM32G0xx_HAL_Driver/Src/stm32g0xx_hal_gpio.o
 .debug_info    0x00004dee     0x1502 ./Drivers/STM32G0xx_HAL_Driver/Src/stm32g0xx_hal_pcd.o
 .debug_info    0x000062f0      0x7e7 ./Drivers/STM32G0xx_HAL_Driver/Src/stm32g0xx_hal_pcd_ex.o
 .debug_info    0x00006ad7      0x8b5 ./Drivers/STM32G0xx_HAL_Driver/Src/stm32g0xx_hal_pwr_ex.o
 .debug_info    0x0000738c      0xb9b ./Drivers/STM32G0xx_HAL_Driver/Src/stm32g0xx_hal_rcc.o
 .debug_info    0x00007f27      0xa41 ./Drivers/STM32G0xx_HAL_Driver/Src/stm32g0xx_hal_rcc_ex.o
 .debug_info    0x00008968     0x1931 ./Drivers/STM32G0xx_HAL_Driver/Src/stm32g0xx_ll_usb.o
 .debug_info    0x0000a299     0x1289 ./Middlewares/ST/STM32_USB_Device_Library/Class/CDC/Src/usbd_cdc.o
 .debug_info    0x0000b522      0xe3e ./Middlewares/ST/STM32_USB_Device_Library/Core/Src/usbd_core.o
 .debug_info    0x0000c360      0xb17 ./Middlewares/ST/STM32_USB_Device_Library/Core/Src/usbd_ctlreq.o
 .debug_info    0x0000ce77      0x78e ./Middlewares/ST/STM32_USB_Device_Library/Core/Src/usbd_ioreq.o
 .debug_info    0x0000d605      0x73a ./USB_Device/App/usb_device.o
 .debug_info    0x0000dd3f      0x933 ./USB_Device/App/usbd_cdc_if.o
 .debug_info    0x0000e672      0x489 ./USB_Device/App/usbd_desc.o
 .debug_info    0x0000eafb     0x18ff ./USB_Device/Target/usbd_conf.o

.debug_abbrev   0x00000000     0x3195
 .debug_abbrev  0x00000000      0x231 ./Core/Src/main.o
 .debug_abbrev  0x00000231      0x1cc ./Core/Src/stm32g0xx_hal_msp.o
 .debug_abbrev  0x000003fd       0xac ./Core/Src/stm32g0xx_it.o
 .debug_abbrev  0x000004a9      0x119 ./Core/Src/system_stm32g0xx.o
 .debug_abbrev  0x000005c2       0x24 ./Core/Startup/startup_stm32g0b1kbtx.o
 .debug_abbrev  0x000005e6      0x27f ./Drivers/STM32G0xx_HAL_Driver/Src/stm32g0xx_hal.o
 .debug_abbrev  0x00000865      0x2ab ./Drivers/STM32G0xx_HAL_Driver/Src/stm32g0xx_hal_cortex.o
 .debug_abbrev  0x00000b10      0x1eb ./Drivers/STM32G0xx_HAL_Driver/Src/stm32g0xx_hal_fdcan.o
 .debug_abbrev  0x00000cfb      0x1c8 ./Drivers/STM32G0xx_HAL_Driver/Src/stm32g0xx_hal_gpio.o
 .debug_abbrev  0x00000ec3      0x327 ./Drivers/STM32G0xx_HAL_Driver/Src/stm32g0xx_hal_pcd.o
 .debug_abbrev  0x000011ea      0x22e ./Drivers/STM32G0xx_HAL_Driver/Src/stm32g0xx_hal_pcd_ex.o
 .debug_abbrev  0x00001418      0x23c ./Drivers/STM32G0xx_HAL_Driver/Src/stm32g0xx_hal_pwr_ex.o
 .debug_abbrev  0x00001654      0x2aa ./Drivers/STM32G0xx_HAL_Driver/Src/stm32g0xx_hal_rcc.o
 .debug_abbrev  0x000018fe      0x244 ./Drivers/STM32G0xx_HAL_Driver/Src/stm32g0xx_hal_rcc_ex.o
 .debug_abbrev  0x00001b42      0x2c1 ./Drivers/STM32G0xx_HAL_Driver/Src/stm32g0xx_ll_usb.o
 .debug_abbrev  0x00001e03      0x2db ./Middlewares/ST/STM32_USB_Device_Library/Class/CDC/Src/usbd_cdc.o
 .debug_abbrev  0x000020de      0x294 ./Middlewares/ST/STM32_USB_Device_Library/Core/Src/usbd_core.o
 .debug_abbrev  0x00002372      0x276 ./Middlewares/ST/STM32_USB_Device_Library/Core/Src/usbd_ctlreq.o
 .debug_abbrev  0x000025e8      0x1b2 ./Middlewares/ST/STM32_USB_Device_Library/Core/Src/usbd_ioreq.o
 .debug_abbrev  0x0000279a      0x1ad ./USB_Device/App/usb_device.o
 .debug_abbrev  0x00002947      0x2b5 ./USB_Device/App/usbd_cdc_if.o
 .debug_abbrev  0x00002bfc      0x228 ./USB_Device/App/usbd_desc.o
 .debug_abbrev  0x00002e24      0x371 ./USB_Device/Target/usbd_conf.o

.debug_aranges  0x00000000      0xee0
 .debug_aranges
                0x00000000       0x40 ./Core/Src/main.o
 .debug_aranges
                0x00000040       0x30 ./Core/Src/stm32g0xx_hal_msp.o
 .debug_aranges
                0x00000070       0x48 ./Core/Src/stm32g0xx_it.o
 .debug_aranges
                0x000000b8       0x28 ./Core/Src/system_stm32g0xx.o
 .debug_aranges
                0x000000e0       0x28 ./Core/Startup/startup_stm32g0b1kbtx.o
 .debug_aranges
                0x00000108      0x130 ./Drivers/STM32G0xx_HAL_Driver/Src/stm32g0xx_hal.o
 .debug_aranges
                0x00000238       0xe8 ./Drivers/STM32G0xx_HAL_Driver/Src/stm32g0xx_hal_cortex.o
 .debug_aranges
                0x00000320      0x208 ./Drivers/STM32G0xx_HAL_Driver/Src/stm32g0xx_hal_fdcan.o
 .debug_aranges
                0x00000528       0x60 ./Drivers/STM32G0xx_HAL_Driver/Src/stm32g0xx_hal_gpio.o
 .debug_aranges
                0x00000588      0x150 ./Drivers/STM32G0xx_HAL_Driver/Src/stm32g0xx_hal_pcd.o
 .debug_aranges
                0x000006d8       0x58 ./Drivers/STM32G0xx_HAL_Driver/Src/stm32g0xx_hal_pcd_ex.o
 .debug_aranges
                0x00000730      0x128 ./Drivers/STM32G0xx_HAL_Driver/Src/stm32g0xx_hal_pwr_ex.o
 .debug_aranges
                0x00000858       0xa0 ./Drivers/STM32G0xx_HAL_Driver/Src/stm32g0xx_hal_rcc.o
 .debug_aranges
                0x000008f8       0x88 ./Drivers/STM32G0xx_HAL_Driver/Src/stm32g0xx_hal_rcc_ex.o
 .debug_aranges
                0x00000980      0x130 ./Drivers/STM32G0xx_HAL_Driver/Src/stm32g0xx_ll_usb.o
 .debug_aranges
                0x00000ab0       0x90 ./Middlewares/ST/STM32_USB_Device_Library/Class/CDC/Src/usbd_cdc.o
 .debug_aranges
                0x00000b40       0xd8 ./Middlewares/ST/STM32_USB_Device_Library/Core/Src/usbd_core.o
 .debug_aranges
                0x00000c18       0x90 ./Middlewares/ST/STM32_USB_Device_Library/Core/Src/usbd_ctlreq.o
 .debug_aranges
                0x00000ca8       0x50 ./Middlewares/ST/STM32_USB_Device_Library/Core/Src/usbd_ioreq.o
 .debug_aranges
                0x00000cf8       0x20 ./USB_Device/App/usb_device.o
 .debug_aranges
                0x00000d18       0x48 ./USB_Device/App/usbd_cdc_if.o
 .debug_aranges
                0x00000d60       0x60 ./USB_Device/App/usbd_desc.o
 .debug_aranges
                0x00000dc0      0x120 ./USB_Device/Target/usbd_conf.o

.debug_rnglists
                0x00000000      0xb0f
 .debug_rnglists
                0x00000000       0x2e ./Core/Src/main.o
 .debug_rnglists
                0x0000002e       0x20 ./Core/Src/stm32g0xx_hal_msp.o
 .debug_rnglists
                0x0000004e       0x31 ./Core/Src/stm32g0xx_it.o
 .debug_rnglists
                0x0000007f       0x1a ./Core/Src/system_stm32g0xx.o
 .debug_rnglists
                0x00000099       0x19 ./Core/Startup/startup_stm32g0b1kbtx.o
 .debug_rnglists
                0x000000b2       0xe0 ./Drivers/STM32G0xx_HAL_Driver/Src/stm32g0xx_hal.o
 .debug_rnglists
                0x00000192       0xaa ./Drivers/STM32G0xx_HAL_Driver/Src/stm32g0xx_hal_cortex.o
 .debug_rnglists
                0x0000023c      0x18d ./Drivers/STM32G0xx_HAL_Driver/Src/stm32g0xx_hal_fdcan.o
 .debug_rnglists
                0x000003c9       0x45 ./Drivers/STM32G0xx_HAL_Driver/Src/stm32g0xx_hal_gpio.o
 .debug_rnglists
                0x0000040e      0x100 ./Drivers/STM32G0xx_HAL_Driver/Src/stm32g0xx_hal_pcd.o
 .debug_rnglists
                0x0000050e       0x3f ./Drivers/STM32G0xx_HAL_Driver/Src/stm32g0xx_hal_pcd_ex.o
 .debug_rnglists
                0x0000054d       0xe0 ./Drivers/STM32G0xx_HAL_Driver/Src/stm32g0xx_hal_pwr_ex.o
 .debug_rnglists
                0x0000062d       0x79 ./Drivers/STM32G0xx_HAL_Driver/Src/stm32g0xx_hal_rcc.o
 .debug_rnglists
                0x000006a6       0x69 ./Drivers/STM32G0xx_HAL_Driver/Src/stm32g0xx_hal_rcc_ex.o
 .debug_rnglists
                0x0000070f       0xeb ./Drivers/STM32G0xx_HAL_Driver/Src/stm32g0xx_ll_usb.o
 .debug_rnglists
                0x000007fa       0x71 ./Middlewares/ST/STM32_USB_Device_Library/Class/CDC/Src/usbd_cdc.o
 .debug_rnglists
                0x0000086b       0xa2 ./Middlewares/ST/STM32_USB_Device_Library/Core/Src/usbd_core.o
 .debug_rnglists
                0x0000090d       0x6e ./Middlewares/ST/STM32_USB_Device_Library/Core/Src/usbd_ctlreq.o
 .debug_rnglists
                0x0000097b       0x37 ./Middlewares/ST/STM32_USB_Device_Library/Core/Src/usbd_ioreq.o
 .debug_rnglists
                0x000009b2       0x13 ./USB_Device/App/usb_device.o
 .debug_rnglists
                0x000009c5       0x31 ./USB_Device/App/usbd_cdc_if.o
 .debug_rnglists
                0x000009f6       0x44 ./USB_Device/App/usbd_desc.o
 .debug_rnglists
                0x00000a3a       0xd5 ./USB_Device/Target/usbd_conf.o

.debug_macro    0x00000000    0x1dee8
 .debug_macro   0x00000000      0x358 ./Core/Src/main.o
 .debug_macro   0x00000358      0xa8a ./Core/Src/main.o
 .debug_macro   0x00000de2      0x12a ./Core/Src/main.o
 .debug_macro   0x00000f0c       0x2e ./Core/Src/main.o
 .debug_macro   0x00000f3a       0x28 ./Core/Src/main.o
 .debug_macro   0x00000f62       0x22 ./Core/Src/main.o
 .debug_macro   0x00000f84       0x8e ./Core/Src/main.o
 .debug_macro   0x00001012       0x51 ./Core/Src/main.o
 .debug_macro   0x00001063      0x103 ./Core/Src/main.o
 .debug_macro   0x00001166       0x6a ./Core/Src/main.o
 .debug_macro   0x000011d0      0x1df ./Core/Src/main.o
 .debug_macro   0x000013af       0x1c ./Core/Src/main.o
 .debug_macro   0x000013cb       0x22 ./Core/Src/main.o
 .debug_macro   0x000013ed       0xd1 ./Core/Src/main.o
 .debug_macro   0x000014be      0x4da ./Core/Src/main.o
 .debug_macro   0x00001998      0x11f ./Core/Src/main.o
 .debug_macro   0x00001ab7     0xf3de ./Core/Src/main.o
 .debug_macro   0x00010e95       0x66 ./Core/Src/main.o
 .debug_macro   0x00010efb     0x350e ./Core/Src/main.o
 .debug_macro   0x00014409      0x189 ./Core/Src/main.o
 .debug_macro   0x00014592       0x5c ./Core/Src/main.o
 .debug_macro   0x000145ee      0x72c ./Core/Src/main.o
 .debug_macro   0x00014d1a     0x1579 ./Core/Src/main.o
 .debug_macro   0x00016293      0x535 ./Core/Src/main.o
 .debug_macro   0x000167c8      0x1cf ./Core/Src/main.o
 .debug_macro   0x00016997      0x25b ./Core/Src/main.o
 .debug_macro   0x00016bf2      0x4f5 ./Core/Src/main.o
 .debug_macro   0x000170e7      0x280 ./Core/Src/main.o
 .debug_macro   0x00017367      0x417 ./Core/Src/main.o
 .debug_macro   0x0001777e      0x1b2 ./Core/Src/main.o
 .debug_macro   0x00017930       0x43 ./Core/Src/main.o
 .debug_macro   0x00017973      0x1f1 ./Core/Src/main.o
 .debug_macro   0x00017b64      0x1e4 ./Core/Src/main.o
 .debug_macro   0x00017d48      0x3fa ./Core/Src/main.o
 .debug_macro   0x00018142       0x28 ./Core/Src/main.o
 .debug_macro   0x0001816a      0x123 ./Core/Src/main.o
 .debug_macro   0x0001828d      0x6bd ./Core/Src/main.o
 .debug_macro   0x0001894a      0x224 ./Core/Src/main.o
 .debug_macro   0x00018b6e      0x169 ./Core/Src/main.o
 .debug_macro   0x00018cd7      0x145 ./Core/Src/main.o
 .debug_macro   0x00018e1c      0x30b ./Core/Src/main.o
 .debug_macro   0x00019127      0x5df ./Core/Src/main.o
 .debug_macro   0x00019706       0x34 ./Core/Src/main.o
 .debug_macro   0x0001973a       0x61 ./Core/Src/main.o
 .debug_macro   0x0001979b       0x24 ./Core/Src/main.o
 .debug_macro   0x000197bf       0x43 ./Core/Src/main.o
 .debug_macro   0x00019802       0x34 ./Core/Src/main.o
 .debug_macro   0x00019836       0x16 ./Core/Src/main.o
 .debug_macro   0x0001984c       0x35 ./Core/Src/main.o
 .debug_macro   0x00019881      0x369 ./Core/Src/main.o
 .debug_macro   0x00019bea       0x10 ./Core/Src/main.o
 .debug_macro   0x00019bfa       0x16 ./Core/Src/main.o
 .debug_macro   0x00019c10       0x43 ./Core/Src/main.o
 .debug_macro   0x00019c53       0x34 ./Core/Src/main.o
 .debug_macro   0x00019c87       0x10 ./Core/Src/main.o
 .debug_macro   0x00019c97       0x58 ./Core/Src/main.o
 .debug_macro   0x00019cef       0x8e ./Core/Src/main.o
 .debug_macro   0x00019d7d       0x1c ./Core/Src/main.o
 .debug_macro   0x00019d99      0x177 ./Core/Src/main.o
 .debug_macro   0x00019f10       0x16 ./Core/Src/main.o
 .debug_macro   0x00019f26       0x16 ./Core/Src/main.o
 .debug_macro   0x00019f3c      0x146 ./Core/Src/main.o
 .debug_macro   0x0001a082       0x16 ./Core/Src/main.o
 .debug_macro   0x0001a098       0x16 ./Core/Src/main.o
 .debug_macro   0x0001a0ae       0x29 ./Core/Src/main.o
 .debug_macro   0x0001a0d7       0x16 ./Core/Src/main.o
 .debug_macro   0x0001a0ed       0x20 ./Core/Src/main.o
 .debug_macro   0x0001a10d       0x5f ./Core/Src/main.o
 .debug_macro   0x0001a16c      0x20f ./Core/Src/main.o
 .debug_macro   0x0001a37b      0x1f4 ./Core/Src/stm32g0xx_hal_msp.o
 .debug_macro   0x0001a56f      0x1fe ./Core/Src/stm32g0xx_it.o
 .debug_macro   0x0001a76d      0x1e5 ./Core/Src/system_stm32g0xx.o
 .debug_macro   0x0001a952      0x209 ./Drivers/STM32G0xx_HAL_Driver/Src/stm32g0xx_hal.o
 .debug_macro   0x0001ab5b      0x1e5 ./Drivers/STM32G0xx_HAL_Driver/Src/stm32g0xx_hal_cortex.o
 .debug_macro   0x0001ad40      0x2f7 ./Drivers/STM32G0xx_HAL_Driver/Src/stm32g0xx_hal_fdcan.o
 .debug_macro   0x0001b037      0x1ec ./Drivers/STM32G0xx_HAL_Driver/Src/stm32g0xx_hal_gpio.o
 .debug_macro   0x0001b223      0x1f1 ./Drivers/STM32G0xx_HAL_Driver/Src/stm32g0xx_hal_pcd.o
 .debug_macro   0x0001b414      0x1e5 ./Drivers/STM32G0xx_HAL_Driver/Src/stm32g0xx_hal_pcd_ex.o
 .debug_macro   0x0001b5f9      0x20f ./Drivers/STM32G0xx_HAL_Driver/Src/stm32g0xx_hal_pwr_ex.o
 .debug_macro   0x0001b808      0x22d ./Drivers/STM32G0xx_HAL_Driver/Src/stm32g0xx_hal_rcc.o
 .debug_macro   0x0001ba35      0x1fd ./Drivers/STM32G0xx_HAL_Driver/Src/stm32g0xx_hal_rcc_ex.o
 .debug_macro   0x0001bc32      0x1e5 ./Drivers/STM32G0xx_HAL_Driver/Src/stm32g0xx_ll_usb.o
 .debug_macro   0x0001be17      0x374 ./Middlewares/ST/STM32_USB_Device_Library/Class/CDC/Src/usbd_cdc.o
 .debug_macro   0x0001c18b       0x9e ./Middlewares/ST/STM32_USB_Device_Library/Class/CDC/Src/usbd_cdc.o
 .debug_macro   0x0001c229      0x10b ./Middlewares/ST/STM32_USB_Device_Library/Class/CDC/Src/usbd_cdc.o
 .debug_macro   0x0001c334       0x56 ./Middlewares/ST/STM32_USB_Device_Library/Class/CDC/Src/usbd_cdc.o
 .debug_macro   0x0001c38a       0x95 ./Middlewares/ST/STM32_USB_Device_Library/Class/CDC/Src/usbd_cdc.o
 .debug_macro   0x0001c41f      0x35b ./Middlewares/ST/STM32_USB_Device_Library/Core/Src/usbd_core.o
 .debug_macro   0x0001c77a      0x215 ./Middlewares/ST/STM32_USB_Device_Library/Core/Src/usbd_core.o
 .debug_macro   0x0001c98f      0x365 ./Middlewares/ST/STM32_USB_Device_Library/Core/Src/usbd_ctlreq.o
 .debug_macro   0x0001ccf4      0x361 ./Middlewares/ST/STM32_USB_Device_Library/Core/Src/usbd_ioreq.o
 .debug_macro   0x0001d055      0x39a ./USB_Device/App/usb_device.o
 .debug_macro   0x0001d3ef       0x22 ./USB_Device/App/usb_device.o
 .debug_macro   0x0001d411       0x16 ./USB_Device/App/usb_device.o
 .debug_macro   0x0001d427      0x37f ./USB_Device/App/usbd_cdc_if.o
 .debug_macro   0x0001d7a6       0x10 ./USB_Device/App/usbd_cdc_if.o
 .debug_macro   0x0001d7b6      0x398 ./USB_Device/App/usbd_desc.o
 .debug_macro   0x0001db4e       0x1c ./USB_Device/App/usbd_desc.o
 .debug_macro   0x0001db6a      0x37e ./USB_Device/Target/usbd_conf.o

.debug_line     0x00000000    0x12a6f
 .debug_line    0x00000000      0xaa8 ./Core/Src/main.o
 .debug_line    0x00000aa8      0x7f2 ./Core/Src/stm32g0xx_hal_msp.o
 .debug_line    0x0000129a      0x805 ./Core/Src/stm32g0xx_it.o
 .debug_line    0x00001a9f      0x800 ./Core/Src/system_stm32g0xx.o
 .debug_line    0x0000229f       0x7b ./Core/Startup/startup_stm32g0b1kbtx.o
 .debug_line    0x0000231a      0xb66 ./Drivers/STM32G0xx_HAL_Driver/Src/stm32g0xx_hal.o
 .debug_line    0x00002e80      0xbdb ./Drivers/STM32G0xx_HAL_Driver/Src/stm32g0xx_hal_cortex.o
 .debug_line    0x00003a5b     0x19a0 ./Drivers/STM32G0xx_HAL_Driver/Src/stm32g0xx_hal_fdcan.o
 .debug_line    0x000053fb      0xbd3 ./Drivers/STM32G0xx_HAL_Driver/Src/stm32g0xx_hal_gpio.o
 .debug_line    0x00005fce     0x14a1 ./Drivers/STM32G0xx_HAL_Driver/Src/stm32g0xx_hal_pcd.o
 .debug_line    0x0000746f      0x923 ./Drivers/STM32G0xx_HAL_Driver/Src/stm32g0xx_hal_pcd_ex.o
 .debug_line    0x00007d92      0xc27 ./Drivers/STM32G0xx_HAL_Driver/Src/stm32g0xx_hal_pwr_ex.o
 .debug_line    0x000089b9      0xfb8 ./Drivers/STM32G0xx_HAL_Driver/Src/stm32g0xx_hal_rcc.o
 .debug_line    0x00009971     0x11f7 ./Drivers/STM32G0xx_HAL_Driver/Src/stm32g0xx_hal_rcc_ex.o
 .debug_line    0x0000ab68     0x1569 ./Drivers/STM32G0xx_HAL_Driver/Src/stm32g0xx_ll_usb.o
 .debug_line    0x0000c0d1      0xf08 ./Middlewares/ST/STM32_USB_Device_Library/Class/CDC/Src/usbd_cdc.o
 .debug_line    0x0000cfd9      0xf81 ./Middlewares/ST/STM32_USB_Device_Library/Core/Src/usbd_core.o
 .debug_line    0x0000df5a     0x1173 ./Middlewares/ST/STM32_USB_Device_Library/Core/Src/usbd_ctlreq.o
 .debug_line    0x0000f0cd      0xa9d ./Middlewares/ST/STM32_USB_Device_Library/Core/Src/usbd_ioreq.o
 .debug_line    0x0000fb6a      0xa59 ./USB_Device/App/usb_device.o
 .debug_line    0x000105c3      0xaba ./USB_Device/App/usbd_cdc_if.o
 .debug_line    0x0001107d      0xb22 ./USB_Device/App/usbd_desc.o
 .debug_line    0x00011b9f      0xed0 ./USB_Device/Target/usbd_conf.o

.debug_str      0x00000000    0xb4a85
 .debug_str     0x00000000    0xaf99a ./Core/Src/main.o
                              0xb0126 (size before relaxing)
 .debug_str     0x000af99a      0x493 ./Core/Src/stm32g0xx_hal_msp.o
                              0xac13f (size before relaxing)
 .debug_str     0x000afe2d       0x91 ./Core/Src/stm32g0xx_it.o
                              0xab813 (size before relaxing)
 .debug_str     0x000afebe       0x8e ./Core/Src/system_stm32g0xx.o
                              0xab82c (size before relaxing)
 .debug_str     0x000aff4c       0x44 ./Core/Startup/startup_stm32g0b1kbtx.o
                                 0x71 (size before relaxing)
 .debug_str     0x000aff90      0x5c1 ./Drivers/STM32G0xx_HAL_Driver/Src/stm32g0xx_hal.o
                              0xac105 (size before relaxing)
 .debug_str     0x000b0551      0x2ab ./Drivers/STM32G0xx_HAL_Driver/Src/stm32g0xx_hal_cortex.o
                              0xabd3d (size before relaxing)
 .debug_str     0x000b07fc     0x1338 ./Drivers/STM32G0xx_HAL_Driver/Src/stm32g0xx_hal_fdcan.o
                              0xacec4 (size before relaxing)
 .debug_str     0x000b1b34      0x169 ./Drivers/STM32G0xx_HAL_Driver/Src/stm32g0xx_hal_gpio.o
                              0xab98f (size before relaxing)
 .debug_str     0x000b1c9d      0x8e9 ./Drivers/STM32G0xx_HAL_Driver/Src/stm32g0xx_hal_pcd.o
                              0xac10a (size before relaxing)
 .debug_str     0x000b2586      0x186 ./Drivers/STM32G0xx_HAL_Driver/Src/stm32g0xx_hal_pcd_ex.o
                              0xabcdb (size before relaxing)
 .debug_str     0x000b270c      0x3f0 ./Drivers/STM32G0xx_HAL_Driver/Src/stm32g0xx_hal_pwr_ex.o
                              0xabdae (size before relaxing)
 .debug_str     0x000b2afc      0x4c0 ./Drivers/STM32G0xx_HAL_Driver/Src/stm32g0xx_hal_rcc.o
                              0xabff8 (size before relaxing)
 .debug_str     0x000b2fbc      0x371 ./Drivers/STM32G0xx_HAL_Driver/Src/stm32g0xx_hal_rcc_ex.o
                              0xabe88 (size before relaxing)
 .debug_str     0x000b332d      0x389 ./Drivers/STM32G0xx_HAL_Driver/Src/stm32g0xx_ll_usb.o
                              0xabeb2 (size before relaxing)
 .debug_str     0x000b36b6      0xa4c ./Middlewares/ST/STM32_USB_Device_Library/Class/CDC/Src/usbd_cdc.o
                              0xb0842 (size before relaxing)
 .debug_str     0x000b4102      0x35d ./Middlewares/ST/STM32_USB_Device_Library/Core/Src/usbd_core.o
                              0xb01cf (size before relaxing)
 .debug_str     0x000b445f      0x139 ./Middlewares/ST/STM32_USB_Device_Library/Core/Src/usbd_ctlreq.o
                              0xafffa (size before relaxing)
 .debug_str     0x000b4598       0x51 ./Middlewares/ST/STM32_USB_Device_Library/Core/Src/usbd_ioreq.o
                              0xafecf (size before relaxing)
 .debug_str     0x000b45e9      0x106 ./USB_Device/App/usb_device.o
                              0xb0283 (size before relaxing)
 .debug_str     0x000b46ef       0xa1 ./USB_Device/App/usbd_cdc_if.o
                              0xb02c2 (size before relaxing)
 .debug_str     0x000b4790      0x254 ./USB_Device/App/usbd_desc.o
                              0xafdb6 (size before relaxing)
 .debug_str     0x000b49e4       0xa1 ./USB_Device/Target/usbd_conf.o
                              0xb0c89 (size before relaxing)

.comment        0x00000000       0x43
 .comment       0x00000000       0x43 ./Core/Src/main.o
                                 0x44 (size before relaxing)
 .comment       0x00000043       0x44 ./Core/Src/stm32g0xx_hal_msp.o
 .comment       0x00000043       0x44 ./Core/Src/stm32g0xx_it.o
 .comment       0x00000043       0x44 ./Core/Src/system_stm32g0xx.o
 .comment       0x00000043       0x44 ./Drivers/STM32G0xx_HAL_Driver/Src/stm32g0xx_hal.o
 .comment       0x00000043       0x44 ./Drivers/STM32G0xx_HAL_Driver/Src/stm32g0xx_hal_cortex.o
 .comment       0x00000043       0x44 ./Drivers/STM32G0xx_HAL_Driver/Src/stm32g0xx_hal_fdcan.o
 .comment       0x00000043       0x44 ./Drivers/STM32G0xx_HAL_Driver/Src/stm32g0xx_hal_gpio.o
 .comment       0x00000043       0x44 ./Drivers/STM32G0xx_HAL_Driver/Src/stm32g0xx_hal_pcd.o
 .comment       0x00000043       0x44 ./Drivers/STM32G0xx_HAL_Driver/Src/stm32g0xx_hal_pcd_ex.o
 .comment       0x00000043       0x44 ./Drivers/STM32G0xx_HAL_Driver/Src/stm32g0xx_hal_pwr_ex.o
 .comment       0x00000043       0x44 ./Drivers/STM32G0xx_HAL_Driver/Src/stm32g0xx_hal_rcc.o
 .comment       0x00000043       0x44 ./Drivers/STM32G0xx_HAL_Driver/Src/stm32g0xx_hal_rcc_ex.o
 .comment       0x00000043       0x44 ./Drivers/STM32G0xx_HAL_Driver/Src/stm32g0xx_ll_usb.o
 .comment       0x00000043       0x44 ./Middlewares/ST/STM32_USB_Device_Library/Class/CDC/Src/usbd_cdc.o
 .comment       0x00000043       0x44 ./Middlewares/ST/STM32_USB_Device_Library/Core/Src/usbd_core.o
 .comment       0x00000043       0x44 ./Middlewares/ST/STM32_USB_Device_Library/Core/Src/usbd_ctlreq.o
 .comment       0x00000043       0x44 ./Middlewares/ST/STM32_USB_Device_Library/Core/Src/usbd_ioreq.o
 .comment       0x00000043       0x44 ./USB_Device/App/usb_device.o
 .comment       0x00000043       0x44 ./USB_Device/App/usbd_cdc_if.o
 .comment       0x00000043       0x44 ./USB_Device/App/usbd_desc.o
 .comment       0x00000043       0x44 ./USB_Device/Target/usbd_conf.o

.debug_frame    0x00000000     0x33ac
 .debug_frame   0x00000000       0xa4 ./Core/Src/main.o
 .debug_frame   0x000000a4       0x70 ./Core/Src/stm32g0xx_hal_msp.o
 .debug_frame   0x00000114       0xb8 ./Core/Src/stm32g0xx_it.o
 .debug_frame   0x000001cc       0x4c ./Core/Src/system_stm32g0xx.o
 .debug_frame   0x00000218      0x41c ./Drivers/STM32G0xx_HAL_Driver/Src/stm32g0xx_hal.o
 .debug_frame   0x00000634      0x33c ./Drivers/STM32G0xx_HAL_Driver/Src/stm32g0xx_hal_cortex.o
 .debug_frame   0x00000970      0x7d0 ./Drivers/STM32G0xx_HAL_Driver/Src/stm32g0xx_hal_fdcan.o
 .debug_frame   0x00001140      0x130 ./Drivers/STM32G0xx_HAL_Driver/Src/stm32g0xx_hal_gpio.o
 .debug_frame   0x00001270      0x500 ./Drivers/STM32G0xx_HAL_Driver/Src/stm32g0xx_hal_pcd.o
 .debug_frame   0x00001770      0x110 ./Drivers/STM32G0xx_HAL_Driver/Src/stm32g0xx_hal_pcd_ex.o
 .debug_frame   0x00001880      0x3f4 ./Drivers/STM32G0xx_HAL_Driver/Src/stm32g0xx_hal_pwr_ex.o
 .debug_frame   0x00001c74      0x214 ./Drivers/STM32G0xx_HAL_Driver/Src/stm32g0xx_hal_rcc.o
 .debug_frame   0x00001e88      0x1c0 ./Drivers/STM32G0xx_HAL_Driver/Src/stm32g0xx_hal_rcc_ex.o
 .debug_frame   0x00002048      0x47c ./Drivers/STM32G0xx_HAL_Driver/Src/stm32g0xx_ll_usb.o
 .debug_frame   0x000024c4      0x1f0 ./Middlewares/ST/STM32_USB_Device_Library/Class/CDC/Src/usbd_cdc.o
 .debug_frame   0x000026b4      0x320 ./Middlewares/ST/STM32_USB_Device_Library/Core/Src/usbd_core.o
 .debug_frame   0x000029d4      0x1fc ./Middlewares/ST/STM32_USB_Device_Library/Core/Src/usbd_ctlreq.o
 .debug_frame   0x00002bd0       0xf0 ./Middlewares/ST/STM32_USB_Device_Library/Core/Src/usbd_ioreq.o
 .debug_frame   0x00002cc0       0x2c ./USB_Device/App/usb_device.o
 .debug_frame   0x00002cec       0xcc ./USB_Device/App/usbd_cdc_if.o
 .debug_frame   0x00002db8      0x130 ./USB_Device/App/usbd_desc.o
 .debug_frame   0x00002ee8      0x458 ./USB_Device/Target/usbd_conf.o
 .debug_frame   0x00003340       0x20 C:/ST/STM32CubeIDE_1.13.1/STM32CubeIDE/plugins/com.st.stm32cube.ide.mcu.externaltools.gnu-tools-for-stm32.12.3.rel1.win32_1.0.200.202406191623/tools/bin/../lib/gcc/arm-none-eabi/12.3.1/../../../../arm-none-eabi/lib/thumb/v6-m/nofp\libc_nano.a(libc_a-memset.o)
 .debug_frame   0x00003360       0x2c C:/ST/STM32CubeIDE_1.13.1/STM32CubeIDE/plugins/com.st.stm32cube.ide.mcu.externaltools.gnu-tools-for-stm32.12.3.rel1.win32_1.0.200.202406191623/tools/bin/../lib/gcc/arm-none-eabi/12.3.1/../../../../arm-none-eabi/lib/thumb/v6-m/nofp\libc_nano.a(libc_a-init.o)
 .debug_frame   0x0000338c       0x20 C:/ST/STM32CubeIDE_1.13.1/STM32CubeIDE/plugins/com.st.stm32cube.ide.mcu.externaltools.gnu-tools-for-stm32.12.3.rel1.win32_1.0.200.202406191623/tools/bin/../lib/gcc/arm-none-eabi/12.3.1/thumb/v6-m/nofp\libgcc.a(_udivsi3.o)

.debug_line_str
                0x00000000       0x55
 .debug_line_str
                0x00000000       0x55 ./Core/Startup/startup_stm32g0b1kbtx.o
