../Core/Src/main.c:84:5:main	8	static
../Core/Src/main.c:137:6:SystemClock_Config	120	static
../Core/Src/main.c:200:13:MX_FDCAN1_Init	8	static
../Core/Src/main.c:268:13:MX_TIM1_Init	40	static
../Core/Src/main.c:315:13:MX_USART3_UART_Init	8	static
../Core/Src/main.c:363:13:MX_USB_OTG_HS_USB_Init	4	static
../Core/Src/main.c:384:13:MX_GPIO_Init	64	static
../Core/Src/main.c:468:6:FDCAN_Send_Bridge_Command	8	static
../Core/Src/main.c:491:6:FDCAN_Send_Bridge_Heartbeat	8	static
../Core/Src/main.c:519:6:Error_Handler	4	static,ignoring_inline_asm
