Archive member included to satisfy reference by file (symbol)

C:/ST/STM32CubeIDE_1.13.1/STM32CubeIDE/plugins/com.st.stm32cube.ide.mcu.externaltools.gnu-tools-for-stm32.12.3.rel1.win32_1.0.200.202406191623/tools/bin/../lib/gcc/arm-none-eabi/12.3.1/../../../../arm-none-eabi/lib/thumb/v7e-m+dp/hard\libc_nano.a(libc_a-exit.o)
                              C:/ST/STM32CubeIDE_1.13.1/STM32CubeIDE/plugins/com.st.stm32cube.ide.mcu.externaltools.gnu-tools-for-stm32.12.3.rel1.win32_1.0.200.202406191623/tools/bin/../lib/gcc/arm-none-eabi/12.3.1/../../../../arm-none-eabi/lib/thumb/v7e-m+dp/hard/crt0.o (exit)
C:/ST/STM32CubeIDE_1.13.1/STM32CubeIDE/plugins/com.st.stm32cube.ide.mcu.externaltools.gnu-tools-for-stm32.12.3.rel1.win32_1.0.200.202406191623/tools/bin/../lib/gcc/arm-none-eabi/12.3.1/../../../../arm-none-eabi/lib/thumb/v7e-m+dp/hard\libc_nano.a(libc_a-findfp.o)
                              C:/ST/STM32CubeIDE_1.13.1/STM32CubeIDE/plugins/com.st.stm32cube.ide.mcu.externaltools.gnu-tools-for-stm32.12.3.rel1.win32_1.0.200.202406191623/tools/bin/../lib/gcc/arm-none-eabi/12.3.1/../../../../arm-none-eabi/lib/thumb/v7e-m+dp/hard\libc_nano.a(libc_a-exit.o) (__stdio_exit_handler)
C:/ST/STM32CubeIDE_1.13.1/STM32CubeIDE/plugins/com.st.stm32cube.ide.mcu.externaltools.gnu-tools-for-stm32.12.3.rel1.win32_1.0.200.202406191623/tools/bin/../lib/gcc/arm-none-eabi/12.3.1/../../../../arm-none-eabi/lib/thumb/v7e-m+dp/hard\libc_nano.a(libc_a-fwalk.o)
                              C:/ST/STM32CubeIDE_1.13.1/STM32CubeIDE/plugins/com.st.stm32cube.ide.mcu.externaltools.gnu-tools-for-stm32.12.3.rel1.win32_1.0.200.202406191623/tools/bin/../lib/gcc/arm-none-eabi/12.3.1/../../../../arm-none-eabi/lib/thumb/v7e-m+dp/hard\libc_nano.a(libc_a-findfp.o) (_fwalk_sglue)
C:/ST/STM32CubeIDE_1.13.1/STM32CubeIDE/plugins/com.st.stm32cube.ide.mcu.externaltools.gnu-tools-for-stm32.12.3.rel1.win32_1.0.200.202406191623/tools/bin/../lib/gcc/arm-none-eabi/12.3.1/../../../../arm-none-eabi/lib/thumb/v7e-m+dp/hard\libc_nano.a(libc_a-stdio.o)
                              C:/ST/STM32CubeIDE_1.13.1/STM32CubeIDE/plugins/com.st.stm32cube.ide.mcu.externaltools.gnu-tools-for-stm32.12.3.rel1.win32_1.0.200.202406191623/tools/bin/../lib/gcc/arm-none-eabi/12.3.1/../../../../arm-none-eabi/lib/thumb/v7e-m+dp/hard\libc_nano.a(libc_a-findfp.o) (__sread)
C:/ST/STM32CubeIDE_1.13.1/STM32CubeIDE/plugins/com.st.stm32cube.ide.mcu.externaltools.gnu-tools-for-stm32.12.3.rel1.win32_1.0.200.202406191623/tools/bin/../lib/gcc/arm-none-eabi/12.3.1/../../../../arm-none-eabi/lib/thumb/v7e-m+dp/hard\libc_nano.a(libc_a-memset.o)
                              C:/ST/STM32CubeIDE_1.13.1/STM32CubeIDE/plugins/com.st.stm32cube.ide.mcu.externaltools.gnu-tools-for-stm32.12.3.rel1.win32_1.0.200.202406191623/tools/bin/../lib/gcc/arm-none-eabi/12.3.1/../../../../arm-none-eabi/lib/thumb/v7e-m+dp/hard/crt0.o (memset)
C:/ST/STM32CubeIDE_1.13.1/STM32CubeIDE/plugins/com.st.stm32cube.ide.mcu.externaltools.gnu-tools-for-stm32.12.3.rel1.win32_1.0.200.202406191623/tools/bin/../lib/gcc/arm-none-eabi/12.3.1/../../../../arm-none-eabi/lib/thumb/v7e-m+dp/hard\libc_nano.a(libc_a-closer.o)
                              C:/ST/STM32CubeIDE_1.13.1/STM32CubeIDE/plugins/com.st.stm32cube.ide.mcu.externaltools.gnu-tools-for-stm32.12.3.rel1.win32_1.0.200.202406191623/tools/bin/../lib/gcc/arm-none-eabi/12.3.1/../../../../arm-none-eabi/lib/thumb/v7e-m+dp/hard\libc_nano.a(libc_a-stdio.o) (_close_r)
C:/ST/STM32CubeIDE_1.13.1/STM32CubeIDE/plugins/com.st.stm32cube.ide.mcu.externaltools.gnu-tools-for-stm32.12.3.rel1.win32_1.0.200.202406191623/tools/bin/../lib/gcc/arm-none-eabi/12.3.1/../../../../arm-none-eabi/lib/thumb/v7e-m+dp/hard\libc_nano.a(libc_a-reent.o)
                              C:/ST/STM32CubeIDE_1.13.1/STM32CubeIDE/plugins/com.st.stm32cube.ide.mcu.externaltools.gnu-tools-for-stm32.12.3.rel1.win32_1.0.200.202406191623/tools/bin/../lib/gcc/arm-none-eabi/12.3.1/../../../../arm-none-eabi/lib/thumb/v7e-m+dp/hard\libc_nano.a(libc_a-closer.o) (errno)
C:/ST/STM32CubeIDE_1.13.1/STM32CubeIDE/plugins/com.st.stm32cube.ide.mcu.externaltools.gnu-tools-for-stm32.12.3.rel1.win32_1.0.200.202406191623/tools/bin/../lib/gcc/arm-none-eabi/12.3.1/../../../../arm-none-eabi/lib/thumb/v7e-m+dp/hard\libc_nano.a(libc_a-impure.o)
                              C:/ST/STM32CubeIDE_1.13.1/STM32CubeIDE/plugins/com.st.stm32cube.ide.mcu.externaltools.gnu-tools-for-stm32.12.3.rel1.win32_1.0.200.202406191623/tools/bin/../lib/gcc/arm-none-eabi/12.3.1/../../../../arm-none-eabi/lib/thumb/v7e-m+dp/hard\libc_nano.a(libc_a-reent.o) (_impure_ptr)
C:/ST/STM32CubeIDE_1.13.1/STM32CubeIDE/plugins/com.st.stm32cube.ide.mcu.externaltools.gnu-tools-for-stm32.12.3.rel1.win32_1.0.200.202406191623/tools/bin/../lib/gcc/arm-none-eabi/12.3.1/../../../../arm-none-eabi/lib/thumb/v7e-m+dp/hard\libc_nano.a(libc_a-lseekr.o)
[...]
Memory Configuration

Name             Origin             Length             Attributes
ITCMRAM          0x00000000         0x00010000         xrw
FLASH            0x08000000         0x00200000         xr
DTCMRAM1         0x20000000         0x00010000         xrw
DTCMRAM2         0x20010000         0x00010000         xrw
RAM              0x24000000         0x00100000         xrw
RAM_CD           0x30000000         0x00020000         xrw
RAM_SRD          0x38000000         0x00008000         xrw
*default*        0x00000000         0xffffffff

Linker script and memory map

LOAD C:/ST/STM32CubeIDE_1.13.1/STM32CubeIDE/plugins/com.st.stm32cube.ide.mcu.externaltools.gnu-tools-for-stm32.12.3.rel1.win32_1.0.200.202406191623/tools/bin/../lib/gcc/arm-none-eabi/12.3.1/thumb/v7e-m+dp/hard/crti.o
LOAD C:/ST/STM32CubeIDE_1.13.1/STM32CubeIDE/plugins/com.st.stm32cube.ide.mcu.externaltools.gnu-tools-for-stm32.12.3.rel1.win32_1.0.200.202406191623/tools/bin/../lib/gcc/arm-none-eabi/12.3.1/thumb/v7e-m+dp/hard/crtbegin.o
LOAD C:/ST/STM32CubeIDE_1.13.1/STM32CubeIDE/plugins/com.st.stm32cube.ide.mcu.externaltools.gnu-tools-for-stm32.12.3.rel1.win32_1.0.200.202406191623/tools/bin/../lib/gcc/arm-none-eabi/12.3.1/../../../../arm-none-eabi/lib/thumb/v7e-m+dp/hard/crt0.o
LOAD ./Core/Src/main.o
LOAD ./Core/Src/stm32h7xx_hal_msp.o
LOAD ./Core/Src/stm32h7xx_it.o
LOAD ./Core/Src/syscalls.o
LOAD ./Core/Src/sysmem.o
LOAD ./Core/Src/system_stm32h7xx.o
LOAD ./Core/Startup/startup_stm32h7a3zitxq.o
LOAD ./Drivers/STM32H7xx_HAL_Driver/Src/stm32h7xx_hal.o
LOAD ./Drivers/STM32H7xx_HAL_Driver/Src/stm32h7xx_hal_cortex.o
LOAD ./Drivers/STM32H7xx_HAL_Driver/Src/stm32h7xx_hal_dma.o
LOAD ./Drivers/STM32H7xx_HAL_Driver/Src/stm32h7xx_hal_dma_ex.o
LOAD ./Drivers/STM32H7xx_HAL_Driver/Src/stm32h7xx_hal_exti.o
LOAD ./Drivers/STM32H7xx_HAL_Driver/Src/stm32h7xx_hal_fdcan.o
LOAD ./Drivers/STM32H7xx_HAL_Driver/Src/stm32h7xx_hal_flash.o
LOAD ./Drivers/STM32H7xx_HAL_Driver/Src/stm32h7xx_hal_flash_ex.o
LOAD ./Drivers/STM32H7xx_HAL_Driver/Src/stm32h7xx_hal_gpio.o
LOAD ./Drivers/STM32H7xx_HAL_Driver/Src/stm32h7xx_hal_hsem.o
LOAD ./Drivers/STM32H7xx_HAL_Driver/Src/stm32h7xx_hal_i2c.o
LOAD ./Drivers/STM32H7xx_HAL_Driver/Src/stm32h7xx_hal_i2c_ex.o
LOAD ./Drivers/STM32H7xx_HAL_Driver/Src/stm32h7xx_hal_mdma.o
LOAD ./Drivers/STM32H7xx_HAL_Driver/Src/stm32h7xx_hal_pwr.o
LOAD ./Drivers/STM32H7xx_HAL_Driver/Src/stm32h7xx_hal_pwr_ex.o
LOAD ./Drivers/STM32H7xx_HAL_Driver/Src/stm32h7xx_hal_rcc.o
LOAD ./Drivers/STM32H7xx_HAL_Driver/Src/stm32h7xx_hal_rcc_ex.o
LOAD ./Drivers/STM32H7xx_HAL_Driver/Src/stm32h7xx_hal_tim.o
LOAD ./Drivers/STM32H7xx_HAL_Driver/Src/stm32h7xx_hal_tim_ex.o
LOAD ./Drivers/STM32H7xx_HAL_Driver/Src/stm32h7xx_hal_uart.o
LOAD ./Drivers/STM32H7xx_HAL_Driver/Src/stm32h7xx_hal_uart_ex.o
START GROUP
LOAD C:/ST/STM32CubeIDE_1.13.1/STM32CubeIDE/plugins/com.st.stm32cube.ide.mcu.externaltools.gnu-tools-for-stm32.12.3.rel1.win32_1.0.200.202406191623/tools/bin/../lib/gcc/arm-none-eabi/12.3.1/../../../../arm-none-eabi/lib/thumb/v7e-m+dp/hard\libc_nano.a
LOAD C:/ST/STM32CubeIDE_1.13.1/STM32CubeIDE/plugins/com.st.stm32cube.ide.mcu.externaltools.gnu-tools-for-stm32.12.3.rel1.win32_1.0.200.202406191623/tools/bin/../lib/gcc/arm-none-eabi/12.3.1/../../../../arm-none-eabi/lib/thumb/v7e-m+dp/hard\libm.a
END GROUP
START GROUP
LOAD C:/ST/STM32CubeIDE_1.13.1/STM32CubeIDE/plugins/com.st.stm32cube.ide.mcu.externaltools.gnu-tools-for-stm32.12.3.rel1.win32_1.0.200.202406191623/tools/bin/../lib/gcc/arm-none-eabi/12.3.1/thumb/v7e-m+dp/hard\libgcc.a
LOAD C:/ST/STM32CubeIDE_1.13.1/STM32CubeIDE/plugins/com.st.stm32cube.ide.mcu.externaltools.gnu-tools-for-stm32.12.3.rel1.win32_1.0.200.202406191623/tools/bin/../lib/gcc/arm-none-eabi/12.3.1/../../../../arm-none-eabi/lib/thumb/v7e-m+dp/hard\libc_nano.a
END GROUP
START GROUP
LOAD C:/ST/STM32CubeIDE_1.13.1/STM32CubeIDE/plugins/com.st.stm32cube.ide.mcu.externaltools.gnu-tools-for-stm32.12.3.rel1.win32_1.0.200.202406191623/tools/bin/../lib/gcc/arm-none-eabi/12.3.1/thumb/v7e-m+dp/hard\libgcc.a
LOAD C:/ST/STM32CubeIDE_1.13.1/STM32CubeIDE/plugins/com.st.stm32cube.ide.mcu.externaltools.gnu-tools-for-stm32.12.3.rel1.win32_1.0.200.202406191623/tools/bin/../lib/gcc/arm-none-eabi/12.3.1/../../../../arm-none-eabi/lib/thumb/v7e-m+dp/hard\libc_nano.a
LOAD C:/ST/STM32CubeIDE_1.13.1/STM32CubeIDE/plugins/com.st.stm32cube.ide.mcu.externaltools.gnu-tools-for-stm32.12.3.rel1.win32_1.0.200.202406191623/tools/bin/../lib/gcc/arm-none-eabi/12.3.1/../../../../arm-none-eabi/lib/thumb/v7e-m+dp/hard\libnosys.a
END GROUP
START GROUP
LOAD C:/ST/STM32CubeIDE_1.13.1/STM32CubeIDE/plugins/com.st.stm32cube.ide.mcu.externaltools.gnu-tools-for-stm32.12.3.rel1.win32_1.0.200.202406191623/tools/bin/../lib/gcc/arm-none-eabi/12.3.1/thumb/v7e-m+dp/hard\libgcc.a
LOAD C:/ST/STM32CubeIDE_1.13.1/STM32CubeIDE/plugins/com.st.stm32cube.ide.mcu.externaltools.gnu-tools-for-stm32.12.3.rel1.win32_1.0.200.202406191623/tools/bin/../lib/gcc/arm-none-eabi/12.3.1/../../../../arm-none-eabi/lib/thumb/v7e-m+dp/hard\libc_nano.a
LOAD C:/ST/STM32CubeIDE_1.13.1/STM32CubeIDE/plugins/com.st.stm32cube.ide.mcu.externaltools.gnu-tools-for-stm32.12.3.rel1.win32_1.0.200.202406191623/tools/bin/../lib/gcc/arm-none-eabi/12.3.1/../../../../arm-none-eabi/lib/thumb/v7e-m+dp/hard\libnosys.a
END GROUP
LOAD C:/ST/STM32CubeIDE_1.13.1/STM32CubeIDE/plugins/com.st.stm32cube.ide.mcu.externaltools.gnu-tools-for-stm32.12.3.rel1.win32_1.0.200.202406191623/tools/bin/../lib/gcc/arm-none-eabi/12.3.1/thumb/v7e-m+dp/hard/crtend.o
LOAD C:/ST/STM32CubeIDE_1.13.1/STM32CubeIDE/plugins/com.st.stm32cube.ide.mcu.externaltools.gnu-tools-for-stm32.12.3.rel1.win32_1.0.200.202406191623/tools/bin/../lib/gcc/arm-none-eabi/12.3.1/thumb/v7e-m+dp/hard/crtn.o
                0x24100000                        _estack = (ORIGIN (RAM) + LENGTH (RAM))
                0x00000200                        _Min_Heap_Size = 0x200
                0x00000400                        _Min_Stack_Size = 0x400

.isr_vector     0x08000000      0x2ac
                0x08000000                        . = ALIGN (0x4)
 *(.isr_vector)
 .isr_vector    0x08000000      0x2ac ./Core/Startup/startup_stm32h7a3zitxq.o
                0x08000000                g_pfnVectors
                0x080002ac                        . = ALIGN (0x4)

.text           0x080002ac     0x68e8
                0x080002ac                        . = ALIGN (0x4)
 *(.text)
 .text          0x080002ac       0x40 C:/ST/STM32CubeIDE_1.13.1/STM32CubeIDE/plugins/com.st.stm32cube.ide.mcu.externaltools.gnu-tools-for-stm32.12.3.rel1.win32_1.0.200.202406191623/tools/bin/../lib/gcc/arm-none-eabi/12.3.1/thumb/v7e-m+dp/hard/crtbegin.o
 .text          0x080002ec       0x30 C:/ST/STM32CubeIDE_1.13.1/STM32CubeIDE/plugins/com.st.stm32cube.ide.mcu.externaltools.gnu-tools-for-stm32.12.3.rel1.win32_1.0.200.202406191623/tools/bin/../lib/gcc/arm-none-eabi/12.3.1/thumb/v7e-m+dp/hard\libgcc.a(_aeabi_uldivmod.o)
                0x080002ec                __aeabi_uldivmod
 .text          0x0800031c      0x2bc C:/ST/STM32CubeIDE_1.13.1/STM32CubeIDE/plugins/com.st.stm32cube.ide.mcu.externaltools.gnu-tools-for-stm32.12.3.rel1.win32_1.0.200.202406191623/tools/bin/../lib/gcc/arm-none-eabi/12.3.1/thumb/v7e-m+dp/hard\libgcc.a(_udivmoddi4.o)
                0x0800031c                __udivmoddi4
 .text          0x080005d8        0x4 C:/ST/STM32CubeIDE_1.13.1/STM32CubeIDE/plugins/com.st.stm32cube.ide.mcu.externaltools.gnu-tools-for-stm32.12.3.rel1.win32_1.0.200.202406191623/tools/bin/../lib/gcc/arm-none-eabi/12.3.1/thumb/v7e-m+dp/hard\libgcc.a(_dvmd_tls.o)
                0x080005d8                __aeabi_idiv0
                0x080005d8                __aeabi_ldiv0
 *(.text*)
 .text.main     0x080005dc       0x58 ./Core/Src/main.o
                0x080005dc                main
 .text.SystemClock_Config
                0x08000634       0xec ./Core/Src/main.o
                0x08000634                SystemClock_Config
 .text.MX_FDCAN1_Init
                0x08000720       0xc8 ./Core/Src/main.o
 .text.MX_TIM1_Init
                0x080007e8       0xa8 ./Core/Src/main.o
 .text.MX_USART3_UART_Init
                0x08000890       0x98 ./Core/Src/main.o
 .text.MX_USB_OTG_HS_USB_Init
                0x08000928        0xe ./Core/Src/main.o
 *fill*         0x08000936        0x2 
 .text.MX_GPIO_Init
                0x08000938      0x234 ./Core/Src/main.o
 .text.FDCAN_Send_Bridge_Start
                0x08000b6c       0x50 ./Core/Src/main.o
                0x08000b6c                FDCAN_Send_Bridge_Start
 .text.FDCAN_Send_Bridge_Command
                0x08000bbc       0x68 ./Core/Src/main.o
                0x08000bbc                FDCAN_Send_Bridge_Command
 .text.FDCAN_Send_Bridge_Heartbeat
                0x08000c24       0x44 ./Core/Src/main.o
                0x08000c24                FDCAN_Send_Bridge_Heartbeat
 .text.Error_Handler
                0x08000c68        0xc ./Core/Src/main.o
                0x08000c68                Error_Handler
 .text.HAL_MspInit
                0x08000c74       0x34 ./Core/Src/stm32h7xx_hal_msp.o
                0x08000c74                HAL_MspInit
 .text.HAL_FDCAN_MspInit
                0x08000ca8       0xd4 ./Core/Src/stm32h7xx_hal_msp.o
                0x08000ca8                HAL_FDCAN_MspInit
 .text.HAL_TIM_Base_MspInit
                0x08000d7c       0x50 ./Core/Src/stm32h7xx_hal_msp.o
                0x08000d7c                HAL_TIM_Base_MspInit
 .text.HAL_UART_MspInit
                0x08000dcc       0xd4 ./Core/Src/stm32h7xx_hal_msp.o
                0x08000dcc                HAL_UART_MspInit
 .text.NMI_Handler
                0x08000ea0        0x8 ./Core/Src/stm32h7xx_it.o
                0x08000ea0                NMI_Handler
 .text.HardFault_Handler
                0x08000ea8        0x8 ./Core/Src/stm32h7xx_it.o
                0x08000ea8                HardFault_Handler
 .text.MemManage_Handler
                0x08000eb0        0x8 ./Core/Src/stm32h7xx_it.o
                0x08000eb0                MemManage_Handler
 .text.BusFault_Handler
                0x08000eb8        0x8 ./Core/Src/stm32h7xx_it.o
                0x08000eb8                BusFault_Handler
 .text.UsageFault_Handler
                0x08000ec0        0x8 ./Core/Src/stm32h7xx_it.o
                0x08000ec0                UsageFault_Handler
 .text.SVC_Handler
                0x08000ec8        0xe ./Core/Src/stm32h7xx_it.o
                0x08000ec8                SVC_Handler
 .text.DebugMon_Handler
                0x08000ed6        0xe ./Core/Src/stm32h7xx_it.o
                0x08000ed6                DebugMon_Handler
 .text.PendSV_Handler
                0x08000ee4        0xe ./Core/Src/stm32h7xx_it.o
                0x08000ee4                PendSV_Handler
 .text.SysTick_Handler
                0x08000ef2        0xc ./Core/Src/stm32h7xx_it.o
                0x08000ef2                SysTick_Handler
 *fill*         0x08000efe        0x2 
 .text.TIM1_UP_IRQHandler
                0x08000f00       0x18 ./Core/Src/stm32h7xx_it.o
                0x08000f00                TIM1_UP_IRQHandler
 .text.SystemInit
                0x08000f18       0xf0 ./Core/Src/system_stm32h7xx.o
                0x08000f18                SystemInit
 .text.Reset_Handler
                0x08001008       0x50 ./Core/Startup/startup_stm32h7a3zitxq.o
                0x08001008                Reset_Handler
 .text.Default_Handler
                0x08001058        0x2 ./Core/Startup/startup_stm32h7a3zitxq.o
                0x08001058                RTC_Alarm_IRQHandler
                0x08001058                EXTI2_IRQHandler
                0x08001058                TIM8_CC_IRQHandler
                0x08001058                UART8_IRQHandler
                0x08001058                BDMA2_Channel1_IRQHandler
                0x08001058                SPI4_IRQHandler
                0x08001058                BDMA2_Channel0_IRQHandler
                0x08001058                TIM1_CC_IRQHandler
                0x08001058                DMA2_Stream5_IRQHandler
                0x08001058                JPEG_IRQHandler
                0x08001058                DMA1_Stream5_IRQHandler
                0x08001058                EXTI3_IRQHandler
                0x08001058                LPTIM4_IRQHandler
                0x08001058                TIM8_TRG_COM_TIM14_IRQHandler
                0x08001058                LPTIM2_IRQHandler
                0x08001058                DFSDM1_FLT1_IRQHandler
                0x08001058                DMAMUX2_OVR_IRQHandler
                0x08001058                GFXMMU_IRQHandler
                0x08001058                TIM8_UP_TIM13_IRQHandler
                0x08001058                I2C3_ER_IRQHandler
                0x08001058                DFSDM1_FLT2_IRQHandler
                0x08001058                USART10_IRQHandler
                0x08001058                MDMA_IRQHandler
                0x08001058                LPTIM3_IRQHandler
                0x08001058                BDMA2_Channel3_IRQHandler
                0x08001058                HSEM1_IRQHandler
                0x08001058                EXTI0_IRQHandler
                0x08001058                I2C2_EV_IRQHandler
                0x08001058                DAC2_IRQHandler
                0x08001058                DMA1_Stream2_IRQHandler
                0x08001058                FPU_IRQHandler
                0x08001058                OTG_HS_WKUP_IRQHandler
                0x08001058                FDCAN1_IT1_IRQHandler
                0x08001058                LTDC_ER_IRQHandler
                0x08001058                DMA2_Stream2_IRQHandler
                0x08001058                SPI1_IRQHandler
                0x08001058                OCTOSPI1_IRQHandler
                0x08001058                TIM6_DAC_IRQHandler
                0x08001058                BDMA2_Channel6_IRQHandler
                0x08001058                DMA2_Stream3_IRQHandler
                0x08001058                OCTOSPI2_IRQHandler
                0x08001058                SAI2_IRQHandler
                0x08001058                BDMA1_IRQHandler
                0x08001058                DFSDM1_FLT3_IRQHandler
                0x08001058                USART6_IRQHandler
                0x08001058                TIM17_IRQHandler
                0x08001058                USART3_IRQHandler
                0x08001058                LPTIM5_IRQHandler
                0x08001058                UART5_IRQHandler
                0x08001058                DMA2_Stream0_IRQHandler
                0x08001058                TIM4_IRQHandler
                0x08001058                I2C1_EV_IRQHandler
                0x08001058                DMA1_Stream6_IRQHandler
                0x08001058                DMAMUX1_OVR_IRQHandler
                0x08001058                DMA1_Stream1_IRQHandler
                0x08001058                TIM16_IRQHandler
                0x08001058                UART4_IRQHandler
                0x08001058                TIM3_IRQHandler
                0x08001058                RCC_IRQHandler
                0x08001058                UART9_IRQHandler
                0x08001058                TIM8_BRK_TIM12_IRQHandler
                0x08001058                TIM1_TRG_COM_IRQHandler
                0x08001058                Default_Handler
                0x08001058                ECC_IRQHandler
                0x08001058                BDMA2_Channel2_IRQHandler
                0x08001058                CEC_IRQHandler
                0x08001058                EXTI15_10_IRQHandler
                0x08001058                DFSDM1_FLT4_IRQHandler
                0x08001058                ADC_IRQHandler
                0x08001058                DMA1_Stream7_IRQHandler
                0x08001058                SPI5_IRQHandler
                0x08001058                TIM7_IRQHandler
                0x08001058                SDMMC1_IRQHandler
                0x08001058                TIM5_IRQHandler
                0x08001058                DMA2_Stream7_IRQHandler
                0x08001058                TIM15_IRQHandler
                0x08001058                I2C3_EV_IRQHandler
                0x08001058                DFSDM2_IRQHandler
                0x08001058                EXTI9_5_IRQHandler
                0x08001058                RTC_WKUP_IRQHandler
                0x08001058                LTDC_IRQHandler
                0x08001058                SPDIF_RX_IRQHandler
                0x08001058                PVD_PVM_IRQHandler
                0x08001058                SPI2_IRQHandler
                0x08001058                OTG_HS_EP1_IN_IRQHandler
                0x08001058                DFSDM1_FLT5_IRQHandler
                0x08001058                DMA1_Stream0_IRQHandler
                0x08001058                CRS_IRQHandler
                0x08001058                EXTI4_IRQHandler
                0x08001058                DFSDM1_FLT6_IRQHandler
                0x08001058                RNG_IRQHandler
                0x08001058                FDCAN2_IT1_IRQHandler
                0x08001058                COMP_IRQHandler
                0x08001058                OTG_HS_EP1_OUT_IRQHandler
                0x08001058                WWDG_IRQHandler
                0x08001058                SPI6_IRQHandler
                0x08001058                MDIOS_IRQHandler
                0x08001058                I2C4_EV_IRQHandler
                0x08001058                FDCAN2_IT0_IRQHandler
                0x08001058                LPUART1_IRQHandler
                0x08001058                FDCAN1_IT0_IRQHandler
                0x08001058                TIM2_IRQHandler
                0x08001058                BDMA2_Channel5_IRQHandler
                0x08001058                OTG_HS_IRQHandler
                0x08001058                DMA2D_IRQHandler
                0x08001058                TIM1_BRK_IRQHandler
                0x08001058                EXTI1_IRQHandler
                0x08001058                SDMMC2_IRQHandler
                0x08001058                DTS_IRQHandler
                0x08001058                UART7_IRQHandler
                0x08001058                MDIOS_WKUP_IRQHandler
                0x08001058                USART2_IRQHandler
                0x08001058                DFSDM1_FLT0_IRQHandler
                0x08001058                I2C2_ER_IRQHandler
                0x08001058                DMA2_Stream1_IRQHandler
                0x08001058                DFSDM1_FLT7_IRQHandler
                0x08001058                FLASH_IRQHandler
                0x08001058                DMA2_Stream4_IRQHandler
                0x08001058                USART1_IRQHandler
                0x08001058                SPI3_IRQHandler
                0x08001058                WAKEUP_PIN_IRQHandler
                0x08001058                DMA1_Stream4_IRQHandler
                0x08001058                I2C1_ER_IRQHandler
                0x08001058                FMC_IRQHandler
                0x08001058                BDMA2_Channel7_IRQHandler
                0x08001058                FDCAN_CAL_IRQHandler
                0x08001058                SWPMI1_IRQHandler
                0x08001058                LPTIM1_IRQHandler
                0x08001058                DCMI_PSSI_IRQHandler
                0x08001058                I2C4_ER_IRQHandler
                0x08001058                DMA2_Stream6_IRQHandler
                0x08001058                SAI1_IRQHandler
                0x08001058                DMA1_Stream3_IRQHandler
                0x08001058                RTC_TAMP_STAMP_CSS_LSE_IRQHandler
                0x08001058                BDMA2_Channel4_IRQHandler
 *fill*         0x0800105a        0x2 
 .text.HAL_Init
                0x0800105c       0x78 ./Drivers/STM32H7xx_HAL_Driver/Src/stm32h7xx_hal.o
                0x0800105c                HAL_Init
 .text.HAL_InitTick
                0x080010d4       0x6c ./Drivers/STM32H7xx_HAL_Driver/Src/stm32h7xx_hal.o
                0x080010d4                HAL_InitTick
 .text.HAL_IncTick
                0x08001140       0x28 ./Drivers/STM32H7xx_HAL_Driver/Src/stm32h7xx_hal.o
                0x08001140                HAL_IncTick
 .text.HAL_GetTick
                0x08001168       0x18 ./Drivers/STM32H7xx_HAL_Driver/Src/stm32h7xx_hal.o
                0x08001168                HAL_GetTick
 .text.HAL_Delay
                0x08001180       0x48 ./Drivers/STM32H7xx_HAL_Driver/Src/stm32h7xx_hal.o
                0x08001180                HAL_Delay
 .text.__NVIC_SetPriorityGrouping
                0x080011c8       0x48 ./Drivers/STM32H7xx_HAL_Driver/Src/stm32h7xx_hal_cortex.o
 .text.__NVIC_GetPriorityGrouping
                0x08001210       0x1c ./Drivers/STM32H7xx_HAL_Driver/Src/stm32h7xx_hal_cortex.o
 .text.__NVIC_EnableIRQ
                0x0800122c       0x3c ./Drivers/STM32H7xx_HAL_Driver/Src/stm32h7xx_hal_cortex.o
 .text.__NVIC_SetPriority
                0x08001268       0x54 ./Drivers/STM32H7xx_HAL_Driver/Src/stm32h7xx_hal_cortex.o
 .text.NVIC_EncodePriority
                0x080012bc       0x66 ./Drivers/STM32H7xx_HAL_Driver/Src/stm32h7xx_hal_cortex.o
 *fill*         0x08001322        0x2 
 .text.SysTick_Config
                0x08001324       0x44 ./Drivers/STM32H7xx_HAL_Driver/Src/stm32h7xx_hal_cortex.o
 .text.HAL_NVIC_SetPriorityGrouping
                0x08001368       0x16 ./Drivers/STM32H7xx_HAL_Driver/Src/stm32h7xx_hal_cortex.o
                0x08001368                HAL_NVIC_SetPriorityGrouping
 .text.HAL_NVIC_SetPriority
                0x0800137e       0x34 ./Drivers/STM32H7xx_HAL_Driver/Src/stm32h7xx_hal_cortex.o
                0x0800137e                HAL_NVIC_SetPriority
 .text.HAL_NVIC_EnableIRQ
                0x080013b2       0x1c ./Drivers/STM32H7xx_HAL_Driver/Src/stm32h7xx_hal_cortex.o
                0x080013b2                HAL_NVIC_EnableIRQ
 .text.HAL_SYSTICK_Config
                0x080013ce       0x18 ./Drivers/STM32H7xx_HAL_Driver/Src/stm32h7xx_hal_cortex.o
                0x080013ce                HAL_SYSTICK_Config
 *fill*         0x080013e6        0x2 
 .text.HAL_FDCAN_Init
                0x080013e8      0x3bc ./Drivers/STM32H7xx_HAL_Driver/Src/stm32h7xx_hal_fdcan.o
                0x080013e8                HAL_FDCAN_Init
 .text.HAL_FDCAN_Start
                0x080017a4       0x56 ./Drivers/STM32H7xx_HAL_Driver/Src/stm32h7xx_hal_fdcan.o
                0x080017a4                HAL_FDCAN_Start
 .text.HAL_FDCAN_AddMessageToTxFifoQ
                0x080017fa       0xb6 ./Drivers/STM32H7xx_HAL_Driver/Src/stm32h7xx_hal_fdcan.o
                0x080017fa                HAL_FDCAN_AddMessageToTxFifoQ
 .text.HAL_FDCAN_ActivateNotification
                0x080018b0       0xf4 ./Drivers/STM32H7xx_HAL_Driver/Src/stm32h7xx_hal_fdcan.o
                0x080018b0                HAL_FDCAN_ActivateNotification
 .text.FDCAN_CalcultateRamBlockAddresses
                0x080019a4      0x30c ./Drivers/STM32H7xx_HAL_Driver/Src/stm32h7xx_hal_fdcan.o
 .text.FDCAN_CopyMessageToRAM
                0x08001cb0       0xfc ./Drivers/STM32H7xx_HAL_Driver/Src/stm32h7xx_hal_fdcan.o
 .text.HAL_GPIO_Init
                0x08001dac      0x360 ./Drivers/STM32H7xx_HAL_Driver/Src/stm32h7xx_hal_gpio.o
                0x08001dac                HAL_GPIO_Init
 .text.HAL_GPIO_WritePin
                0x0800210c       0x32 ./Drivers/STM32H7xx_HAL_Driver/Src/stm32h7xx_hal_gpio.o
                0x0800210c                HAL_GPIO_WritePin
 .text.HAL_GPIO_TogglePin
                0x0800213e       0x34 ./Drivers/STM32H7xx_HAL_Driver/Src/stm32h7xx_hal_gpio.o
                0x0800213e                HAL_GPIO_TogglePin
 *fill*         0x08002172        0x2 
 .text.HAL_PWREx_ConfigSupply
                0x08002174       0xb4 ./Drivers/STM32H7xx_HAL_Driver/Src/stm32h7xx_hal_pwr_ex.o
                0x08002174                HAL_PWREx_ConfigSupply
 .text.HAL_RCC_OscConfig
                0x08002228      0x864 ./Drivers/STM32H7xx_HAL_Driver/Src/stm32h7xx_hal_rcc.o
                0x08002228                HAL_RCC_OscConfig
 .text.HAL_RCC_ClockConfig
                0x08002a8c      0x36c ./Drivers/STM32H7xx_HAL_Driver/Src/stm32h7xx_hal_rcc.o
                0x08002a8c                HAL_RCC_ClockConfig
 .text.HAL_RCC_GetSysClockFreq
                0x08002df8      0x2f4 ./Drivers/STM32H7xx_HAL_Driver/Src/stm32h7xx_hal_rcc.o
                0x08002df8                HAL_RCC_GetSysClockFreq
 .text.HAL_RCC_GetHCLKFreq
                0x080030ec       0x60 ./Drivers/STM32H7xx_HAL_Driver/Src/stm32h7xx_hal_rcc.o
                0x080030ec                HAL_RCC_GetHCLKFreq
 .text.HAL_RCC_GetPCLK1Freq
                0x0800314c       0x2c ./Drivers/STM32H7xx_HAL_Driver/Src/stm32h7xx_hal_rcc.o
                0x0800314c                HAL_RCC_GetPCLK1Freq
 .text.HAL_RCC_GetPCLK2Freq
                0x08003178       0x2c ./Drivers/STM32H7xx_HAL_Driver/Src/stm32h7xx_hal_rcc.o
                0x08003178                HAL_RCC_GetPCLK2Freq
 .text.HAL_RCCEx_PeriphCLKConfig
                0x080031a4     0x137c ./Drivers/STM32H7xx_HAL_Driver/Src/stm32h7xx_hal_rcc_ex.o
                0x080031a4                HAL_RCCEx_PeriphCLKConfig
 .text.HAL_RCCEx_GetD3PCLK1Freq
                0x08004520       0x2c ./Drivers/STM32H7xx_HAL_Driver/Src/stm32h7xx_hal_rcc_ex.o
                0x08004520                HAL_RCCEx_GetD3PCLK1Freq
 .text.HAL_RCCEx_GetPLL2ClockFreq
                0x0800454c      0x2a8 ./Drivers/STM32H7xx_HAL_Driver/Src/stm32h7xx_hal_rcc_ex.o
                0x0800454c                HAL_RCCEx_GetPLL2ClockFreq
 .text.HAL_RCCEx_GetPLL3ClockFreq
                0x080047f4      0x2a8 ./Drivers/STM32H7xx_HAL_Driver/Src/stm32h7xx_hal_rcc_ex.o
                0x080047f4                HAL_RCCEx_GetPLL3ClockFreq
 .text.RCCEx_PLL2_Config
                0x08004a9c      0x164 ./Drivers/STM32H7xx_HAL_Driver/Src/stm32h7xx_hal_rcc_ex.o
 .text.RCCEx_PLL3_Config
                0x08004c00      0x164 ./Drivers/STM32H7xx_HAL_Driver/Src/stm32h7xx_hal_rcc_ex.o
 .text.HAL_TIM_Base_Init
                0x08004d64       0xae ./Drivers/STM32H7xx_HAL_Driver/Src/stm32h7xx_hal_tim.o
                0x08004d64                HAL_TIM_Base_Init
 *fill*         0x08004e12        0x2 
 .text.HAL_TIM_Base_Start_IT
                0x08004e14       0xf0 ./Drivers/STM32H7xx_HAL_Driver/Src/stm32h7xx_hal_tim.o
                0x08004e14                HAL_TIM_Base_Start_IT
 .text.HAL_TIM_IRQHandler
                0x08004f04      0x20e ./Drivers/STM32H7xx_HAL_Driver/Src/stm32h7xx_hal_tim.o
                0x08004f04                HAL_TIM_IRQHandler
 *fill*         0x08005112        0x2 
 .text.HAL_TIM_ConfigClockSource
                0x08005114      0x1f0 ./Drivers/STM32H7xx_HAL_Driver/Src/stm32h7xx_hal_tim.o
                0x08005114                HAL_TIM_ConfigClockSource
 .text.HAL_TIM_PeriodElapsedCallback
                0x08005304       0x14 ./Drivers/STM32H7xx_HAL_Driver/Src/stm32h7xx_hal_tim.o
                0x08005304                HAL_TIM_PeriodElapsedCallback
 .text.HAL_TIM_OC_DelayElapsedCallback
                0x08005318       0x14 ./Drivers/STM32H7xx_HAL_Driver/Src/stm32h7xx_hal_tim.o
                0x08005318                HAL_TIM_OC_DelayElapsedCallback
 .text.HAL_TIM_IC_CaptureCallback
                0x0800532c       0x14 ./Drivers/STM32H7xx_HAL_Driver/Src/stm32h7xx_hal_tim.o
                0x0800532c                HAL_TIM_IC_CaptureCallback
 .text.HAL_TIM_PWM_PulseFinishedCallback
                0x08005340       0x14 ./Drivers/STM32H7xx_HAL_Driver/Src/stm32h7xx_hal_tim.o
                0x08005340                HAL_TIM_PWM_PulseFinishedCallback
 .text.HAL_TIM_TriggerCallback
                0x08005354       0x14 ./Drivers/STM32H7xx_HAL_Driver/Src/stm32h7xx_hal_tim.o
                0x08005354                HAL_TIM_TriggerCallback
 .text.TIM_Base_SetConfig
                0x08005368      0x14c ./Drivers/STM32H7xx_HAL_Driver/Src/stm32h7xx_hal_tim.o
                0x08005368                TIM_Base_SetConfig
 .text.TIM_TI1_ConfigInputStage
                0x080054b4       0x5e ./Drivers/STM32H7xx_HAL_Driver/Src/stm32h7xx_hal_tim.o
 .text.TIM_TI2_ConfigInputStage
                0x08005512       0x60 ./Drivers/STM32H7xx_HAL_Driver/Src/stm32h7xx_hal_tim.o
 *fill*         0x08005572        0x2 
 .text.TIM_ITRx_SetConfig
                0x08005574       0x3c ./Drivers/STM32H7xx_HAL_Driver/Src/stm32h7xx_hal_tim.o
 .text.TIM_ETR_SetConfig
                0x080055b0       0x40 ./Drivers/STM32H7xx_HAL_Driver/Src/stm32h7xx_hal_tim.o
                0x080055b0                TIM_ETR_SetConfig
 .text.HAL_TIMEx_MasterConfigSynchronization
                0x080055f0      0x11c ./Drivers/STM32H7xx_HAL_Driver/Src/stm32h7xx_hal_tim_ex.o
                0x080055f0                HAL_TIMEx_MasterConfigSynchronization
 .text.HAL_TIMEx_CommutCallback
                0x0800570c       0x14 ./Drivers/STM32H7xx_HAL_Driver/Src/stm32h7xx_hal_tim_ex.o
                0x0800570c                HAL_TIMEx_CommutCallback
 .text.HAL_TIMEx_BreakCallback
                0x08005720       0x14 ./Drivers/STM32H7xx_HAL_Driver/Src/stm32h7xx_hal_tim_ex.o
                0x08005720                HAL_TIMEx_BreakCallback
 .text.HAL_TIMEx_Break2Callback
                0x08005734       0x14 ./Drivers/STM32H7xx_HAL_Driver/Src/stm32h7xx_hal_tim_ex.o
                0x08005734                HAL_TIMEx_Break2Callback
 .text.HAL_UART_Init
                0x08005748       0xa0 ./Drivers/STM32H7xx_HAL_Driver/Src/stm32h7xx_hal_uart.o
                0x08005748                HAL_UART_Init
 .text.UART_SetConfig
                0x080057e8      0xcd8 ./Drivers/STM32H7xx_HAL_Driver/Src/stm32h7xx_hal_uart.o
                0x080057e8                UART_SetConfig
 .text.UART_AdvFeatureConfig
                0x080064c0      0x144 ./Drivers/STM32H7xx_HAL_Driver/Src/stm32h7xx_hal_uart.o
                0x080064c0                UART_AdvFeatureConfig
 .text.UART_CheckIdleState
                0x08006604      0x154 ./Drivers/STM32H7xx_HAL_Driver/Src/stm32h7xx_hal_uart.o
                0x08006604                UART_CheckIdleState
 .text.UART_WaitOnFlagUntilTimeout
                0x08006758       0xda ./Drivers/STM32H7xx_HAL_Driver/Src/stm32h7xx_hal_uart.o
                0x08006758                UART_WaitOnFlagUntilTimeout
 *fill*         0x08006832        0x2 
 .text.UART_EndRxTransfer
                0x08006834       0xcc ./Drivers/STM32H7xx_HAL_Driver/Src/stm32h7xx_hal_uart.o
 .text.HAL_UARTEx_DisableFifoMode
                0x08006900       0x72 ./Drivers/STM32H7xx_HAL_Driver/Src/stm32h7xx_hal_uart_ex.o
                0x08006900                HAL_UARTEx_DisableFifoMode
 .text.HAL_UARTEx_SetTxFifoThreshold
                0x08006972       0x7c ./Drivers/STM32H7xx_HAL_Driver/Src/stm32h7xx_hal_uart_ex.o
                0x08006972                HAL_UARTEx_SetTxFifoThreshold
 .text.HAL_UARTEx_SetRxFifoThreshold
                0x080069ee       0x7c ./Drivers/STM32H7xx_HAL_Driver/Src/stm32h7xx_hal_uart_ex.o
                0x080069ee                HAL_UARTEx_SetRxFifoThreshold
 *fill*         0x08006a6a        0x2 
 .text.UARTEx_SetNbDataToProcess
                0x08006a6c       0x9c ./Drivers/STM32H7xx_HAL_Driver/Src/stm32h7xx_hal_uart_ex.o
 .text.memset   0x08006b08       0x10 C:/ST/STM32CubeIDE_1.13.1/STM32CubeIDE/plugins/com.st.stm32cube.ide.mcu.externaltools.gnu-tools-for-stm32.12.3.rel1.win32_1.0.200.202406191623/tools/bin/../lib/gcc/arm-none-eabi/12.3.1/../../../../arm-none-eabi/lib/thumb/v7e-m+dp/hard\libc_nano.a(libc_a-memset.o)
                0x08006b08                memset
 .text.__libc_init_array
                0x08006b18       0x48 C:/ST/STM32CubeIDE_1.13.1/STM32CubeIDE/plugins/com.st.stm32cube.ide.mcu.externaltools.gnu-tools-for-stm32.12.3.rel1.win32_1.0.200.202406191623/tools/bin/../lib/gcc/arm-none-eabi/12.3.1/../../../../arm-none-eabi/lib/thumb/v7e-m+dp/hard\libc_nano.a(libc_a-init.o)
                0x08006b18                __libc_init_array
 .text.memcpy   0x08006b60       0x1c C:/ST/STM32CubeIDE_1.13.1/STM32CubeIDE/plugins/com.st.stm32cube.ide.mcu.externaltools.gnu-tools-for-stm32.12.3.rel1.win32_1.0.200.202406191623/tools/bin/../lib/gcc/arm-none-eabi/12.3.1/../../../../arm-none-eabi/lib/thumb/v7e-m+dp/hard\libc_nano.a(libc_a-memcpy-stub.o)
                0x08006b60                memcpy
 *(.glue_7)
 .glue_7        0x08006b7c        0x0 linker stubs
 *(.glue_7t)
 .glue_7t       0x08006b7c        0x0 linker stubs
 *(.eh_frame)
 .eh_frame      0x08006b7c        0x0 C:/ST/STM32CubeIDE_1.13.1/STM32CubeIDE/plugins/com.st.stm32cube.ide.mcu.externaltools.gnu-tools-for-stm32.12.3.rel1.win32_1.0.200.202406191623/tools/bin/../lib/gcc/arm-none-eabi/12.3.1/thumb/v7e-m+dp/hard/crtbegin.o
 *(.init)
 .init          0x08006b7c        0x4 C:/ST/STM32CubeIDE_1.13.1/STM32CubeIDE/plugins/com.st.stm32cube.ide.mcu.externaltools.gnu-tools-for-stm32.12.3.rel1.win32_1.0.200.202406191623/tools/bin/../lib/gcc/arm-none-eabi/12.3.1/thumb/v7e-m+dp/hard/crti.o
                0x08006b7c                _init
 .init          0x08006b80        0x8 C:/ST/STM32CubeIDE_1.13.1/STM32CubeIDE/plugins/com.st.stm32cube.ide.mcu.externaltools.gnu-tools-for-stm32.12.3.rel1.win32_1.0.200.202406191623/tools/bin/../lib/gcc/arm-none-eabi/12.3.1/thumb/v7e-m+dp/hard/crtn.o
 *(.fini)
 .fini          0x08006b88        0x4 C:/ST/STM32CubeIDE_1.13.1/STM32CubeIDE/plugins/com.st.stm32cube.ide.mcu.externaltools.gnu-tools-for-stm32.12.3.rel1.win32_1.0.200.202406191623/tools/bin/../lib/gcc/arm-none-eabi/12.3.1/thumb/v7e-m+dp/hard/crti.o
                0x08006b88                _fini
 .fini          0x08006b8c        0x8 C:/ST/STM32CubeIDE_1.13.1/STM32CubeIDE/plugins/com.st.stm32cube.ide.mcu.externaltools.gnu-tools-for-stm32.12.3.rel1.win32_1.0.200.202406191623/tools/bin/../lib/gcc/arm-none-eabi/12.3.1/thumb/v7e-m+dp/hard/crtn.o
                0x08006b94                        . = ALIGN (0x4)
                0x08006b94                        _etext = .

.vfp11_veneer   0x08006b94        0x0
 .vfp11_veneer  0x08006b94        0x0 linker stubs

.v4_bx          0x08006b94        0x0
 .v4_bx         0x08006b94        0x0 linker stubs

.iplt           0x08006b94        0x0
 .iplt          0x08006b94        0x0 C:/ST/STM32CubeIDE_1.13.1/STM32CubeIDE/plugins/com.st.stm32cube.ide.mcu.externaltools.gnu-tools-for-stm32.12.3.rel1.win32_1.0.200.202406191623/tools/bin/../lib/gcc/arm-none-eabi/12.3.1/thumb/v7e-m+dp/hard/crtbegin.o

.rodata         0x08006b94       0x94
                0x08006b94                        . = ALIGN (0x4)
 *(.rodata)
 .rodata        0x08006b94       0x4c ./Drivers/STM32H7xx_HAL_Driver/Src/stm32h7xx_hal_fdcan.o
 *(.rodata*)
 .rodata.D1CorePrescTable
                0x08006be0       0x10 ./Core/Src/system_stm32h7xx.o
                0x08006be0                D1CorePrescTable
 .rodata.DLCtoBytes
                0x08006bf0       0x10 ./Drivers/STM32H7xx_HAL_Driver/Src/stm32h7xx_hal_fdcan.o
 .rodata.UARTPrescTable
                0x08006c00       0x18 ./Drivers/STM32H7xx_HAL_Driver/Src/stm32h7xx_hal_uart.o
                0x08006c00                UARTPrescTable
 .rodata.numerator.1
                0x08006c18        0x8 ./Drivers/STM32H7xx_HAL_Driver/Src/stm32h7xx_hal_uart_ex.o
 .rodata.denominator.0
                0x08006c20        0x8 ./Drivers/STM32H7xx_HAL_Driver/Src/stm32h7xx_hal_uart_ex.o
                0x08006c28                        . = ALIGN (0x4)

.ARM.extab
 *(.ARM.extab* .gnu.linkonce.armextab.*)

.ARM            0x08006c28        0x8
                0x08006c28                        __exidx_start = .
 *(.ARM.exidx*)
 .ARM.exidx     0x08006c28        0x8 C:/ST/STM32CubeIDE_1.13.1/STM32CubeIDE/plugins/com.st.stm32cube.ide.mcu.externaltools.gnu-tools-for-stm32.12.3.rel1.win32_1.0.200.202406191623/tools/bin/../lib/gcc/arm-none-eabi/12.3.1/thumb/v7e-m+dp/hard\libgcc.a(_udivmoddi4.o)
                0x08006c30                        __exidx_end = .

.preinit_array  0x08006c30        0x0
                0x08006c30                        PROVIDE (__preinit_array_start = .)
 *(.preinit_array*)
                0x08006c30                        PROVIDE (__preinit_array_end = .)

.init_array     0x08006c30        0x4
                0x08006c30                        PROVIDE (__init_array_start = .)
 *(SORT_BY_NAME(.init_array.*))
 *(.init_array*)
 .init_array    0x08006c30        0x4 C:/ST/STM32CubeIDE_1.13.1/STM32CubeIDE/plugins/com.st.stm32cube.ide.mcu.externaltools.gnu-tools-for-stm32.12.3.rel1.win32_1.0.200.202406191623/tools/bin/../lib/gcc/arm-none-eabi/12.3.1/thumb/v7e-m+dp/hard/crtbegin.o
                0x08006c34                        PROVIDE (__init_array_end = .)

.fini_array     0x08006c34        0x4
                [!provide]                        PROVIDE (__fini_array_start = .)
 *(SORT_BY_NAME(.fini_array.*))
 *(.fini_array*)
 .fini_array    0x08006c34        0x4 C:/ST/STM32CubeIDE_1.13.1/STM32CubeIDE/plugins/com.st.stm32cube.ide.mcu.externaltools.gnu-tools-for-stm32.12.3.rel1.win32_1.0.200.202406191623/tools/bin/../lib/gcc/arm-none-eabi/12.3.1/thumb/v7e-m+dp/hard/crtbegin.o
                [!provide]                        PROVIDE (__fini_array_end = .)
                0x08006c38                        _sidata = LOADADDR (.data)

.rel.dyn        0x08006c38        0x0
 .rel.iplt      0x08006c38        0x0 C:/ST/STM32CubeIDE_1.13.1/STM32CubeIDE/plugins/com.st.stm32cube.ide.mcu.externaltools.gnu-tools-for-stm32.12.3.rel1.win32_1.0.200.202406191623/tools/bin/../lib/gcc/arm-none-eabi/12.3.1/thumb/v7e-m+dp/hard/crtbegin.o

.data           0x24000000       0x10 load address 0x08006c38
                0x24000000                        . = ALIGN (0x4)
                0x24000000                        _sdata = .
 *(.data)
 *(.data*)
 .data.SystemCoreClock
                0x24000000        0x4 ./Core/Src/system_stm32h7xx.o
                0x24000000                SystemCoreClock
 .data.SystemD2Clock
                0x24000004        0x4 ./Core/Src/system_stm32h7xx.o
                0x24000004                SystemD2Clock
 .data.uwTickPrio
                0x24000008        0x4 ./Drivers/STM32H7xx_HAL_Driver/Src/stm32h7xx_hal.o
                0x24000008                uwTickPrio
 .data.uwTickFreq
                0x2400000c        0x1 ./Drivers/STM32H7xx_HAL_Driver/Src/stm32h7xx_hal.o
                0x2400000c                uwTickFreq
 *(.RamFunc)
 *(.RamFunc*)
                0x24000010                        . = ALIGN (0x4)
 *fill*         0x2400000d        0x3 
                0x24000010                        _edata = .

.igot.plt       0x24000010        0x0 load address 0x08006c48
 .igot.plt      0x24000010        0x0 C:/ST/STM32CubeIDE_1.13.1/STM32CubeIDE/plugins/com.st.stm32cube.ide.mcu.externaltools.gnu-tools-for-stm32.12.3.rel1.win32_1.0.200.202406191623/tools/bin/../lib/gcc/arm-none-eabi/12.3.1/thumb/v7e-m+dp/hard/crtbegin.o
                0x24000010                        . = ALIGN (0x4)

.bss            0x24000010      0x224 load address 0x08006c48
                0x24000010                        _sbss = .
                0x24000010                        __bss_start__ = _sbss
 *(.bss)
 .bss           0x24000010       0x1c C:/ST/STM32CubeIDE_1.13.1/STM32CubeIDE/plugins/com.st.stm32cube.ide.mcu.externaltools.gnu-tools-for-stm32.12.3.rel1.win32_1.0.200.202406191623/tools/bin/../lib/gcc/arm-none-eabi/12.3.1/thumb/v7e-m+dp/hard/crtbegin.o
 *(.bss*)
 .bss.hfdcan1   0x2400002c       0xa0 ./Core/Src/main.o
                0x2400002c                hfdcan1
 .bss.htim1     0x240000cc       0x4c ./Core/Src/main.o
                0x240000cc                htim1
 .bss.huart3    0x24000118       0x94 ./Core/Src/main.o
                0x24000118                huart3
 .bss.TxData    0x240001ac        0x8 ./Core/Src/main.o
                0x240001ac                TxData
 .bss.TxDataBEAT
                0x240001b4        0x8 ./Core/Src/main.o
                0x240001b4                TxDataBEAT
 .bss.TxDataSTART
                0x240001bc        0x8 ./Core/Src/main.o
                0x240001bc                TxDataSTART
 .bss.TxHeader  0x240001c4       0x24 ./Core/Src/main.o
                0x240001c4                TxHeader
 .bss.TxHeaderBEAT
                0x240001e8       0x24 ./Core/Src/main.o
                0x240001e8                TxHeaderBEAT
 .bss.TxHeaderSTART
                0x2400020c       0x24 ./Core/Src/main.o
                0x2400020c                TxHeaderSTART
 .bss.uwTick    0x24000230        0x4 ./Drivers/STM32H7xx_HAL_Driver/Src/stm32h7xx_hal.o
                0x24000230                uwTick
 *(COMMON)
                0x24000234                        . = ALIGN (0x4)
                0x24000234                        _ebss = .
                0x24000234                        __bss_end__ = _ebss

._user_heap_stack
                0x24000234      0x604 load address 0x08006c48
                0x24000238                        . = ALIGN (0x8)
 *fill*         0x24000234        0x4 
                [!provide]                        PROVIDE (end = .)
                0x24000238                        PROVIDE (_end = .)
                0x24000438                        . = (. + _Min_Heap_Size)
 *fill*         0x24000238      0x200 
                0x24000838                        . = (. + _Min_Stack_Size)
 *fill*         0x24000438      0x400 
                0x24000838                        . = ALIGN (0x8)

/DISCARD/
 libc.a(*)
 libm.a(*)
 libgcc.a(*)

.ARM.attributes
                0x00000000       0x2e
 *(.ARM.attributes)
 .ARM.attributes
                0x00000000       0x20 C:/ST/STM32CubeIDE_1.13.1/STM32CubeIDE/plugins/com.st.stm32cube.ide.mcu.externaltools.gnu-tools-for-stm32.12.3.rel1.win32_1.0.200.202406191623/tools/bin/../lib/gcc/arm-none-eabi/12.3.1/thumb/v7e-m+dp/hard/crti.o
 .ARM.attributes
                0x00000020       0x32 C:/ST/STM32CubeIDE_1.13.1/STM32CubeIDE/plugins/com.st.stm32cube.ide.mcu.externaltools.gnu-tools-for-stm32.12.3.rel1.win32_1.0.200.202406191623/tools/bin/../lib/gcc/arm-none-eabi/12.3.1/thumb/v7e-m+dp/hard/crtbegin.o
 .ARM.attributes
                0x00000052       0x32 ./Core/Src/main.o
 .ARM.attributes
                0x00000084       0x32 ./Core/Src/stm32h7xx_hal_msp.o
 .ARM.attributes
                0x000000b6       0x32 ./Core/Src/stm32h7xx_it.o
 .ARM.attributes
                0x000000e8       0x32 ./Core/Src/system_stm32h7xx.o
 .ARM.attributes
                0x0000011a       0x21 ./Core/Startup/startup_stm32h7a3zitxq.o
 .ARM.attributes
                0x0000013b       0x32 ./Drivers/STM32H7xx_HAL_Driver/Src/stm32h7xx_hal.o
 .ARM.attributes
                0x0000016d       0x32 ./Drivers/STM32H7xx_HAL_Driver/Src/stm32h7xx_hal_cortex.o
 .ARM.attributes
                0x0000019f       0x32 ./Drivers/STM32H7xx_HAL_Driver/Src/stm32h7xx_hal_fdcan.o
 .ARM.attributes
                0x000001d1       0x32 ./Drivers/STM32H7xx_HAL_Driver/Src/stm32h7xx_hal_gpio.o
 .ARM.attributes
                0x00000203       0x32 ./Drivers/STM32H7xx_HAL_Driver/Src/stm32h7xx_hal_pwr_ex.o
 .ARM.attributes
                0x00000235       0x32 ./Drivers/STM32H7xx_HAL_Driver/Src/stm32h7xx_hal_rcc.o
 .ARM.attributes
                0x00000267       0x32 ./Drivers/STM32H7xx_HAL_Driver/Src/stm32h7xx_hal_rcc_ex.o
 .ARM.attributes
                0x00000299       0x32 ./Drivers/STM32H7xx_HAL_Driver/Src/stm32h7xx_hal_tim.o
 .ARM.attributes
                0x000002cb       0x32 ./Drivers/STM32H7xx_HAL_Driver/Src/stm32h7xx_hal_tim_ex.o
 .ARM.attributes
                0x000002fd       0x32 ./Drivers/STM32H7xx_HAL_Driver/Src/stm32h7xx_hal_uart.o
 .ARM.attributes
                0x0000032f       0x32 ./Drivers/STM32H7xx_HAL_Driver/Src/stm32h7xx_hal_uart_ex.o
 .ARM.attributes
                0x00000361       0x32 C:/ST/STM32CubeIDE_1.13.1/STM32CubeIDE/plugins/com.st.stm32cube.ide.mcu.externaltools.gnu-tools-for-stm32.12.3.rel1.win32_1.0.200.202406191623/tools/bin/../lib/gcc/arm-none-eabi/12.3.1/../../../../arm-none-eabi/lib/thumb/v7e-m+dp/hard\libc_nano.a(libc_a-memset.o)
 .ARM.attributes
                0x00000393       0x32 C:/ST/STM32CubeIDE_1.13.1/STM32CubeIDE/plugins/com.st.stm32cube.ide.mcu.externaltools.gnu-tools-for-stm32.12.3.rel1.win32_1.0.200.202406191623/tools/bin/../lib/gcc/arm-none-eabi/12.3.1/../../../../arm-none-eabi/lib/thumb/v7e-m+dp/hard\libc_nano.a(libc_a-init.o)
 .ARM.attributes
                0x000003c5       0x32 C:/ST/STM32CubeIDE_1.13.1/STM32CubeIDE/plugins/com.st.stm32cube.ide.mcu.externaltools.gnu-tools-for-stm32.12.3.rel1.win32_1.0.200.202406191623/tools/bin/../lib/gcc/arm-none-eabi/12.3.1/../../../../arm-none-eabi/lib/thumb/v7e-m+dp/hard\libc_nano.a(libc_a-memcpy-stub.o)
 .ARM.attributes
                0x000003f7       0x20 C:/ST/STM32CubeIDE_1.13.1/STM32CubeIDE/plugins/com.st.stm32cube.ide.mcu.externaltools.gnu-tools-for-stm32.12.3.rel1.win32_1.0.200.202406191623/tools/bin/../lib/gcc/arm-none-eabi/12.3.1/thumb/v7e-m+dp/hard\libgcc.a(_aeabi_uldivmod.o)
 .ARM.attributes
                0x00000417       0x32 C:/ST/STM32CubeIDE_1.13.1/STM32CubeIDE/plugins/com.st.stm32cube.ide.mcu.externaltools.gnu-tools-for-stm32.12.3.rel1.win32_1.0.200.202406191623/tools/bin/../lib/gcc/arm-none-eabi/12.3.1/thumb/v7e-m+dp/hard\libgcc.a(_udivmoddi4.o)
 .ARM.attributes
                0x00000449       0x20 C:/ST/STM32CubeIDE_1.13.1/STM32CubeIDE/plugins/com.st.stm32cube.ide.mcu.externaltools.gnu-tools-for-stm32.12.3.rel1.win32_1.0.200.202406191623/tools/bin/../lib/gcc/arm-none-eabi/12.3.1/thumb/v7e-m+dp/hard\libgcc.a(_dvmd_tls.o)
 .ARM.attributes
                0x00000469       0x20 C:/ST/STM32CubeIDE_1.13.1/STM32CubeIDE/plugins/com.st.stm32cube.ide.mcu.externaltools.gnu-tools-for-stm32.12.3.rel1.win32_1.0.200.202406191623/tools/bin/../lib/gcc/arm-none-eabi/12.3.1/thumb/v7e-m+dp/hard/crtn.o
OUTPUT(VDI_Bridge_Prototyp.elf elf32-littlearm)
LOAD linker stubs
LOAD C:/ST/STM32CubeIDE_1.13.1/STM32CubeIDE/plugins/com.st.stm32cube.ide.mcu.externaltools.gnu-tools-for-stm32.12.3.rel1.win32_1.0.200.202406191623/tools/bin/../lib/gcc/arm-none-eabi/12.3.1/../../../../arm-none-eabi/lib/thumb/v7e-m+dp/hard\libc.a
LOAD C:/ST/STM32CubeIDE_1.13.1/STM32CubeIDE/plugins/com.st.stm32cube.ide.mcu.externaltools.gnu-tools-for-stm32.12.3.rel1.win32_1.0.200.202406191623/tools/bin/../lib/gcc/arm-none-eabi/12.3.1/../../../../arm-none-eabi/lib/thumb/v7e-m+dp/hard\libm.a
LOAD C:/ST/STM32CubeIDE_1.13.1/STM32CubeIDE/plugins/com.st.stm32cube.ide.mcu.externaltools.gnu-tools-for-stm32.12.3.rel1.win32_1.0.200.202406191623/tools/bin/../lib/gcc/arm-none-eabi/12.3.1/thumb/v7e-m+dp/hard\libgcc.a

.debug_info     0x00000000    0x18005
 .debug_info    0x00000000     0x20cb ./Core/Src/main.o
 .debug_info    0x000020cb     0x201e ./Core/Src/stm32h7xx_hal_msp.o
 .debug_info    0x000040e9      0x82b ./Core/Src/stm32h7xx_it.o
 .debug_info    0x00004914      0xc73 ./Core/Src/system_stm32h7xx.o
 .debug_info    0x00005587       0x30 ./Core/Startup/startup_stm32h7a3zitxq.o
 .debug_info    0x000055b7     0x13f1 ./Drivers/STM32H7xx_HAL_Driver/Src/stm32h7xx_hal.o
 .debug_info    0x000069a8     0x108e ./Drivers/STM32H7xx_HAL_Driver/Src/stm32h7xx_hal_cortex.o
 .debug_info    0x00007a36     0x2baf ./Drivers/STM32H7xx_HAL_Driver/Src/stm32h7xx_hal_fdcan.o
 .debug_info    0x0000a5e5      0xb2b ./Drivers/STM32H7xx_HAL_Driver/Src/stm32h7xx_hal_gpio.o
 .debug_info    0x0000b110      0xef7 ./Drivers/STM32H7xx_HAL_Driver/Src/stm32h7xx_hal_pwr_ex.o
 .debug_info    0x0000c007      0xea1 ./Drivers/STM32H7xx_HAL_Driver/Src/stm32h7xx_hal_rcc.o
 .debug_info    0x0000cea8     0x11fd ./Drivers/STM32H7xx_HAL_Driver/Src/stm32h7xx_hal_rcc_ex.o
 .debug_info    0x0000e0a5     0x2bae ./Drivers/STM32H7xx_HAL_Driver/Src/stm32h7xx_hal_tim.o
 .debug_info    0x00010c53     0x18c1 ./Drivers/STM32H7xx_HAL_Driver/Src/stm32h7xx_hal_tim_ex.o
 .debug_info    0x00012514     0x4b32 ./Drivers/STM32H7xx_HAL_Driver/Src/stm32h7xx_hal_uart.o
 .debug_info    0x00017046      0xfbf ./Drivers/STM32H7xx_HAL_Driver/Src/stm32h7xx_hal_uart_ex.o

.debug_abbrev   0x00000000     0x25da
 .debug_abbrev  0x00000000      0x315 ./Core/Src/main.o
 .debug_abbrev  0x00000315      0x261 ./Core/Src/stm32h7xx_hal_msp.o
 .debug_abbrev  0x00000576      0x1a8 ./Core/Src/stm32h7xx_it.o
 .debug_abbrev  0x0000071e      0x14a ./Core/Src/system_stm32h7xx.o
 .debug_abbrev  0x00000868       0x24 ./Core/Startup/startup_stm32h7a3zitxq.o
 .debug_abbrev  0x0000088c      0x291 ./Drivers/STM32H7xx_HAL_Driver/Src/stm32h7xx_hal.o
 .debug_abbrev  0x00000b1d      0x339 ./Drivers/STM32H7xx_HAL_Driver/Src/stm32h7xx_hal_cortex.o
 .debug_abbrev  0x00000e56      0x288 ./Drivers/STM32H7xx_HAL_Driver/Src/stm32h7xx_hal_fdcan.o
 .debug_abbrev  0x000010de      0x1fa ./Drivers/STM32H7xx_HAL_Driver/Src/stm32h7xx_hal_gpio.o
 .debug_abbrev  0x000012d8      0x297 ./Drivers/STM32H7xx_HAL_Driver/Src/stm32h7xx_hal_pwr_ex.o
 .debug_abbrev  0x0000156f      0x2c5 ./Drivers/STM32H7xx_HAL_Driver/Src/stm32h7xx_hal_rcc.o
 .debug_abbrev  0x00001834      0x27a ./Drivers/STM32H7xx_HAL_Driver/Src/stm32h7xx_hal_rcc_ex.o
 .debug_abbrev  0x00001aae      0x276 ./Drivers/STM32H7xx_HAL_Driver/Src/stm32h7xx_hal_tim.o
 .debug_abbrev  0x00001d24      0x296 ./Drivers/STM32H7xx_HAL_Driver/Src/stm32h7xx_hal_tim_ex.o
 .debug_abbrev  0x00001fba      0x34e ./Drivers/STM32H7xx_HAL_Driver/Src/stm32h7xx_hal_uart.o
 .debug_abbrev  0x00002308      0x2d2 ./Drivers/STM32H7xx_HAL_Driver/Src/stm32h7xx_hal_uart_ex.o

.debug_aranges  0x00000000     0x1340
 .debug_aranges
                0x00000000       0x70 ./Core/Src/main.o
 .debug_aranges
                0x00000070       0x50 ./Core/Src/stm32h7xx_hal_msp.o
 .debug_aranges
                0x000000c0       0x68 ./Core/Src/stm32h7xx_it.o
 .debug_aranges
                0x00000128       0x28 ./Core/Src/system_stm32h7xx.o
 .debug_aranges
                0x00000150       0x28 ./Core/Startup/startup_stm32h7a3zitxq.o
 .debug_aranges
                0x00000178      0x1a0 ./Drivers/STM32H7xx_HAL_Driver/Src/stm32h7xx_hal.o
 .debug_aranges
                0x00000318      0x130 ./Drivers/STM32H7xx_HAL_Driver/Src/stm32h7xx_hal_cortex.o
 .debug_aranges
                0x00000448      0x338 ./Drivers/STM32H7xx_HAL_Driver/Src/stm32h7xx_hal_fdcan.o
 .debug_aranges
                0x00000780       0x58 ./Drivers/STM32H7xx_HAL_Driver/Src/stm32h7xx_hal_gpio.o
 .debug_aranges
                0x000007d8      0x188 ./Drivers/STM32H7xx_HAL_Driver/Src/stm32h7xx_hal_pwr_ex.o
 .debug_aranges
                0x00000960       0x88 ./Drivers/STM32H7xx_HAL_Driver/Src/stm32h7xx_hal_rcc.o
 .debug_aranges
                0x000009e8       0xf0 ./Drivers/STM32H7xx_HAL_Driver/Src/stm32h7xx_hal_rcc_ex.o
 .debug_aranges
                0x00000ad8      0x3e0 ./Drivers/STM32H7xx_HAL_Driver/Src/stm32h7xx_hal_tim.o
 .debug_aranges
                0x00000eb8      0x198 ./Drivers/STM32H7xx_HAL_Driver/Src/stm32h7xx_hal_tim_ex.o
 .debug_aranges
                0x00001050      0x248 ./Drivers/STM32H7xx_HAL_Driver/Src/stm32h7xx_hal_uart.o
 .debug_aranges
                0x00001298       0xa8 ./Drivers/STM32H7xx_HAL_Driver/Src/stm32h7xx_hal_uart_ex.o

.debug_rnglists
                0x00000000      0xf22
 .debug_rnglists
                0x00000000       0x54 ./Core/Src/main.o
 .debug_rnglists
                0x00000054       0x39 ./Core/Src/stm32h7xx_hal_msp.o
 .debug_rnglists
                0x0000008d       0x49 ./Core/Src/stm32h7xx_it.o
 .debug_rnglists
                0x000000d6       0x1b ./Core/Src/system_stm32h7xx.o
 .debug_rnglists
                0x000000f1       0x19 ./Core/Startup/startup_stm32h7a3zitxq.o
 .debug_rnglists
                0x0000010a      0x137 ./Drivers/STM32H7xx_HAL_Driver/Src/stm32h7xx_hal.o
 .debug_rnglists
                0x00000241       0xe0 ./Drivers/STM32H7xx_HAL_Driver/Src/stm32h7xx_hal_cortex.o
 .debug_rnglists
                0x00000321      0x28b ./Drivers/STM32H7xx_HAL_Driver/Src/stm32h7xx_hal_fdcan.o
 .debug_rnglists
                0x000005ac       0x3f ./Drivers/STM32H7xx_HAL_Driver/Src/stm32h7xx_hal_gpio.o
 .debug_rnglists
                0x000005eb      0x127 ./Drivers/STM32H7xx_HAL_Driver/Src/stm32h7xx_hal_pwr_ex.o
 .debug_rnglists
                0x00000712       0x68 ./Drivers/STM32H7xx_HAL_Driver/Src/stm32h7xx_hal_rcc.o
 .debug_rnglists
                0x0000077a       0xba ./Drivers/STM32H7xx_HAL_Driver/Src/stm32h7xx_hal_rcc_ex.o
 .debug_rnglists
                0x00000834      0x328 ./Drivers/STM32H7xx_HAL_Driver/Src/stm32h7xx_hal_tim.o
 .debug_rnglists
                0x00000b5c      0x14d ./Drivers/STM32H7xx_HAL_Driver/Src/stm32h7xx_hal_tim_ex.o
 .debug_rnglists
                0x00000ca9      0x1fa ./Drivers/STM32H7xx_HAL_Driver/Src/stm32h7xx_hal_uart.o
 .debug_rnglists
                0x00000ea3       0x7f ./Drivers/STM32H7xx_HAL_Driver/Src/stm32h7xx_hal_uart_ex.o

.debug_macro    0x00000000    0x31217
 .debug_macro   0x00000000      0x2ca ./Core/Src/main.o
 .debug_macro   0x000002ca      0xacc ./Core/Src/main.o
 .debug_macro   0x00000d96      0x23e ./Core/Src/main.o
 .debug_macro   0x00000fd4       0x2e ./Core/Src/main.o
 .debug_macro   0x00001002       0x42 ./Core/Src/main.o
 .debug_macro   0x00001044       0x22 ./Core/Src/main.o
 .debug_macro   0x00001066       0x8e ./Core/Src/main.o
 .debug_macro   0x000010f4       0x51 ./Core/Src/main.o
 .debug_macro   0x00001145      0x103 ./Core/Src/main.o
 .debug_macro   0x00001248       0x6a ./Core/Src/main.o
 .debug_macro   0x000012b2      0x1df ./Core/Src/main.o
 .debug_macro   0x00001491       0x1c ./Core/Src/main.o
 .debug_macro   0x000014ad       0x22 ./Core/Src/main.o
 .debug_macro   0x000014cf       0xfb ./Core/Src/main.o
 .debug_macro   0x000015ca     0x1305 ./Core/Src/main.o
 .debug_macro   0x000028cf      0x11f ./Core/Src/main.o
 .debug_macro   0x000029ee       0x27 ./Core/Src/main.o
 .debug_macro   0x00002a15    0x1e941 ./Core/Src/main.o
 .debug_macro   0x00021356       0x6d ./Core/Src/main.o
 .debug_macro   0x000213c3     0x3d80 ./Core/Src/main.o
 .debug_macro   0x00025143      0x189 ./Core/Src/main.o
 .debug_macro   0x000252cc       0x61 ./Core/Src/main.o
 .debug_macro   0x0002532d       0x29 ./Core/Src/main.o
 .debug_macro   0x00025356       0x43 ./Core/Src/main.o
 .debug_macro   0x00025399       0x34 ./Core/Src/main.o
 .debug_macro   0x000253cd       0x16 ./Core/Src/main.o
 .debug_macro   0x000253e3       0x43 ./Core/Src/main.o
 .debug_macro   0x00025426       0x34 ./Core/Src/main.o
 .debug_macro   0x0002545a       0x10 ./Core/Src/main.o
 .debug_macro   0x0002546a       0x58 ./Core/Src/main.o
 .debug_macro   0x000254c2       0x8e ./Core/Src/main.o
 .debug_macro   0x00025550       0x1c ./Core/Src/main.o
 .debug_macro   0x0002556c      0x177 ./Core/Src/main.o
 .debug_macro   0x000256e3      0x369 ./Core/Src/main.o
 .debug_macro   0x00025a4c      0x19b ./Core/Src/main.o
 .debug_macro   0x00025be7       0x5d ./Core/Src/main.o
 .debug_macro   0x00025c44     0x24ee ./Core/Src/main.o
 .debug_macro   0x00028132     0x103a ./Core/Src/main.o
 .debug_macro   0x0002916c      0x154 ./Core/Src/main.o
 .debug_macro   0x000292c0      0x114 ./Core/Src/main.o
 .debug_macro   0x000293d4      0x3d5 ./Core/Src/main.o
 .debug_macro   0x000297a9       0xac ./Core/Src/main.o
 .debug_macro   0x00029855      0x70a ./Core/Src/main.o
 .debug_macro   0x00029f5f      0x20c ./Core/Src/main.o
 .debug_macro   0x0002a16b       0x66 ./Core/Src/main.o
 .debug_macro   0x0002a1d1      0x3c9 ./Core/Src/main.o
 .debug_macro   0x0002a59a      0x3eb ./Core/Src/main.o
 .debug_macro   0x0002a985      0x275 ./Core/Src/main.o
 .debug_macro   0x0002abfa      0xe42 ./Core/Src/main.o
 .debug_macro   0x0002ba3c      0x6c8 ./Core/Src/main.o
 .debug_macro   0x0002c104      0x520 ./Core/Src/main.o
 .debug_macro   0x0002c624       0x58 ./Core/Src/main.o
 .debug_macro   0x0002c67c       0x4a ./Core/Src/main.o
 .debug_macro   0x0002c6c6      0x22c ./Core/Src/main.o
 .debug_macro   0x0002c8f2       0x67 ./Core/Src/main.o
 .debug_macro   0x0002c959       0xa5 ./Core/Src/main.o
 .debug_macro   0x0002c9fe      0x1bd ./Core/Src/main.o
 .debug_macro   0x0002cbbb      0x2dc ./Core/Src/main.o
 .debug_macro   0x0002ce97       0x35 ./Core/Src/main.o
 .debug_macro   0x0002cecc      0xb24 ./Core/Src/main.o
 .debug_macro   0x0002d9f0      0x29f ./Core/Src/main.o
 .debug_macro   0x0002dc8f      0x693 ./Core/Src/main.o
 .debug_macro   0x0002e322       0xa6 ./Core/Src/main.o
 .debug_macro   0x0002e3c8      0x5be ./Core/Src/main.o
 .debug_macro   0x0002e986       0xdc ./Core/Src/main.o
 .debug_macro   0x0002ea62       0x22 ./Core/Src/main.o
 .debug_macro   0x0002ea84      0x2c1 ./Core/Src/stm32h7xx_hal_msp.o
 .debug_macro   0x0002ed45      0x2cb ./Core/Src/stm32h7xx_it.o
 .debug_macro   0x0002f010      0x2b2 ./Core/Src/system_stm32h7xx.o
 .debug_macro   0x0002f2c2      0x2dc ./Drivers/STM32H7xx_HAL_Driver/Src/stm32h7xx_hal.o
 .debug_macro   0x0002f59e      0x2b2 ./Drivers/STM32H7xx_HAL_Driver/Src/stm32h7xx_hal_cortex.o
 .debug_macro   0x0002f850      0x377 ./Drivers/STM32H7xx_HAL_Driver/Src/stm32h7xx_hal_fdcan.o
 .debug_macro   0x0002fbc7      0x2b9 ./Drivers/STM32H7xx_HAL_Driver/Src/stm32h7xx_hal_gpio.o
 .debug_macro   0x0002fe80      0x2eb ./Drivers/STM32H7xx_HAL_Driver/Src/stm32h7xx_hal_pwr_ex.o
 .debug_macro   0x0003016b      0x2d6 ./Drivers/STM32H7xx_HAL_Driver/Src/stm32h7xx_hal_rcc.o
 .debug_macro   0x00030441      0x2d0 ./Drivers/STM32H7xx_HAL_Driver/Src/stm32h7xx_hal_rcc_ex.o
 .debug_macro   0x00030711      0x2b3 ./Drivers/STM32H7xx_HAL_Driver/Src/stm32h7xx_hal_tim.o
 .debug_macro   0x000309c4      0x2b8 ./Drivers/STM32H7xx_HAL_Driver/Src/stm32h7xx_hal_tim_ex.o
 .debug_macro   0x00030c7c      0x2dd ./Drivers/STM32H7xx_HAL_Driver/Src/stm32h7xx_hal_uart.o
 .debug_macro   0x00030f59      0x2be ./Drivers/STM32H7xx_HAL_Driver/Src/stm32h7xx_hal_uart_ex.o

.debug_line     0x00000000    0x16ee2
 .debug_line    0x00000000      0xbf4 ./Core/Src/main.o
 .debug_line    0x00000bf4      0x9fb ./Core/Src/stm32h7xx_hal_msp.o
 .debug_line    0x000015ef      0x9dc ./Core/Src/stm32h7xx_it.o
 .debug_line    0x00001fcb      0xaaf ./Core/Src/system_stm32h7xx.o
 .debug_line    0x00002a7a       0x7a ./Core/Startup/startup_stm32h7a3zitxq.o
 .debug_line    0x00002af4      0xebc ./Drivers/STM32H7xx_HAL_Driver/Src/stm32h7xx_hal.o
 .debug_line    0x000039b0      0xede ./Drivers/STM32H7xx_HAL_Driver/Src/stm32h7xx_hal_cortex.o
 .debug_line    0x0000488e     0x296d ./Drivers/STM32H7xx_HAL_Driver/Src/stm32h7xx_hal_fdcan.o
 .debug_line    0x000071fb      0xd87 ./Drivers/STM32H7xx_HAL_Driver/Src/stm32h7xx_hal_gpio.o
 .debug_line    0x00007f82     0x1046 ./Drivers/STM32H7xx_HAL_Driver/Src/stm32h7xx_hal_pwr_ex.o
 .debug_line    0x00008fc8     0x140a ./Drivers/STM32H7xx_HAL_Driver/Src/stm32h7xx_hal_rcc.o
 .debug_line    0x0000a3d2     0x1ca3 ./Drivers/STM32H7xx_HAL_Driver/Src/stm32h7xx_hal_rcc_ex.o
 .debug_line    0x0000c075     0x4045 ./Drivers/STM32H7xx_HAL_Driver/Src/stm32h7xx_hal_tim.o
 .debug_line    0x000100ba     0x1f3f ./Drivers/STM32H7xx_HAL_Driver/Src/stm32h7xx_hal_tim_ex.o
 .debug_line    0x00011ff9     0x3f9c ./Drivers/STM32H7xx_HAL_Driver/Src/stm32h7xx_hal_uart.o
 .debug_line    0x00015f95      0xf4d ./Drivers/STM32H7xx_HAL_Driver/Src/stm32h7xx_hal_uart_ex.o

.debug_str      0x00000000   0x149147
 .debug_str     0x00000000   0x142b04 ./Core/Src/main.o
                             0x1430d4 (size before relaxing)
 .debug_str     0x00142b04      0xadd ./Core/Src/stm32h7xx_hal_msp.o
                             0x14367c (size before relaxing)
 .debug_str     0x001435e1       0xdc ./Core/Src/stm32h7xx_it.o
                             0x14215a (size before relaxing)
 .debug_str     0x001436bd      0x30e ./Core/Src/system_stm32h7xx.o
                             0x141c2d (size before relaxing)
 .debug_str     0x001439cb       0x45 ./Core/Startup/startup_stm32h7a3zitxq.o
                                 0x85 (size before relaxing)
 .debug_str     0x00143a10      0x7e8 ./Drivers/STM32H7xx_HAL_Driver/Src/stm32h7xx_hal.o
                             0x142b01 (size before relaxing)
 .debug_str     0x001441f8      0x364 ./Drivers/STM32H7xx_HAL_Driver/Src/stm32h7xx_hal_cortex.o
                             0x142549 (size before relaxing)
 .debug_str     0x0014455c     0x1aa7 ./Drivers/STM32H7xx_HAL_Driver/Src/stm32h7xx_hal_fdcan.o
                             0x143927 (size before relaxing)
 .debug_str     0x00146003       0xd9 ./Drivers/STM32H7xx_HAL_Driver/Src/stm32h7xx_hal_gpio.o
                             0x141bde (size before relaxing)
 .debug_str     0x001460dc      0x742 ./Drivers/STM32H7xx_HAL_Driver/Src/stm32h7xx_hal_pwr_ex.o
                             0x142163 (size before relaxing)
 .debug_str     0x0014681e      0x22e ./Drivers/STM32H7xx_HAL_Driver/Src/stm32h7xx_hal_rcc.o
                             0x142006 (size before relaxing)
 .debug_str     0x00146a4c      0x623 ./Drivers/STM32H7xx_HAL_Driver/Src/stm32h7xx_hal_rcc_ex.o
                             0x14249b (size before relaxing)
 .debug_str     0x0014706f      0xe21 ./Drivers/STM32H7xx_HAL_Driver/Src/stm32h7xx_hal_tim.o
                             0x142d73 (size before relaxing)
 .debug_str     0x00147e90      0x5ff ./Drivers/STM32H7xx_HAL_Driver/Src/stm32h7xx_hal_tim_ex.o
                             0x142720 (size before relaxing)
 .debug_str     0x0014848f      0xa52 ./Drivers/STM32H7xx_HAL_Driver/Src/stm32h7xx_hal_uart.o
                             0x142b36 (size before relaxing)
 .debug_str     0x00148ee1      0x266 ./Drivers/STM32H7xx_HAL_Driver/Src/stm32h7xx_hal_uart_ex.o
                             0x1420d5 (size before relaxing)

.comment        0x00000000       0x43
 .comment       0x00000000       0x43 ./Core/Src/main.o
                                 0x44 (size before relaxing)
 .comment       0x00000043       0x44 ./Core/Src/stm32h7xx_hal_msp.o
 .comment       0x00000043       0x44 ./Core/Src/stm32h7xx_it.o
 .comment       0x00000043       0x44 ./Core/Src/system_stm32h7xx.o
 .comment       0x00000043       0x44 ./Drivers/STM32H7xx_HAL_Driver/Src/stm32h7xx_hal.o
 .comment       0x00000043       0x44 ./Drivers/STM32H7xx_HAL_Driver/Src/stm32h7xx_hal_cortex.o
 .comment       0x00000043       0x44 ./Drivers/STM32H7xx_HAL_Driver/Src/stm32h7xx_hal_fdcan.o
 .comment       0x00000043       0x44 ./Drivers/STM32H7xx_HAL_Driver/Src/stm32h7xx_hal_gpio.o
 .comment       0x00000043       0x44 ./Drivers/STM32H7xx_HAL_Driver/Src/stm32h7xx_hal_pwr_ex.o
 .comment       0x00000043       0x44 ./Drivers/STM32H7xx_HAL_Driver/Src/stm32h7xx_hal_rcc.o
 .comment       0x00000043       0x44 ./Drivers/STM32H7xx_HAL_Driver/Src/stm32h7xx_hal_rcc_ex.o
 .comment       0x00000043       0x44 ./Drivers/STM32H7xx_HAL_Driver/Src/stm32h7xx_hal_tim.o
 .comment       0x00000043       0x44 ./Drivers/STM32H7xx_HAL_Driver/Src/stm32h7xx_hal_tim_ex.o
 .comment       0x00000043       0x44 ./Drivers/STM32H7xx_HAL_Driver/Src/stm32h7xx_hal_uart.o
 .comment       0x00000043       0x44 ./Drivers/STM32H7xx_HAL_Driver/Src/stm32h7xx_hal_uart_ex.o

.debug_frame    0x00000000     0x5438
 .debug_frame   0x00000000      0x160 ./Core/Src/main.o
 .debug_frame   0x00000160      0x118 ./Core/Src/stm32h7xx_hal_msp.o
 .debug_frame   0x00000278      0x120 ./Core/Src/stm32h7xx_it.o
 .debug_frame   0x00000398       0x58 ./Core/Src/system_stm32h7xx.o
 .debug_frame   0x000003f0      0x6a8 ./Drivers/STM32H7xx_HAL_Driver/Src/stm32h7xx_hal.o
 .debug_frame   0x00000a98      0x508 ./Drivers/STM32H7xx_HAL_Driver/Src/stm32h7xx_hal_cortex.o
 .debug_frame   0x00000fa0      0xf9c ./Drivers/STM32H7xx_HAL_Driver/Src/stm32h7xx_hal_fdcan.o
 .debug_frame   0x00001f3c      0x14c ./Drivers/STM32H7xx_HAL_Driver/Src/stm32h7xx_hal_gpio.o
 .debug_frame   0x00002088      0x660 ./Drivers/STM32H7xx_HAL_Driver/Src/stm32h7xx_hal_pwr_ex.o
 .debug_frame   0x000026e8      0x1fc ./Drivers/STM32H7xx_HAL_Driver/Src/stm32h7xx_hal_rcc.o
 .debug_frame   0x000028e4      0x3ec ./Drivers/STM32H7xx_HAL_Driver/Src/stm32h7xx_hal_rcc_ex.o
 .debug_frame   0x00002cd0     0x121c ./Drivers/STM32H7xx_HAL_Driver/Src/stm32h7xx_hal_tim.o
 .debug_frame   0x00003eec      0x724 ./Drivers/STM32H7xx_HAL_Driver/Src/stm32h7xx_hal_tim_ex.o
 .debug_frame   0x00004610      0xa94 ./Drivers/STM32H7xx_HAL_Driver/Src/stm32h7xx_hal_uart.o
 .debug_frame   0x000050a4      0x2c0 ./Drivers/STM32H7xx_HAL_Driver/Src/stm32h7xx_hal_uart_ex.o
 .debug_frame   0x00005364       0x20 C:/ST/STM32CubeIDE_1.13.1/STM32CubeIDE/plugins/com.st.stm32cube.ide.mcu.externaltools.gnu-tools-for-stm32.12.3.rel1.win32_1.0.200.202406191623/tools/bin/../lib/gcc/arm-none-eabi/12.3.1/../../../../arm-none-eabi/lib/thumb/v7e-m+dp/hard\libc_nano.a(libc_a-memset.o)
 .debug_frame   0x00005384       0x2c C:/ST/STM32CubeIDE_1.13.1/STM32CubeIDE/plugins/com.st.stm32cube.ide.mcu.externaltools.gnu-tools-for-stm32.12.3.rel1.win32_1.0.200.202406191623/tools/bin/../lib/gcc/arm-none-eabi/12.3.1/../../../../arm-none-eabi/lib/thumb/v7e-m+dp/hard\libc_nano.a(libc_a-init.o)
 .debug_frame   0x000053b0       0x28 C:/ST/STM32CubeIDE_1.13.1/STM32CubeIDE/plugins/com.st.stm32cube.ide.mcu.externaltools.gnu-tools-for-stm32.12.3.rel1.win32_1.0.200.202406191623/tools/bin/../lib/gcc/arm-none-eabi/12.3.1/../../../../arm-none-eabi/lib/thumb/v7e-m+dp/hard\libc_nano.a(libc_a-memcpy-stub.o)
 .debug_frame   0x000053d8       0x2c C:/ST/STM32CubeIDE_1.13.1/STM32CubeIDE/plugins/com.st.stm32cube.ide.mcu.externaltools.gnu-tools-for-stm32.12.3.rel1.win32_1.0.200.202406191623/tools/bin/../lib/gcc/arm-none-eabi/12.3.1/thumb/v7e-m+dp/hard\libgcc.a(_aeabi_uldivmod.o)
 .debug_frame   0x00005404       0x34 C:/ST/STM32CubeIDE_1.13.1/STM32CubeIDE/plugins/com.st.stm32cube.ide.mcu.externaltools.gnu-tools-for-stm32.12.3.rel1.win32_1.0.200.202406191623/tools/bin/../lib/gcc/arm-none-eabi/12.3.1/thumb/v7e-m+dp/hard\libgcc.a(_udivmoddi4.o)

.debug_line_str
                0x00000000       0x69
 .debug_line_str
                0x00000000       0x69 ./Core/Startup/startup_stm32h7a3zitxq.o

Cross Reference Table

Symbol                                            File
ADC_IRQHandler                                    ./Core/Startup/startup_stm32h7a3zitxq.o
BDMA1_IRQHandler                                  ./Core/Startup/startup_stm32h7a3zitxq.o
BDMA2_Channel0_IRQHandler                         ./Core/Startup/startup_stm32h7a3zitxq.o
BDMA2_Channel1_IRQHandler                         ./Core/Startup/startup_stm32h7a3zitxq.o
BDMA2_Channel2_IRQHandler                         ./Core/Startup/startup_stm32h7a3zitxq.o
BDMA2_Channel3_IRQHandler                         ./Core/Startup/startup_stm32h7a3zitxq.o
BDMA2_Channel4_IRQHandler                         ./Core/Startup/startup_stm32h7a3zitxq.o
BDMA2_Channel5_IRQHandler                         ./Core/Startup/startup_stm32h7a3zitxq.o
BDMA2_Channel6_IRQHandler                         ./Core/Startup/startup_stm32h7a3zitxq.o
BDMA2_Channel7_IRQHandler                         ./Core/Startup/startup_stm32h7a3zitxq.o
BusFault_Handler                                  ./Core/Src/stm32h7xx_it.o
CEC_IRQHandler                                    ./Core/Startup/startup_stm32h7a3zitxq.o
COMP_IRQHandler                                   ./Core/Startup/startup_stm32h7a3zitxq.o
CRS_IRQHandler                                    ./Core/Startup/startup_stm32h7a3zitxq.o
D1CorePrescTable                                  ./Core/Src/system_stm32h7xx.o
                                                  ./Drivers/STM32H7xx_HAL_Driver/Src/stm32h7xx_hal_rcc_ex.o
                                                  ./Drivers/STM32H7xx_HAL_Driver/Src/stm32h7xx_hal_rcc.o
                                                  ./Drivers/STM32H7xx_HAL_Driver/Src/stm32h7xx_hal.o
DAC2_IRQHandler                                   ./Core/Startup/startup_stm32h7a3zitxq.o
DCMI_PSSI_IRQHandler                              ./Core/Startup/startup_stm32h7a3zitxq.o
DFSDM1_FLT0_IRQHandler                            ./Core/Startup/startup_stm32h7a3zitxq.o
DFSDM1_FLT1_IRQHandler                            ./Core/Startup/startup_stm32h7a3zitxq.o
DFSDM1_FLT2_IRQHandler                            ./Core/Startup/startup_stm32h7a3zitxq.o
DFSDM1_FLT3_IRQHandler                            ./Core/Startup/startup_stm32h7a3zitxq.o
DFSDM1_FLT4_IRQHandler                            ./Core/Startup/startup_stm32h7a3zitxq.o
DFSDM1_FLT5_IRQHandler                            ./Core/Startup/startup_stm32h7a3zitxq.o
DFSDM1_FLT6_IRQHandler                            ./Core/Startup/startup_stm32h7a3zitxq.o
DFSDM1_FLT7_IRQHandler                            ./Core/Startup/startup_stm32h7a3zitxq.o
DFSDM2_IRQHandler                                 ./Core/Startup/startup_stm32h7a3zitxq.o
DMA1_Stream0_IRQHandler                           ./Core/Startup/startup_stm32h7a3zitxq.o
DMA1_Stream1_IRQHandler                           ./Core/Startup/startup_stm32h7a3zitxq.o
DMA1_Stream2_IRQHandler                           ./Core/Startup/startup_stm32h7a3zitxq.o
DMA1_Stream3_IRQHandler                           ./Core/Startup/startup_stm32h7a3zitxq.o
DMA1_Stream4_IRQHandler                           ./Core/Startup/startup_stm32h7a3zitxq.o
DMA1_Stream5_IRQHandler                           ./Core/Startup/startup_stm32h7a3zitxq.o
DMA1_Stream6_IRQHandler                           ./Core/Startup/startup_stm32h7a3zitxq.o
DMA1_Stream7_IRQHandler                           ./Core/Startup/startup_stm32h7a3zitxq.o
DMA2D_IRQHandler                                  ./Core/Startup/startup_stm32h7a3zitxq.o
DMA2_Stream0_IRQHandler                           ./Core/Startup/startup_stm32h7a3zitxq.o
DMA2_Stream1_IRQHandler                           ./Core/Startup/startup_stm32h7a3zitxq.o
DMA2_Stream2_IRQHandler                           ./Core/Startup/startup_stm32h7a3zitxq.o
DMA2_Stream3_IRQHandler                           ./Core/Startup/startup_stm32h7a3zitxq.o
DMA2_Stream4_IRQHandler                           ./Core/Startup/startup_stm32h7a3zitxq.o
DMA2_Stream5_IRQHandler                           ./Core/Startup/startup_stm32h7a3zitxq.o
DMA2_Stream6_IRQHandler                           ./Core/Startup/startup_stm32h7a3zitxq.o
DMA2_Stream7_IRQHandler                           ./Core/Startup/startup_stm32h7a3zitxq.o
DMAMUX1_OVR_IRQHandler                            ./Core/Startup/startup_stm32h7a3zitxq.o
DMAMUX2_OVR_IRQHandler                            ./Core/Startup/startup_stm32h7a3zitxq.o
DTS_IRQHandler                                    ./Core/Startup/startup_stm32h7a3zitxq.o
DebugMon_Handler                                  ./Core/Src/stm32h7xx_it.o
Default_Handler                                   ./Core/Startup/startup_stm32h7a3zitxq.o
ECC_IRQHandler                                    ./Core/Startup/startup_stm32h7a3zitxq.o
EXTI0_IRQHandler                                  ./Core/Startup/startup_stm32h7a3zitxq.o
EXTI15_10_IRQHandler                              ./Core/Startup/startup_stm32h7a3zitxq.o
EXTI1_IRQHandler                                  ./Core/Startup/startup_stm32h7a3zitxq.o
EXTI2_IRQHandler                                  ./Core/Startup/startup_stm32h7a3zitxq.o
EXTI3_IRQHandler                                  ./Core/Startup/startup_stm32h7a3zitxq.o
EXTI4_IRQHandler                                  ./Core/Startup/startup_stm32h7a3zitxq.o
EXTI9_5_IRQHandler                                ./Core/Startup/startup_stm32h7a3zitxq.o
Error_Handler                                     ./Core/Src/main.o
                                                  ./Core/Src/stm32h7xx_hal_msp.o
FDCAN1_IT0_IRQHandler                             ./Core/Startup/startup_stm32h7a3zitxq.o
FDCAN1_IT1_IRQHandler                             ./Core/Startup/startup_stm32h7a3zitxq.o
FDCAN2_IT0_IRQHandler                             ./Core/Startup/startup_stm32h7a3zitxq.o
FDCAN2_IT1_IRQHandler                             ./Core/Startup/startup_stm32h7a3zitxq.o
FDCAN_CAL_IRQHandler                              ./Core/Startup/startup_stm32h7a3zitxq.o
FDCAN_Send_Bridge_Command                         ./Core/Src/main.o
FDCAN_Send_Bridge_Heartbeat                       ./Core/Src/main.o
                                                  ./Core/Src/stm32h7xx_it.o
FDCAN_Send_Bridge_Start                           ./Core/Src/main.o
FLASH_CRC_WaitForLastOperation                    ./Drivers/STM32H7xx_HAL_Driver/Src/stm32h7xx_hal_flash.o
                                                  ./Drivers/STM32H7xx_HAL_Driver/Src/stm32h7xx_hal_flash_ex.o
FLASH_Erase_Sector                                ./Drivers/STM32H7xx_HAL_Driver/Src/stm32h7xx_hal_flash_ex.o
                                                  ./Drivers/STM32H7xx_HAL_Driver/Src/stm32h7xx_hal_flash.o
FLASH_IRQHandler                                  ./Core/Startup/startup_stm32h7a3zitxq.o
FLASH_OB_WaitForLastOperation                     ./Drivers/STM32H7xx_HAL_Driver/Src/stm32h7xx_hal_flash.o
                                                  ./Drivers/STM32H7xx_HAL_Driver/Src/stm32h7xx_hal_flash_ex.o
FLASH_WaitForLastOperation                        ./Drivers/STM32H7xx_HAL_Driver/Src/stm32h7xx_hal_flash.o
                                                  ./Drivers/STM32H7xx_HAL_Driver/Src/stm32h7xx_hal_flash_ex.o
FMC_IRQHandler                                    ./Core/Startup/startup_stm32h7a3zitxq.o
FPU_IRQHandler                                    ./Core/Startup/startup_stm32h7a3zitxq.o
GFXMMU_IRQHandler                                 ./Core/Startup/startup_stm32h7a3zitxq.o
HAL_DBGMCU_DisableDBGSleepMode                    ./Drivers/STM32H7xx_HAL_Driver/Src/stm32h7xx_hal.o
HAL_DBGMCU_DisableDBGStandbyMode                  ./Drivers/STM32H7xx_HAL_Driver/Src/stm32h7xx_hal.o
HAL_DBGMCU_DisableDBGStopMode                     ./Drivers/STM32H7xx_HAL_Driver/Src/stm32h7xx_hal.o
HAL_DBGMCU_EnableDBGSleepMode                     ./Drivers/STM32H7xx_HAL_Driver/Src/stm32h7xx_hal.o
HAL_DBGMCU_EnableDBGStandbyMode                   ./Drivers/STM32H7xx_HAL_Driver/Src/stm32h7xx_hal.o
HAL_DBGMCU_EnableDBGStopMode                      ./Drivers/STM32H7xx_HAL_Driver/Src/stm32h7xx_hal.o
HAL_DMAEx_ChangeMemory                            ./Drivers/STM32H7xx_HAL_Driver/Src/stm32h7xx_hal_dma_ex.o
HAL_DMAEx_ConfigMuxRequestGenerator               ./Drivers/STM32H7xx_HAL_Driver/Src/stm32h7xx_hal_dma_ex.o
HAL_DMAEx_ConfigMuxSync                           ./Drivers/STM32H7xx_HAL_Driver/Src/stm32h7xx_hal_dma_ex.o
HAL_DMAEx_DisableMuxRequestGenerator              ./Drivers/STM32H7xx_HAL_Driver/Src/stm32h7xx_hal_dma_ex.o
HAL_DMAEx_EnableMuxRequestGenerator               ./Drivers/STM32H7xx_HAL_Driver/Src/stm32h7xx_hal_dma_ex.o
HAL_DMAEx_MUX_IRQHandler                          ./Drivers/STM32H7xx_HAL_Driver/Src/stm32h7xx_hal_dma_ex.o
HAL_DMAEx_MultiBufferStart                        ./Drivers/STM32H7xx_HAL_Driver/Src/stm32h7xx_hal_dma_ex.o
HAL_DMAEx_MultiBufferStart_IT                     ./Drivers/STM32H7xx_HAL_Driver/Src/stm32h7xx_hal_dma_ex.o
HAL_DMA_Abort                                     ./Drivers/STM32H7xx_HAL_Driver/Src/stm32h7xx_hal_dma.o
                                                  ./Drivers/STM32H7xx_HAL_Driver/Src/stm32h7xx_hal_uart.o
HAL_DMA_Abort_IT                                  ./Drivers/STM32H7xx_HAL_Driver/Src/stm32h7xx_hal_dma.o
                                                  ./Drivers/STM32H7xx_HAL_Driver/Src/stm32h7xx_hal_uart.o
                                                  ./Drivers/STM32H7xx_HAL_Driver/Src/stm32h7xx_hal_tim_ex.o
                                                  ./Drivers/STM32H7xx_HAL_Driver/Src/stm32h7xx_hal_tim.o
                                                  ./Drivers/STM32H7xx_HAL_Driver/Src/stm32h7xx_hal_i2c.o
HAL_DMA_DeInit                                    ./Drivers/STM32H7xx_HAL_Driver/Src/stm32h7xx_hal_dma.o
HAL_DMA_GetError                                  ./Drivers/STM32H7xx_HAL_Driver/Src/stm32h7xx_hal_dma.o
                                                  ./Drivers/STM32H7xx_HAL_Driver/Src/stm32h7xx_hal_uart.o
                                                  ./Drivers/STM32H7xx_HAL_Driver/Src/stm32h7xx_hal_i2c.o
HAL_DMA_GetState                                  ./Drivers/STM32H7xx_HAL_Driver/Src/stm32h7xx_hal_dma.o
                                                  ./Drivers/STM32H7xx_HAL_Driver/Src/stm32h7xx_hal_i2c.o
HAL_DMA_IRQHandler                                ./Drivers/STM32H7xx_HAL_Driver/Src/stm32h7xx_hal_dma.o
HAL_DMA_Init                                      ./Drivers/STM32H7xx_HAL_Driver/Src/stm32h7xx_hal_dma.o
HAL_DMA_PollForTransfer                           ./Drivers/STM32H7xx_HAL_Driver/Src/stm32h7xx_hal_dma.o
HAL_DMA_RegisterCallback                          ./Drivers/STM32H7xx_HAL_Driver/Src/stm32h7xx_hal_dma.o
HAL_DMA_Start                                     ./Drivers/STM32H7xx_HAL_Driver/Src/stm32h7xx_hal_dma.o
HAL_DMA_Start_IT                                  ./Drivers/STM32H7xx_HAL_Driver/Src/stm32h7xx_hal_dma.o
                                                  ./Drivers/STM32H7xx_HAL_Driver/Src/stm32h7xx_hal_uart.o
                                                  ./Drivers/STM32H7xx_HAL_Driver/Src/stm32h7xx_hal_tim_ex.o
                                                  ./Drivers/STM32H7xx_HAL_Driver/Src/stm32h7xx_hal_tim.o
                                                  ./Drivers/STM32H7xx_HAL_Driver/Src/stm32h7xx_hal_i2c.o
HAL_DMA_UnRegisterCallback                        ./Drivers/STM32H7xx_HAL_Driver/Src/stm32h7xx_hal_dma.o
HAL_DeInit                                        ./Drivers/STM32H7xx_HAL_Driver/Src/stm32h7xx_hal.o
HAL_Delay                                         ./Drivers/STM32H7xx_HAL_Driver/Src/stm32h7xx_hal.o
                                                  ./Core/Src/main.o
HAL_DisableCompensationCell                       ./Drivers/STM32H7xx_HAL_Driver/Src/stm32h7xx_hal.o
HAL_DisableDomain3DBGStandbyMode                  ./Drivers/STM32H7xx_HAL_Driver/Src/stm32h7xx_hal.o
HAL_DisableDomain3DBGStopMode                     ./Drivers/STM32H7xx_HAL_Driver/Src/stm32h7xx_hal.o
HAL_EXTI_ClearConfigLine                          ./Drivers/STM32H7xx_HAL_Driver/Src/stm32h7xx_hal_exti.o
HAL_EXTI_ClearPending                             ./Drivers/STM32H7xx_HAL_Driver/Src/stm32h7xx_hal_exti.o
HAL_EXTI_D1_ClearFlag                             ./Drivers/STM32H7xx_HAL_Driver/Src/stm32h7xx_hal.o
HAL_EXTI_D1_EventInputConfig                      ./Drivers/STM32H7xx_HAL_Driver/Src/stm32h7xx_hal.o
HAL_EXTI_D3_EventInputConfig                      ./Drivers/STM32H7xx_HAL_Driver/Src/stm32h7xx_hal.o
HAL_EXTI_EdgeConfig                               ./Drivers/STM32H7xx_HAL_Driver/Src/stm32h7xx_hal.o
HAL_EXTI_GenerateSWI                              ./Drivers/STM32H7xx_HAL_Driver/Src/stm32h7xx_hal_exti.o
HAL_EXTI_GenerateSWInterrupt                      ./Drivers/STM32H7xx_HAL_Driver/Src/stm32h7xx_hal.o
HAL_EXTI_GetConfigLine                            ./Drivers/STM32H7xx_HAL_Driver/Src/stm32h7xx_hal_exti.o
HAL_EXTI_GetHandle                                ./Drivers/STM32H7xx_HAL_Driver/Src/stm32h7xx_hal_exti.o
HAL_EXTI_GetPending                               ./Drivers/STM32H7xx_HAL_Driver/Src/stm32h7xx_hal_exti.o
HAL_EXTI_IRQHandler                               ./Drivers/STM32H7xx_HAL_Driver/Src/stm32h7xx_hal_exti.o
HAL_EXTI_RegisterCallback                         ./Drivers/STM32H7xx_HAL_Driver/Src/stm32h7xx_hal_exti.o
HAL_EXTI_SetConfigLine                            ./Drivers/STM32H7xx_HAL_Driver/Src/stm32h7xx_hal_exti.o
HAL_EnableCompensationCell                        ./Drivers/STM32H7xx_HAL_Driver/Src/stm32h7xx_hal.o
HAL_EnableDomain3DBGStandbyMode                   ./Drivers/STM32H7xx_HAL_Driver/Src/stm32h7xx_hal.o
HAL_EnableDomain3DBGStopMode                      ./Drivers/STM32H7xx_HAL_Driver/Src/stm32h7xx_hal.o
HAL_FDCAN_AbortTxRequest                          ./Drivers/STM32H7xx_HAL_Driver/Src/stm32h7xx_hal_fdcan.o
HAL_FDCAN_ActivateNotification                    ./Drivers/STM32H7xx_HAL_Driver/Src/stm32h7xx_hal_fdcan.o
                                                  ./Core/Src/main.o
HAL_FDCAN_AddMessageToTxBuffer                    ./Drivers/STM32H7xx_HAL_Driver/Src/stm32h7xx_hal_fdcan.o
HAL_FDCAN_AddMessageToTxFifoQ                     ./Drivers/STM32H7xx_HAL_Driver/Src/stm32h7xx_hal_fdcan.o
                                                  ./Core/Src/main.o
HAL_FDCAN_ClockCalibrationCallback                ./Drivers/STM32H7xx_HAL_Driver/Src/stm32h7xx_hal_fdcan.o
HAL_FDCAN_ConfigClockCalibration                  ./Drivers/STM32H7xx_HAL_Driver/Src/stm32h7xx_hal_fdcan.o
HAL_FDCAN_ConfigExtendedIdMask                    ./Drivers/STM32H7xx_HAL_Driver/Src/stm32h7xx_hal_fdcan.o
HAL_FDCAN_ConfigFifoWatermark                     ./Drivers/STM32H7xx_HAL_Driver/Src/stm32h7xx_hal_fdcan.o
HAL_FDCAN_ConfigFilter                            ./Drivers/STM32H7xx_HAL_Driver/Src/stm32h7xx_hal_fdcan.o
HAL_FDCAN_ConfigGlobalFilter                      ./Drivers/STM32H7xx_HAL_Driver/Src/stm32h7xx_hal_fdcan.o
HAL_FDCAN_ConfigInterruptLines                    ./Drivers/STM32H7xx_HAL_Driver/Src/stm32h7xx_hal_fdcan.o
HAL_FDCAN_ConfigRamWatchdog                       ./Drivers/STM32H7xx_HAL_Driver/Src/stm32h7xx_hal_fdcan.o
HAL_FDCAN_ConfigRxFifoOverwrite                   ./Drivers/STM32H7xx_HAL_Driver/Src/stm32h7xx_hal_fdcan.o
HAL_FDCAN_ConfigTimeoutCounter                    ./Drivers/STM32H7xx_HAL_Driver/Src/stm32h7xx_hal_fdcan.o
HAL_FDCAN_ConfigTimestampCounter                  ./Drivers/STM32H7xx_HAL_Driver/Src/stm32h7xx_hal_fdcan.o
HAL_FDCAN_ConfigTxDelayCompensation               ./Drivers/STM32H7xx_HAL_Driver/Src/stm32h7xx_hal_fdcan.o
HAL_FDCAN_DeInit                                  ./Drivers/STM32H7xx_HAL_Driver/Src/stm32h7xx_hal_fdcan.o
HAL_FDCAN_DeactivateNotification                  ./Drivers/STM32H7xx_HAL_Driver/Src/stm32h7xx_hal_fdcan.o
HAL_FDCAN_DisableEdgeFiltering                    ./Drivers/STM32H7xx_HAL_Driver/Src/stm32h7xx_hal_fdcan.o
HAL_FDCAN_DisableISOMode                          ./Drivers/STM32H7xx_HAL_Driver/Src/stm32h7xx_hal_fdcan.o
HAL_FDCAN_DisableTimeoutCounter                   ./Drivers/STM32H7xx_HAL_Driver/Src/stm32h7xx_hal_fdcan.o
HAL_FDCAN_DisableTimestampCounter                 ./Drivers/STM32H7xx_HAL_Driver/Src/stm32h7xx_hal_fdcan.o
HAL_FDCAN_DisableTxDelayCompensation              ./Drivers/STM32H7xx_HAL_Driver/Src/stm32h7xx_hal_fdcan.o
HAL_FDCAN_EnableEdgeFiltering                     ./Drivers/STM32H7xx_HAL_Driver/Src/stm32h7xx_hal_fdcan.o
HAL_FDCAN_EnableISOMode                           ./Drivers/STM32H7xx_HAL_Driver/Src/stm32h7xx_hal_fdcan.o
HAL_FDCAN_EnableTimeoutCounter                    ./Drivers/STM32H7xx_HAL_Driver/Src/stm32h7xx_hal_fdcan.o
HAL_FDCAN_EnableTimestampCounter                  ./Drivers/STM32H7xx_HAL_Driver/Src/stm32h7xx_hal_fdcan.o
HAL_FDCAN_EnableTxBufferRequest                   ./Drivers/STM32H7xx_HAL_Driver/Src/stm32h7xx_hal_fdcan.o
HAL_FDCAN_EnableTxDelayCompensation               ./Drivers/STM32H7xx_HAL_Driver/Src/stm32h7xx_hal_fdcan.o
HAL_FDCAN_EnterPowerDownMode                      ./Drivers/STM32H7xx_HAL_Driver/Src/stm32h7xx_hal_fdcan.o
HAL_FDCAN_ErrorCallback                           ./Drivers/STM32H7xx_HAL_Driver/Src/stm32h7xx_hal_fdcan.o
HAL_FDCAN_ErrorStatusCallback                     ./Drivers/STM32H7xx_HAL_Driver/Src/stm32h7xx_hal_fdcan.o
HAL_FDCAN_ExitPowerDownMode                       ./Drivers/STM32H7xx_HAL_Driver/Src/stm32h7xx_hal_fdcan.o
HAL_FDCAN_ExitRestrictedOperationMode             ./Drivers/STM32H7xx_HAL_Driver/Src/stm32h7xx_hal_fdcan.o
HAL_FDCAN_GetClockCalibrationCounter              ./Drivers/STM32H7xx_HAL_Driver/Src/stm32h7xx_hal_fdcan.o
HAL_FDCAN_GetClockCalibrationState                ./Drivers/STM32H7xx_HAL_Driver/Src/stm32h7xx_hal_fdcan.o
HAL_FDCAN_GetError                                ./Drivers/STM32H7xx_HAL_Driver/Src/stm32h7xx_hal_fdcan.o
HAL_FDCAN_GetErrorCounters                        ./Drivers/STM32H7xx_HAL_Driver/Src/stm32h7xx_hal_fdcan.o
HAL_FDCAN_GetHighPriorityMessageStatus            ./Drivers/STM32H7xx_HAL_Driver/Src/stm32h7xx_hal_fdcan.o
HAL_FDCAN_GetLatestTxFifoQRequestBuffer           ./Drivers/STM32H7xx_HAL_Driver/Src/stm32h7xx_hal_fdcan.o
HAL_FDCAN_GetProtocolStatus                       ./Drivers/STM32H7xx_HAL_Driver/Src/stm32h7xx_hal_fdcan.o
HAL_FDCAN_GetRxFifoFillLevel                      ./Drivers/STM32H7xx_HAL_Driver/Src/stm32h7xx_hal_fdcan.o
HAL_FDCAN_GetRxMessage                            ./Drivers/STM32H7xx_HAL_Driver/Src/stm32h7xx_hal_fdcan.o
HAL_FDCAN_GetState                                ./Drivers/STM32H7xx_HAL_Driver/Src/stm32h7xx_hal_fdcan.o
HAL_FDCAN_GetTimeoutCounter                       ./Drivers/STM32H7xx_HAL_Driver/Src/stm32h7xx_hal_fdcan.o
HAL_FDCAN_GetTimestampCounter                     ./Drivers/STM32H7xx_HAL_Driver/Src/stm32h7xx_hal_fdcan.o
HAL_FDCAN_GetTxEvent                              ./Drivers/STM32H7xx_HAL_Driver/Src/stm32h7xx_hal_fdcan.o
HAL_FDCAN_GetTxFifoFreeLevel                      ./Drivers/STM32H7xx_HAL_Driver/Src/stm32h7xx_hal_fdcan.o
HAL_FDCAN_HighPriorityMessageCallback             ./Drivers/STM32H7xx_HAL_Driver/Src/stm32h7xx_hal_fdcan.o
HAL_FDCAN_IRQHandler                              ./Drivers/STM32H7xx_HAL_Driver/Src/stm32h7xx_hal_fdcan.o
HAL_FDCAN_Init                                    ./Drivers/STM32H7xx_HAL_Driver/Src/stm32h7xx_hal_fdcan.o
                                                  ./Core/Src/main.o
HAL_FDCAN_IsRestrictedOperationMode               ./Drivers/STM32H7xx_HAL_Driver/Src/stm32h7xx_hal_fdcan.o
HAL_FDCAN_IsRxBufferMessageAvailable              ./Drivers/STM32H7xx_HAL_Driver/Src/stm32h7xx_hal_fdcan.o
HAL_FDCAN_IsTxBufferMessagePending                ./Drivers/STM32H7xx_HAL_Driver/Src/stm32h7xx_hal_fdcan.o
HAL_FDCAN_MspDeInit                               ./Core/Src/stm32h7xx_hal_msp.o
HAL_FDCAN_MspInit                                 ./Core/Src/stm32h7xx_hal_msp.o
HAL_FDCAN_ResetClockCalibrationState              ./Drivers/STM32H7xx_HAL_Driver/Src/stm32h7xx_hal_fdcan.o
HAL_FDCAN_ResetTimeoutCounter                     ./Drivers/STM32H7xx_HAL_Driver/Src/stm32h7xx_hal_fdcan.o
HAL_FDCAN_ResetTimestampCounter                   ./Drivers/STM32H7xx_HAL_Driver/Src/stm32h7xx_hal_fdcan.o
HAL_FDCAN_RxBufferNewMessageCallback              ./Drivers/STM32H7xx_HAL_Driver/Src/stm32h7xx_hal_fdcan.o
HAL_FDCAN_RxFifo0Callback                         ./Drivers/STM32H7xx_HAL_Driver/Src/stm32h7xx_hal_fdcan.o
HAL_FDCAN_RxFifo1Callback                         ./Drivers/STM32H7xx_HAL_Driver/Src/stm32h7xx_hal_fdcan.o
HAL_FDCAN_Start                                   ./Drivers/STM32H7xx_HAL_Driver/Src/stm32h7xx_hal_fdcan.o
                                                  ./Core/Src/main.o
HAL_FDCAN_Stop                                    ./Drivers/STM32H7xx_HAL_Driver/Src/stm32h7xx_hal_fdcan.o
HAL_FDCAN_TT_ActivateNotification                 ./Drivers/STM32H7xx_HAL_Driver/Src/stm32h7xx_hal_fdcan.o
HAL_FDCAN_TT_ConfigExternalSyncPhase              ./Drivers/STM32H7xx_HAL_Driver/Src/stm32h7xx_hal_fdcan.o
HAL_FDCAN_TT_ConfigInterruptLines                 ./Drivers/STM32H7xx_HAL_Driver/Src/stm32h7xx_hal_fdcan.o
HAL_FDCAN_TT_ConfigOperation                      ./Drivers/STM32H7xx_HAL_Driver/Src/stm32h7xx_hal_fdcan.o
HAL_FDCAN_TT_ConfigReferenceMessage               ./Drivers/STM32H7xx_HAL_Driver/Src/stm32h7xx_hal_fdcan.o
HAL_FDCAN_TT_ConfigRegisterTimeMark               ./Drivers/STM32H7xx_HAL_Driver/Src/stm32h7xx_hal_fdcan.o
HAL_FDCAN_TT_ConfigStopWatch                      ./Drivers/STM32H7xx_HAL_Driver/Src/stm32h7xx_hal_fdcan.o
HAL_FDCAN_TT_ConfigTrigger                        ./Drivers/STM32H7xx_HAL_Driver/Src/stm32h7xx_hal_fdcan.o
HAL_FDCAN_TT_DeactivateNotification               ./Drivers/STM32H7xx_HAL_Driver/Src/stm32h7xx_hal_fdcan.o
HAL_FDCAN_TT_DisableExternalSynchronization       ./Drivers/STM32H7xx_HAL_Driver/Src/stm32h7xx_hal_fdcan.o
HAL_FDCAN_TT_DisableHardwareGapControl            ./Drivers/STM32H7xx_HAL_Driver/Src/stm32h7xx_hal_fdcan.o
HAL_FDCAN_TT_DisableRegisterTimeMarkPulse         ./Drivers/STM32H7xx_HAL_Driver/Src/stm32h7xx_hal_fdcan.o
HAL_FDCAN_TT_DisableTimeMarkGapControl            ./Drivers/STM32H7xx_HAL_Driver/Src/stm32h7xx_hal_fdcan.o
HAL_FDCAN_TT_DisableTriggerTimeMarkPulse          ./Drivers/STM32H7xx_HAL_Driver/Src/stm32h7xx_hal_fdcan.o
HAL_FDCAN_TT_EnableExternalSynchronization        ./Drivers/STM32H7xx_HAL_Driver/Src/stm32h7xx_hal_fdcan.o
HAL_FDCAN_TT_EnableHardwareGapControl             ./Drivers/STM32H7xx_HAL_Driver/Src/stm32h7xx_hal_fdcan.o
HAL_FDCAN_TT_EnableRegisterTimeMarkPulse          ./Drivers/STM32H7xx_HAL_Driver/Src/stm32h7xx_hal_fdcan.o
HAL_FDCAN_TT_EnableTimeMarkGapControl             ./Drivers/STM32H7xx_HAL_Driver/Src/stm32h7xx_hal_fdcan.o
HAL_FDCAN_TT_EnableTriggerTimeMarkPulse           ./Drivers/STM32H7xx_HAL_Driver/Src/stm32h7xx_hal_fdcan.o
HAL_FDCAN_TT_GetOperationStatus                   ./Drivers/STM32H7xx_HAL_Driver/Src/stm32h7xx_hal_fdcan.o
HAL_FDCAN_TT_GlobalTimeCallback                   ./Drivers/STM32H7xx_HAL_Driver/Src/stm32h7xx_hal_fdcan.o
HAL_FDCAN_TT_ScheduleSyncCallback                 ./Drivers/STM32H7xx_HAL_Driver/Src/stm32h7xx_hal_fdcan.o
HAL_FDCAN_TT_SetClockSynchronization              ./Drivers/STM32H7xx_HAL_Driver/Src/stm32h7xx_hal_fdcan.o
HAL_FDCAN_TT_SetEndOfGap                          ./Drivers/STM32H7xx_HAL_Driver/Src/stm32h7xx_hal_fdcan.o
HAL_FDCAN_TT_SetGlobalTime                        ./Drivers/STM32H7xx_HAL_Driver/Src/stm32h7xx_hal_fdcan.o
HAL_FDCAN_TT_SetNextIsGap                         ./Drivers/STM32H7xx_HAL_Driver/Src/stm32h7xx_hal_fdcan.o
HAL_FDCAN_TT_StopWatchCallback                    ./Drivers/STM32H7xx_HAL_Driver/Src/stm32h7xx_hal_fdcan.o
HAL_FDCAN_TT_TimeMarkCallback                     ./Drivers/STM32H7xx_HAL_Driver/Src/stm32h7xx_hal_fdcan.o
HAL_FDCAN_TimeoutOccurredCallback                 ./Drivers/STM32H7xx_HAL_Driver/Src/stm32h7xx_hal_fdcan.o
HAL_FDCAN_TimestampWraparoundCallback             ./Drivers/STM32H7xx_HAL_Driver/Src/stm32h7xx_hal_fdcan.o
HAL_FDCAN_TxBufferAbortCallback                   ./Drivers/STM32H7xx_HAL_Driver/Src/stm32h7xx_hal_fdcan.o
HAL_FDCAN_TxBufferCompleteCallback                ./Drivers/STM32H7xx_HAL_Driver/Src/stm32h7xx_hal_fdcan.o
HAL_FDCAN_TxEventFifoCallback                     ./Drivers/STM32H7xx_HAL_Driver/Src/stm32h7xx_hal_fdcan.o
HAL_FDCAN_TxFifoEmptyCallback                     ./Drivers/STM32H7xx_HAL_Driver/Src/stm32h7xx_hal_fdcan.o
HAL_FLASHEx_ComputeCRC                            ./Drivers/STM32H7xx_HAL_Driver/Src/stm32h7xx_hal_flash_ex.o
HAL_FLASHEx_Erase                                 ./Drivers/STM32H7xx_HAL_Driver/Src/stm32h7xx_hal_flash_ex.o
HAL_FLASHEx_Erase_IT                              ./Drivers/STM32H7xx_HAL_Driver/Src/stm32h7xx_hal_flash_ex.o
HAL_FLASHEx_Lock_Bank1                            ./Drivers/STM32H7xx_HAL_Driver/Src/stm32h7xx_hal_flash_ex.o
HAL_FLASHEx_Lock_Bank2                            ./Drivers/STM32H7xx_HAL_Driver/Src/stm32h7xx_hal_flash_ex.o
HAL_FLASHEx_OBGetConfig                           ./Drivers/STM32H7xx_HAL_Driver/Src/stm32h7xx_hal_flash_ex.o
HAL_FLASHEx_OBProgram                             ./Drivers/STM32H7xx_HAL_Driver/Src/stm32h7xx_hal_flash_ex.o
HAL_FLASHEx_Unlock_Bank1                          ./Drivers/STM32H7xx_HAL_Driver/Src/stm32h7xx_hal_flash_ex.o
HAL_FLASHEx_Unlock_Bank2                          ./Drivers/STM32H7xx_HAL_Driver/Src/stm32h7xx_hal_flash_ex.o
HAL_FLASH_EndOfOperationCallback                  ./Drivers/STM32H7xx_HAL_Driver/Src/stm32h7xx_hal_flash.o
HAL_FLASH_GetError                                ./Drivers/STM32H7xx_HAL_Driver/Src/stm32h7xx_hal_flash.o
HAL_FLASH_IRQHandler                              ./Drivers/STM32H7xx_HAL_Driver/Src/stm32h7xx_hal_flash.o
HAL_FLASH_Lock                                    ./Drivers/STM32H7xx_HAL_Driver/Src/stm32h7xx_hal_flash.o
HAL_FLASH_OB_Launch                               ./Drivers/STM32H7xx_HAL_Driver/Src/stm32h7xx_hal_flash.o
HAL_FLASH_OB_Lock                                 ./Drivers/STM32H7xx_HAL_Driver/Src/stm32h7xx_hal_flash.o
HAL_FLASH_OB_Unlock                               ./Drivers/STM32H7xx_HAL_Driver/Src/stm32h7xx_hal_flash.o
HAL_FLASH_OperationErrorCallback                  ./Drivers/STM32H7xx_HAL_Driver/Src/stm32h7xx_hal_flash.o
HAL_FLASH_Program                                 ./Drivers/STM32H7xx_HAL_Driver/Src/stm32h7xx_hal_flash.o
HAL_FLASH_Program_IT                              ./Drivers/STM32H7xx_HAL_Driver/Src/stm32h7xx_hal_flash.o
HAL_FLASH_Unlock                                  ./Drivers/STM32H7xx_HAL_Driver/Src/stm32h7xx_hal_flash.o
HAL_GPIO_DeInit                                   ./Drivers/STM32H7xx_HAL_Driver/Src/stm32h7xx_hal_gpio.o
                                                  ./Core/Src/stm32h7xx_hal_msp.o
HAL_GPIO_EXTI_Callback                            ./Drivers/STM32H7xx_HAL_Driver/Src/stm32h7xx_hal_gpio.o
HAL_GPIO_EXTI_IRQHandler                          ./Drivers/STM32H7xx_HAL_Driver/Src/stm32h7xx_hal_gpio.o
HAL_GPIO_Init                                     ./Drivers/STM32H7xx_HAL_Driver/Src/stm32h7xx_hal_gpio.o
                                                  ./Drivers/STM32H7xx_HAL_Driver/Src/stm32h7xx_hal_rcc.o
                                                  ./Core/Src/stm32h7xx_hal_msp.o
                                                  ./Core/Src/main.o
HAL_GPIO_LockPin                                  ./Drivers/STM32H7xx_HAL_Driver/Src/stm32h7xx_hal_gpio.o
HAL_GPIO_ReadPin                                  ./Drivers/STM32H7xx_HAL_Driver/Src/stm32h7xx_hal_gpio.o