../Core/Src/main.c:79:5:main	8	static
../Core/Src/main.c:132:6:SystemClock_Config	96	static
../Core/Src/main.c:179:13:MX_FDCAN2_Init	8	static
../Core/Src/main.c:222:13:MX_TIM1_Init	40	static
../Core/Src/main.c:269:13:MX_GPIO_Init	48	static
../Core/Src/main.c:295:6:HAL_TIM_PeriodElapsedCallback	16	static
../Core/Src/main.c:301:6:FDCAN_Send_Bridge_Start	8	static
../Core/Src/main.c:320:6:FDCAN_Send_Bridge_Command	8	static
../Core/Src/main.c:345:6:FDCAN_Send_Bridge_Heartbeat	8	static
../Core/Src/main.c:368:6:Error_Handler	8	static,ignoring_inline_asm
