../Core/Src/main.c:81:5:main	32	static
../Core/Src/main.c:151:6:SystemClock_Config	96	static
../Core/Src/main.c:197:13:MX_FDCAN2_Init	8	static
../Core/Src/main.c:238:13:MX_TIM7_Init	24	static
../Core/Src/main.c:274:13:MX_TIM14_Init	8	static
../Core/Src/main.c:303:13:MX_GPIO_Init	48	static
../Core/Src/main.c:351:6:HAL_TIM_PeriodElapsedCallback	16	static
../Core/Src/main.c:375:6:readParams	8	static
../Core/Src/main.c:404:6:setParams	8	static
../Core/Src/main.c:428:10:EBZ_Init	16	static
../Core/Src/main.c:449:6:Error_Handler	8	static,ignoring_inline_asm
